2025-10-10 15:49:59,772 - INFO - __main__ 40 - Inicio de ejecucion.
2025-10-10 15:49:59,772 - INFO - src.loader 9 - Cargando dataset desde ./data/competencia.csv
2025-10-10 15:50:05,303 - INFO - __name__ 26 - Realizando feature engineering con 2 lags para 102 atributos
2025-10-10 15:50:13,792 - INFO - __name__ 54 - Feature engineering completado. DataFrame resultante con 359 columnas
2025-10-10 15:50:13,792 - INFO - __name__ 77 - Generando delta-lags con 2 desfases para 102 atributos
2025-10-10 15:50:22,456 - INFO - __name__ 119 - Delta-lags generados. DataFrame resultante con 359 columnas
2025-10-10 15:50:22,590 - INFO - __main__ 52 - Feature Engineering completado: (978439, 359)
2025-10-10 15:50:22,590 - INFO - __main__ 111 - === SIMULACIÓN DE KAGGLE ===
2025-10-10 15:50:23,479 - INFO - src.polars_split_simulation 156 - Aplicando undersampling (ratio=0.020) basado en clientes únicos con semilla 811157
2025-10-10 15:50:23,715 - INFO - src.polars_split_simulation 114 - Undersampling aplicado - clientes clase 0 retenidos: 3443, clientes clase 1: 3443
2025-10-10 15:50:23,850 - INFO - src.best_params 34 - Mejores hiperparámetros cargados desde resultados/Con_100trials_cv(us0.02)_iteraciones.json
2025-10-10 15:50:23,850 - INFO - src.best_params 35 - Mejor ganancia encontrada: 1,108,500,000
2025-10-10 15:50:23,850 - INFO - src.best_params 36 - Trial número: 75
2025-10-10 15:50:23,850 - INFO - src.best_params 37 - Parámetros: {'num_leaves': 249, 'learning_rate': 0.16998807802380042, 'feature_fraction': 0.5927276564372483, 'bagging_fraction': 0.7295321004156294, 'min_child_samples': 56, 'max_depth': 9, 'reg_alpha': 0.32887914288709735, 'reg_lambda': 5.933790912101683, 'bin': 31, 'min_data_in_leaf': 8, 'num_iterations': 372}
2025-10-10 15:50:23,850 - INFO - src.polars_split_simulation 184 - Iteración 1/50 - entrenando con semilla 133787859
2025-10-10 15:50:30,828 - INFO - src.polars_split_simulation 184 - Iteración 2/50 - entrenando con semilla 1460978240
2025-10-10 15:50:38,006 - INFO - src.polars_split_simulation 184 - Iteración 3/50 - entrenando con semilla 1823148161
2025-10-10 15:50:45,081 - INFO - src.polars_split_simulation 184 - Iteración 4/50 - entrenando con semilla 1959559590
2025-10-10 15:50:52,613 - INFO - src.polars_split_simulation 184 - Iteración 5/50 - entrenando con semilla 1015813243
2025-10-10 15:50:59,939 - INFO - src.polars_split_simulation 184 - Iteración 6/50 - entrenando con semilla 1903911612
2025-10-10 15:51:07,329 - INFO - src.polars_split_simulation 184 - Iteración 7/50 - entrenando con semilla 848705754
2025-10-10 15:51:14,872 - INFO - src.polars_split_simulation 184 - Iteración 8/50 - entrenando con semilla 2010478429
2025-10-10 15:51:21,941 - INFO - src.polars_split_simulation 184 - Iteración 9/50 - entrenando con semilla 1122412103
2025-10-10 15:51:28,941 - INFO - src.polars_split_simulation 184 - Iteración 10/50 - entrenando con semilla 1067535925
2025-10-10 15:51:35,867 - INFO - src.polars_split_simulation 184 - Iteración 11/50 - entrenando con semilla 993157154
2025-10-10 15:51:42,833 - INFO - src.polars_split_simulation 184 - Iteración 12/50 - entrenando con semilla 350478135
2025-10-10 15:51:49,836 - INFO - src.polars_split_simulation 184 - Iteración 13/50 - entrenando con semilla 1317183205
2025-10-10 15:51:56,859 - INFO - src.polars_split_simulation 184 - Iteración 14/50 - entrenando con semilla 1562216900
2025-10-10 15:52:03,870 - INFO - src.polars_split_simulation 184 - Iteración 15/50 - entrenando con semilla 1586118559
2025-10-10 15:52:10,941 - INFO - src.polars_split_simulation 184 - Iteración 16/50 - entrenando con semilla 1652125044
2025-10-10 15:52:18,313 - INFO - src.polars_split_simulation 184 - Iteración 17/50 - entrenando con semilla 915358087
2025-10-10 15:52:25,424 - INFO - src.polars_split_simulation 184 - Iteración 18/50 - entrenando con semilla 280475318
2025-10-10 15:52:32,551 - INFO - src.polars_split_simulation 184 - Iteración 19/50 - entrenando con semilla 1275578828
2025-10-10 15:52:39,700 - INFO - src.polars_split_simulation 184 - Iteración 20/50 - entrenando con semilla 799337665
2025-10-10 15:52:46,913 - INFO - src.polars_split_simulation 184 - Iteración 21/50 - entrenando con semilla 1421961414
2025-10-10 15:52:54,175 - INFO - src.polars_split_simulation 184 - Iteración 22/50 - entrenando con semilla 1636988341
2025-10-10 15:53:01,466 - INFO - src.polars_split_simulation 184 - Iteración 23/50 - entrenando con semilla 568104794
2025-10-10 15:53:08,686 - INFO - src.polars_split_simulation 184 - Iteración 24/50 - entrenando con semilla 95102487
2025-10-10 15:53:15,925 - INFO - src.polars_split_simulation 184 - Iteración 25/50 - entrenando con semilla 988887123
2025-10-10 15:53:23,217 - INFO - src.polars_split_simulation 184 - Iteración 26/50 - entrenando con semilla 39670879
2025-10-10 15:53:30,551 - INFO - src.polars_split_simulation 184 - Iteración 27/50 - entrenando con semilla 993318093
2025-10-10 15:53:37,871 - INFO - src.polars_split_simulation 184 - Iteración 28/50 - entrenando con semilla 269855850
2025-10-10 15:53:45,267 - INFO - src.polars_split_simulation 184 - Iteración 29/50 - entrenando con semilla 1689259341
2025-10-10 15:53:52,630 - INFO - src.polars_split_simulation 184 - Iteración 30/50 - entrenando con semilla 2047036215
2025-10-10 15:53:59,921 - INFO - src.polars_split_simulation 184 - Iteración 31/50 - entrenando con semilla 624757001
2025-10-10 15:54:07,313 - INFO - src.polars_split_simulation 184 - Iteración 32/50 - entrenando con semilla 839638007
2025-10-10 15:54:14,730 - INFO - src.polars_split_simulation 184 - Iteración 33/50 - entrenando con semilla 438181735
2025-10-10 15:54:22,149 - INFO - src.polars_split_simulation 184 - Iteración 34/50 - entrenando con semilla 39780696
2025-10-10 15:54:29,517 - INFO - src.polars_split_simulation 184 - Iteración 35/50 - entrenando con semilla 3400030
2025-10-10 15:54:36,808 - INFO - src.polars_split_simulation 184 - Iteración 36/50 - entrenando con semilla 608309318
2025-10-10 15:54:44,144 - INFO - src.polars_split_simulation 184 - Iteración 37/50 - entrenando con semilla 733617681
2025-10-10 15:54:51,595 - INFO - src.polars_split_simulation 184 - Iteración 38/50 - entrenando con semilla 1199731831
2025-10-10 15:54:59,028 - INFO - src.polars_split_simulation 184 - Iteración 39/50 - entrenando con semilla 910123241
2025-10-10 15:55:06,471 - INFO - src.polars_split_simulation 184 - Iteración 40/50 - entrenando con semilla 511373452
2025-10-10 15:55:13,776 - INFO - src.polars_split_simulation 184 - Iteración 41/50 - entrenando con semilla 800062015
2025-10-10 15:55:21,167 - INFO - src.polars_split_simulation 184 - Iteración 42/50 - entrenando con semilla 369000554
2025-10-10 15:55:28,712 - INFO - src.polars_split_simulation 184 - Iteración 43/50 - entrenando con semilla 1398688944
2025-10-10 15:55:36,206 - INFO - src.polars_split_simulation 184 - Iteración 44/50 - entrenando con semilla 8128683
2025-10-10 15:55:43,589 - INFO - src.polars_split_simulation 184 - Iteración 45/50 - entrenando con semilla 260118384
2025-10-10 15:55:51,051 - INFO - src.polars_split_simulation 184 - Iteración 46/50 - entrenando con semilla 1325535107
2025-10-10 15:55:58,641 - INFO - src.polars_split_simulation 184 - Iteración 47/50 - entrenando con semilla 220842646
2025-10-10 15:56:05,964 - INFO - src.polars_split_simulation 184 - Iteración 48/50 - entrenando con semilla 639703395
2025-10-10 15:56:13,301 - INFO - src.polars_split_simulation 184 - Iteración 49/50 - entrenando con semilla 1763424030
2025-10-10 15:56:20,773 - INFO - src.polars_split_simulation 184 - Iteración 50/50 - entrenando con semilla 1856198386
2025-10-10 15:56:28,376 - INFO - src.polars_split_simulation 279 - Resultados guardados en resultados\Con_100trials_cv(us0.02)_polars_split_20251010_155023.json
2025-10-10 15:56:28,393 - INFO - __main__ 121 - 📝 Log detallado: logs/log_Con_100trials_cv(us0.02)_2025-10-10_15_49_59.log
2025-10-10 15:56:28,393 - INFO - __main__ 123 - >>> Ejecución finalizada. Revisar logs para mas detalles.
