2025-10-10 10:02:00,152 - INFO - __main__ 39 - Inicio de ejecucion.
2025-10-10 10:02:00,153 - INFO - src.loader 9 - Cargando dataset desde ./data/competencia.csv
2025-10-10 10:02:06,885 - INFO - __name__ 26 - Realizando feature engineering con 2 lags para 102 atributos
2025-10-10 10:02:16,622 - INFO - __name__ 54 - Feature engineering completado. DataFrame resultante con 359 columnas
2025-10-10 10:02:16,622 - INFO - __name__ 77 - Generando delta-lags con 2 desfases para 102 atributos
2025-10-10 10:02:26,423 - INFO - __name__ 119 - Delta-lags generados. DataFrame resultante con 359 columnas
2025-10-10 10:02:26,565 - INFO - __main__ 51 - Feature Engineering completado: (978439, 359)
2025-10-10 10:02:26,565 - INFO - __main__ 71 - === EVALUACIÓN EN CONJUNTO DE TEST ===
2025-10-10 10:02:26,566 - INFO - src.best_params 34 - Mejores hiperparámetros cargados desde resultados/Con_100trials_cv(us0.02)_iteraciones.json
2025-10-10 10:02:26,566 - INFO - src.best_params 35 - Mejor ganancia encontrada: 1,108,500,000
2025-10-10 10:02:26,566 - INFO - src.best_params 36 - Trial número: 75
2025-10-10 10:02:26,566 - INFO - src.best_params 37 - Parámetros: {'num_leaves': 249, 'learning_rate': 0.16998807802380042, 'feature_fraction': 0.5927276564372483, 'bagging_fraction': 0.7295321004156294, 'min_child_samples': 56, 'max_depth': 9, 'reg_alpha': 0.32887914288709735, 'reg_lambda': 5.933790912101683, 'bin': 31, 'min_data_in_leaf': 8, 'num_iterations': 372}
2025-10-10 10:02:26,566 - INFO - src.test_evaluation 36 - Período de test: 202104
2025-10-10 10:02:28,313 - INFO - src.loader 33 - Convirtiendo clase_ternaria a target binario
2025-10-10 10:02:28,528 - INFO - src.loader 52 - Conversión completada:
2025-10-10 10:02:28,528 - INFO - src.loader 53 -   Original - CONTINUA: 971054, BAJA+1: 3447, BAJA+2: 3938
2025-10-10 10:02:28,528 - INFO - src.loader 54 -   Binario - 0: 971054, 1: 7385
2025-10-10 10:02:28,529 - INFO - src.loader 55 -   Distribución: 0.75% casos positivos
2025-10-10 10:02:28,529 - INFO - src.loader 33 - Convirtiendo clase_ternaria a target binario
2025-10-10 10:02:28,686 - INFO - src.loader 52 - Conversión completada:
2025-10-10 10:02:28,686 - INFO - src.loader 53 -   Original - CONTINUA: 971054, BAJA+1: 3447, BAJA+2: 3938
2025-10-10 10:02:28,686 - INFO - src.loader 54 -   Binario - 0: 974501, 1: 3938
2025-10-10 10:02:28,686 - INFO - src.loader 55 -   Distribución: 0.40% casos positivos
2025-10-10 10:02:29,644 - INFO - src.test_evaluation 57 - Aplicando undersampling (ratio=0.02) en entrenamiento
2025-10-10 10:02:30,123 - INFO - src.test_evaluation 81 - Semilla de entrenamiento: 811157
2025-10-10 10:02:34,418 - INFO - src.test_evaluation 168 - Resultados guardados en resultados/Con_100trials_cv(us0.02)_test_results_20251010_100234.json
2025-10-10 10:02:34,418 - INFO - __main__ 84 - === RESUMEN DE EVALUACIÓN EN TEST ===
2025-10-10 10:02:34,418 - INFO - __main__ 85 - ✅ Ganancia en test: 2,147,467,296
2025-10-10 10:02:34,418 - INFO - __main__ 87 - === GRAFICO DE TEST ===
2025-10-10 10:02:34,418 - INFO - src.grafico_test 373 - === INICIANDO GENERACIÓN DE GRÁFICO DE TEST CON MÚLTIPLES SEMILLAS ===
2025-10-10 10:02:34,419 - INFO - src.best_params 34 - Mejores hiperparámetros cargados desde resultados/Con_100trials_cv(us0.02)_iteraciones.json
2025-10-10 10:02:34,419 - INFO - src.best_params 35 - Mejor ganancia encontrada: 1,108,500,000
2025-10-10 10:02:34,419 - INFO - src.best_params 36 - Trial número: 75
2025-10-10 10:02:34,419 - INFO - src.best_params 37 - Parámetros: {'num_leaves': 249, 'learning_rate': 0.16998807802380042, 'feature_fraction': 0.5927276564372483, 'bagging_fraction': 0.7295321004156294, 'min_child_samples': 56, 'max_depth': 9, 'reg_alpha': 0.32887914288709735, 'reg_lambda': 5.933790912101683, 'bin': 31, 'min_data_in_leaf': 8, 'num_iterations': 372}
2025-10-10 10:02:35,279 - INFO - src.loader 33 - Convirtiendo clase_ternaria a target binario
2025-10-10 10:02:35,415 - INFO - src.loader 52 - Conversión completada:
2025-10-10 10:02:35,415 - INFO - src.loader 53 -   Original - CONTINUA: 971054, BAJA+1: 3447, BAJA+2: 3938
2025-10-10 10:02:35,415 - INFO - src.loader 54 -   Binario - 0: 974501, 1: 3938
2025-10-10 10:02:35,415 - INFO - src.loader 55 -   Distribución: 0.40% casos positivos
2025-10-10 10:02:35,798 - INFO - src.grafico_test 393 - Entrenando con semilla 156071 (1/5)
2025-10-10 10:02:35,798 - INFO - src.test_evaluation 36 - Período de test: 202104
2025-10-10 10:02:37,324 - INFO - src.loader 33 - Convirtiendo clase_ternaria a target binario
2025-10-10 10:02:37,480 - INFO - src.loader 52 - Conversión completada:
2025-10-10 10:02:37,481 - INFO - src.loader 53 -   Original - CONTINUA: 971054, BAJA+1: 3447, BAJA+2: 3938
2025-10-10 10:02:37,481 - INFO - src.loader 54 -   Binario - 0: 971054, 1: 7385
2025-10-10 10:02:37,481 - INFO - src.loader 55 -   Distribución: 0.75% casos positivos
2025-10-10 10:02:37,481 - INFO - src.loader 33 - Convirtiendo clase_ternaria a target binario
2025-10-10 10:02:37,616 - INFO - src.loader 52 - Conversión completada:
2025-10-10 10:02:37,616 - INFO - src.loader 53 -   Original - CONTINUA: 971054, BAJA+1: 3447, BAJA+2: 3938
2025-10-10 10:02:37,616 - INFO - src.loader 54 -   Binario - 0: 974501, 1: 3938
2025-10-10 10:02:37,616 - INFO - src.loader 55 -   Distribución: 0.40% casos positivos
2025-10-10 10:02:38,742 - INFO - src.test_evaluation 57 - Aplicando undersampling (ratio=0.02) en entrenamiento
2025-10-10 10:02:39,359 - INFO - src.test_evaluation 81 - Semilla de entrenamiento: 156071
2025-10-10 10:05:41,658 - INFO - src.grafico_test 420 -   - Ganancia máxima con semilla 156071: 328,880,000
2025-10-10 10:05:41,658 - INFO - src.grafico_test 393 - Entrenando con semilla 712289 (2/5)
2025-10-10 10:05:41,658 - INFO - src.test_evaluation 36 - Período de test: 202104
2025-10-10 10:05:43,482 - INFO - src.loader 33 - Convirtiendo clase_ternaria a target binario
2025-10-10 10:05:43,683 - INFO - src.loader 52 - Conversión completada:
2025-10-10 10:05:43,683 - INFO - src.loader 53 -   Original - CONTINUA: 971054, BAJA+1: 3447, BAJA+2: 3938
2025-10-10 10:05:43,683 - INFO - src.loader 54 -   Binario - 0: 971054, 1: 7385
2025-10-10 10:05:43,683 - INFO - src.loader 55 -   Distribución: 0.75% casos positivos
2025-10-10 10:05:43,683 - INFO - src.loader 33 - Convirtiendo clase_ternaria a target binario
2025-10-10 10:05:43,834 - INFO - src.loader 52 - Conversión completada:
2025-10-10 10:05:43,834 - INFO - src.loader 53 -   Original - CONTINUA: 971054, BAJA+1: 3447, BAJA+2: 3938
2025-10-10 10:05:43,834 - INFO - src.loader 54 -   Binario - 0: 974501, 1: 3938
2025-10-10 10:05:43,834 - INFO - src.loader 55 -   Distribución: 0.40% casos positivos
2025-10-10 10:05:44,847 - INFO - src.test_evaluation 57 - Aplicando undersampling (ratio=0.02) en entrenamiento
2025-10-10 10:05:45,346 - INFO - src.test_evaluation 81 - Semilla de entrenamiento: 712289
2025-10-10 10:08:46,676 - INFO - src.grafico_test 420 -   - Ganancia máxima con semilla 712289: 343,500,000
2025-10-10 10:08:46,676 - INFO - src.grafico_test 393 - Entrenando con semilla 864077 (3/5)
2025-10-10 10:08:46,676 - INFO - src.test_evaluation 36 - Período de test: 202104
2025-10-10 10:08:48,337 - INFO - src.loader 33 - Convirtiendo clase_ternaria a target binario
2025-10-10 10:08:48,544 - INFO - src.loader 52 - Conversión completada:
2025-10-10 10:08:48,544 - INFO - src.loader 53 -   Original - CONTINUA: 971054, BAJA+1: 3447, BAJA+2: 3938
2025-10-10 10:08:48,545 - INFO - src.loader 54 -   Binario - 0: 971054, 1: 7385
2025-10-10 10:08:48,545 - INFO - src.loader 55 -   Distribución: 0.75% casos positivos
2025-10-10 10:08:48,545 - INFO - src.loader 33 - Convirtiendo clase_ternaria a target binario
2025-10-10 10:08:48,676 - INFO - src.loader 52 - Conversión completada:
2025-10-10 10:08:48,676 - INFO - src.loader 53 -   Original - CONTINUA: 971054, BAJA+1: 3447, BAJA+2: 3938
2025-10-10 10:08:48,676 - INFO - src.loader 54 -   Binario - 0: 974501, 1: 3938
2025-10-10 10:08:48,676 - INFO - src.loader 55 -   Distribución: 0.40% casos positivos
2025-10-10 10:08:49,684 - INFO - src.test_evaluation 57 - Aplicando undersampling (ratio=0.02) en entrenamiento
2025-10-10 10:08:50,180 - INFO - src.test_evaluation 81 - Semilla de entrenamiento: 864077
2025-10-10 10:11:55,124 - INFO - src.grafico_test 420 -   - Ganancia máxima con semilla 864077: 339,000,000
2025-10-10 10:11:55,124 - INFO - src.grafico_test 393 - Entrenando con semilla 921241 (4/5)
2025-10-10 10:11:55,124 - INFO - src.test_evaluation 36 - Período de test: 202104
2025-10-10 10:11:56,793 - INFO - src.loader 33 - Convirtiendo clase_ternaria a target binario
2025-10-10 10:11:56,972 - INFO - src.loader 52 - Conversión completada:
2025-10-10 10:11:56,973 - INFO - src.loader 53 -   Original - CONTINUA: 971054, BAJA+1: 3447, BAJA+2: 3938
2025-10-10 10:11:56,973 - INFO - src.loader 54 -   Binario - 0: 971054, 1: 7385
2025-10-10 10:11:56,973 - INFO - src.loader 55 -   Distribución: 0.75% casos positivos
2025-10-10 10:11:56,973 - INFO - src.loader 33 - Convirtiendo clase_ternaria a target binario
2025-10-10 10:11:57,120 - INFO - src.loader 52 - Conversión completada:
2025-10-10 10:11:57,122 - INFO - src.loader 53 -   Original - CONTINUA: 971054, BAJA+1: 3447, BAJA+2: 3938
2025-10-10 10:11:57,122 - INFO - src.loader 54 -   Binario - 0: 974501, 1: 3938
2025-10-10 10:11:57,122 - INFO - src.loader 55 -   Distribución: 0.40% casos positivos
2025-10-10 10:11:58,160 - INFO - src.test_evaluation 57 - Aplicando undersampling (ratio=0.02) en entrenamiento
2025-10-10 10:11:58,677 - INFO - src.test_evaluation 81 - Semilla de entrenamiento: 921241
2025-10-10 10:15:04,236 - INFO - src.grafico_test 420 -   - Ganancia máxima con semilla 921241: 323,760,000
2025-10-10 10:15:04,237 - INFO - src.grafico_test 393 - Entrenando con semilla 525727 (5/5)
2025-10-10 10:15:04,237 - INFO - src.test_evaluation 36 - Período de test: 202104
2025-10-10 10:15:05,903 - INFO - src.loader 33 - Convirtiendo clase_ternaria a target binario
2025-10-10 10:15:06,127 - INFO - src.loader 52 - Conversión completada:
2025-10-10 10:15:06,127 - INFO - src.loader 53 -   Original - CONTINUA: 971054, BAJA+1: 3447, BAJA+2: 3938
2025-10-10 10:15:06,127 - INFO - src.loader 54 -   Binario - 0: 971054, 1: 7385
2025-10-10 10:15:06,128 - INFO - src.loader 55 -   Distribución: 0.75% casos positivos
2025-10-10 10:15:06,128 - INFO - src.loader 33 - Convirtiendo clase_ternaria a target binario
2025-10-10 10:15:06,266 - INFO - src.loader 52 - Conversión completada:
2025-10-10 10:15:06,266 - INFO - src.loader 53 -   Original - CONTINUA: 971054, BAJA+1: 3447, BAJA+2: 3938
2025-10-10 10:15:06,267 - INFO - src.loader 54 -   Binario - 0: 974501, 1: 3938
2025-10-10 10:15:06,268 - INFO - src.loader 55 -   Distribución: 0.40% casos positivos
2025-10-10 10:15:07,318 - INFO - src.test_evaluation 57 - Aplicando undersampling (ratio=0.02) en entrenamiento
2025-10-10 10:15:07,849 - INFO - src.test_evaluation 81 - Semilla de entrenamiento: 525727
2025-10-10 10:18:12,449 - INFO - src.grafico_test 420 -   - Ganancia máxima con semilla 525727: 336,440,000
2025-10-10 10:18:12,449 - INFO - src.grafico_test 393 - Entrenando con semilla 897931 (6/5)
2025-10-10 10:18:12,449 - INFO - src.test_evaluation 36 - Período de test: 202104
2025-10-10 10:18:14,184 - INFO - src.loader 33 - Convirtiendo clase_ternaria a target binario
2025-10-10 10:18:14,326 - INFO - src.loader 52 - Conversión completada:
2025-10-10 10:18:14,327 - INFO - src.loader 53 -   Original - CONTINUA: 971054, BAJA+1: 3447, BAJA+2: 3938
2025-10-10 10:18:14,327 - INFO - src.loader 54 -   Binario - 0: 971054, 1: 7385
2025-10-10 10:18:14,327 - INFO - src.loader 55 -   Distribución: 0.75% casos positivos
2025-10-10 10:18:14,327 - INFO - src.loader 33 - Convirtiendo clase_ternaria a target binario
2025-10-10 10:18:14,460 - INFO - src.loader 52 - Conversión completada:
2025-10-10 10:18:14,460 - INFO - src.loader 53 -   Original - CONTINUA: 971054, BAJA+1: 3447, BAJA+2: 3938
2025-10-10 10:18:14,460 - INFO - src.loader 54 -   Binario - 0: 974501, 1: 3938
2025-10-10 10:18:14,460 - INFO - src.loader 55 -   Distribución: 0.40% casos positivos
2025-10-10 10:18:15,360 - INFO - src.test_evaluation 57 - Aplicando undersampling (ratio=0.02) en entrenamiento
2025-10-10 10:18:15,958 - INFO - src.test_evaluation 81 - Semilla de entrenamiento: 897931
