2025-10-10 16:07:23,503 - INFO - __main__ 40 - Inicio de ejecucion.
2025-10-10 16:07:23,504 - INFO - src.loader 9 - Cargando dataset desde ./data/competencia.csv
2025-10-10 16:07:28,853 - INFO - __name__ 26 - Realizando feature engineering con 2 lags para 102 atributos
2025-10-10 16:07:37,348 - INFO - __name__ 54 - Feature engineering completado. DataFrame resultante con 359 columnas
2025-10-10 16:07:37,349 - INFO - __name__ 77 - Generando delta-lags con 2 desfases para 102 atributos
2025-10-10 16:07:45,834 - INFO - __name__ 119 - Delta-lags generados. DataFrame resultante con 359 columnas
2025-10-10 16:07:45,961 - INFO - __main__ 52 - Feature Engineering completado: (978439, 359)
2025-10-10 16:07:45,961 - INFO - __main__ 111 - === SIMULACIÓN DE KAGGLE ===
2025-10-10 16:07:46,763 - INFO - src.polars_split_simulation 156 - Aplicando undersampling (ratio=0.020) basado en clientes únicos con semilla 811157
2025-10-10 16:07:47,000 - INFO - src.polars_split_simulation 114 - Undersampling aplicado - clientes clase 0 retenidos: 3443, clientes clase 1: 3443
2025-10-10 16:07:47,123 - INFO - src.best_params 34 - Mejores hiperparámetros cargados desde resultados/Con_50trials_cv(us0.1)_iteraciones.json
2025-10-10 16:07:47,123 - INFO - src.best_params 35 - Mejor ganancia encontrada: 1,041,080,000
2025-10-10 16:07:47,123 - INFO - src.best_params 36 - Trial número: 45
2025-10-10 16:07:47,123 - INFO - src.best_params 37 - Parámetros: {'num_leaves': 207, 'learning_rate': 0.0347344652162764, 'feature_fraction': 0.49155336499144986, 'bagging_fraction': 0.5543697079348857, 'min_child_samples': 86, 'max_depth': 14, 'reg_alpha': 0.007675731108071432, 'reg_lambda': 2.5345743260625984, 'bin': 31, 'min_data_in_leaf': 3, 'num_iterations': 855}
2025-10-10 16:07:47,123 - INFO - src.polars_split_simulation 184 - Iteración 1/50 - entrenando con semilla 133787859
2025-10-10 16:08:06,149 - INFO - src.polars_split_simulation 184 - Iteración 2/50 - entrenando con semilla 1460978240
2025-10-10 16:08:28,774 - INFO - src.polars_split_simulation 184 - Iteración 3/50 - entrenando con semilla 1823148161
2025-10-10 16:08:50,905 - INFO - src.polars_split_simulation 184 - Iteración 4/50 - entrenando con semilla 1959559590
2025-10-10 16:09:13,320 - INFO - src.polars_split_simulation 184 - Iteración 5/50 - entrenando con semilla 1015813243
2025-10-10 16:09:35,835 - INFO - src.polars_split_simulation 184 - Iteración 6/50 - entrenando con semilla 1903911612
2025-10-10 16:09:57,752 - INFO - src.polars_split_simulation 184 - Iteración 7/50 - entrenando con semilla 848705754
2025-10-10 16:10:17,759 - INFO - src.polars_split_simulation 184 - Iteración 8/50 - entrenando con semilla 2010478429
2025-10-10 16:10:37,212 - INFO - src.polars_split_simulation 184 - Iteración 9/50 - entrenando con semilla 1122412103
2025-10-10 16:10:58,602 - INFO - src.polars_split_simulation 184 - Iteración 10/50 - entrenando con semilla 1067535925
2025-10-10 16:11:18,794 - INFO - src.polars_split_simulation 184 - Iteración 11/50 - entrenando con semilla 993157154
2025-10-10 16:11:39,133 - INFO - src.polars_split_simulation 184 - Iteración 12/50 - entrenando con semilla 350478135
2025-10-10 16:11:59,500 - INFO - src.polars_split_simulation 184 - Iteración 13/50 - entrenando con semilla 1317183205
2025-10-10 16:12:20,270 - INFO - src.polars_split_simulation 184 - Iteración 14/50 - entrenando con semilla 1562216900
2025-10-10 16:12:41,489 - INFO - src.polars_split_simulation 184 - Iteración 15/50 - entrenando con semilla 1586118559
2025-10-10 16:13:02,307 - INFO - src.polars_split_simulation 184 - Iteración 16/50 - entrenando con semilla 1652125044
2025-10-10 16:13:23,202 - INFO - src.polars_split_simulation 184 - Iteración 17/50 - entrenando con semilla 915358087
2025-10-10 16:13:43,503 - INFO - src.polars_split_simulation 184 - Iteración 18/50 - entrenando con semilla 280475318
2025-10-10 16:14:04,127 - INFO - src.polars_split_simulation 184 - Iteración 19/50 - entrenando con semilla 1275578828
2025-10-10 16:14:24,768 - INFO - src.polars_split_simulation 184 - Iteración 20/50 - entrenando con semilla 799337665
2025-10-10 16:14:45,445 - INFO - src.polars_split_simulation 184 - Iteración 21/50 - entrenando con semilla 1421961414
2025-10-10 16:15:05,826 - INFO - src.polars_split_simulation 184 - Iteración 22/50 - entrenando con semilla 1636988341
2025-10-10 16:15:26,485 - INFO - src.polars_split_simulation 184 - Iteración 23/50 - entrenando con semilla 568104794
2025-10-10 16:15:47,072 - INFO - src.polars_split_simulation 184 - Iteración 24/50 - entrenando con semilla 95102487
2025-10-10 16:16:07,621 - INFO - src.polars_split_simulation 184 - Iteración 25/50 - entrenando con semilla 988887123
2025-10-10 16:16:28,357 - INFO - src.polars_split_simulation 184 - Iteración 26/50 - entrenando con semilla 39670879
2025-10-10 16:16:48,586 - INFO - src.polars_split_simulation 184 - Iteración 27/50 - entrenando con semilla 993318093
2025-10-10 16:17:08,902 - INFO - src.polars_split_simulation 184 - Iteración 28/50 - entrenando con semilla 269855850
2025-10-10 16:17:29,080 - INFO - src.polars_split_simulation 184 - Iteración 29/50 - entrenando con semilla 1689259341
2025-10-10 16:17:49,354 - INFO - src.polars_split_simulation 184 - Iteración 30/50 - entrenando con semilla 2047036215
2025-10-10 16:18:09,672 - INFO - src.polars_split_simulation 184 - Iteración 31/50 - entrenando con semilla 624757001
2025-10-10 16:18:29,972 - INFO - src.polars_split_simulation 184 - Iteración 32/50 - entrenando con semilla 839638007
2025-10-10 16:18:50,136 - INFO - src.polars_split_simulation 184 - Iteración 33/50 - entrenando con semilla 438181735
2025-10-10 16:19:10,237 - INFO - src.polars_split_simulation 184 - Iteración 34/50 - entrenando con semilla 39780696
2025-10-10 16:19:30,628 - INFO - src.polars_split_simulation 184 - Iteración 35/50 - entrenando con semilla 3400030
2025-10-10 16:19:51,915 - INFO - src.polars_split_simulation 184 - Iteración 36/50 - entrenando con semilla 608309318
2025-10-10 16:20:12,132 - INFO - src.polars_split_simulation 184 - Iteración 37/50 - entrenando con semilla 733617681
2025-10-10 16:20:33,254 - INFO - src.polars_split_simulation 184 - Iteración 38/50 - entrenando con semilla 1199731831
2025-10-10 16:20:53,516 - INFO - src.polars_split_simulation 184 - Iteración 39/50 - entrenando con semilla 910123241
2025-10-10 16:21:13,965 - INFO - src.polars_split_simulation 184 - Iteración 40/50 - entrenando con semilla 511373452
2025-10-10 16:21:34,517 - INFO - src.polars_split_simulation 184 - Iteración 41/50 - entrenando con semilla 800062015
2025-10-10 16:21:55,050 - INFO - src.polars_split_simulation 184 - Iteración 42/50 - entrenando con semilla 369000554
2025-10-10 16:22:15,420 - INFO - src.polars_split_simulation 184 - Iteración 43/50 - entrenando con semilla 1398688944
2025-10-10 16:22:35,849 - INFO - src.polars_split_simulation 184 - Iteración 44/50 - entrenando con semilla 8128683
2025-10-10 16:22:55,916 - INFO - src.polars_split_simulation 184 - Iteración 45/50 - entrenando con semilla 260118384
2025-10-10 16:23:16,119 - INFO - src.polars_split_simulation 184 - Iteración 46/50 - entrenando con semilla 1325535107
2025-10-10 16:23:36,687 - INFO - src.polars_split_simulation 184 - Iteración 47/50 - entrenando con semilla 220842646
2025-10-10 16:23:57,030 - INFO - src.polars_split_simulation 184 - Iteración 48/50 - entrenando con semilla 639703395
2025-10-10 16:24:17,019 - INFO - src.polars_split_simulation 184 - Iteración 49/50 - entrenando con semilla 1763424030
2025-10-10 16:24:37,854 - INFO - src.polars_split_simulation 184 - Iteración 50/50 - entrenando con semilla 1856198386
2025-10-10 16:24:58,281 - INFO - src.polars_split_simulation 279 - Resultados guardados en resultados\Con_50trials_cv(us0.1)_polars_split_20251010_160747.json
2025-10-10 16:24:58,755 - INFO - src.polars_split_simulation 364 - Gráfico de distribución public guardado en resultados\Con_50trials_cv(us0.1)_ganancias_public_20251010_162458.png
2025-10-10 16:24:58,952 - INFO - src.polars_split_simulation 364 - Gráfico de distribución private guardado en resultados\Con_50trials_cv(us0.1)_ganancias_private_20251010_162458.png
2025-10-10 16:24:58,961 - INFO - __main__ 122 - 📝 Log detallado: logs/log_Con_50trials_cv(us0.1)_2025-10-10_16_07_23.log
2025-10-10 16:24:58,961 - INFO - __main__ 123 - 📝 Resultados guardados en: resultados\Con_50trials_cv(us0.1)_polars_split_20251010_160747.json
2025-10-10 16:24:58,961 - INFO - __main__ 124 - >>> Ejecución finalizada. Revisar logs para mas detalles.
