2025-10-09 20:23:07,472 - INFO - __main__ 39 - Inicio de ejecucion.
2025-10-09 20:23:07,473 - INFO - src.loader 9 - Cargando dataset desde ./data/competencia.csv
2025-10-09 20:23:12,520 - INFO - __name__ 26 - Realizando feature engineering con 2 lags para 102 atributos
2025-10-09 20:23:20,673 - INFO - __name__ 54 - Feature engineering completado. DataFrame resultante con 359 columnas
2025-10-09 20:23:20,674 - INFO - __name__ 77 - Generando delta-lags con 2 desfases para 102 atributos
2025-10-09 20:23:29,027 - INFO - __name__ 119 - Delta-lags generados. DataFrame resultante con 359 columnas
2025-10-09 20:23:29,147 - INFO - __main__ 51 - Feature Engineering completado: (978439, 359)
2025-10-09 20:23:29,147 - INFO - src.best_params 34 - Mejores hiperparámetros cargados desde resultados/Con_50trials_cv(us0.1)_iteraciones.json
2025-10-09 20:23:29,147 - INFO - src.best_params 35 - Mejor ganancia encontrada: 1,041,080,000
2025-10-09 20:23:29,147 - INFO - src.best_params 36 - Trial número: 45
2025-10-09 20:23:29,147 - INFO - src.best_params 37 - Parámetros: {'num_leaves': 207, 'learning_rate': 0.0347344652162764, 'feature_fraction': 0.49155336499144986, 'bagging_fraction': 0.5543697079348857, 'min_child_samples': 86, 'max_depth': 14, 'reg_alpha': 0.007675731108071432, 'reg_lambda': 2.5345743260625984, 'bin': 31, 'min_data_in_leaf': 3, 'num_iterations': 855}
2025-10-09 20:23:29,149 - INFO - src.test_evaluation 36 - Período de test: 202104
2025-10-09 20:23:30,866 - INFO - src.loader 33 - Convirtiendo clase_ternaria a target binario
2025-10-09 20:23:31,001 - INFO - src.loader 52 - Conversión completada:
2025-10-09 20:23:31,001 - INFO - src.loader 53 -   Original - CONTINUA: 971054, BAJA+1: 3447, BAJA+2: 3938
2025-10-09 20:23:31,001 - INFO - src.loader 54 -   Binario - 0: 971054, 1: 7385
2025-10-09 20:23:31,001 - INFO - src.loader 55 -   Distribución: 0.75% casos positivos
2025-10-09 20:23:31,001 - INFO - src.loader 33 - Convirtiendo clase_ternaria a target binario
2025-10-09 20:23:31,137 - INFO - src.loader 52 - Conversión completada:
2025-10-09 20:23:31,137 - INFO - src.loader 53 -   Original - CONTINUA: 971054, BAJA+1: 3447, BAJA+2: 3938
2025-10-09 20:23:31,137 - INFO - src.loader 54 -   Binario - 0: 974501, 1: 3938
2025-10-09 20:23:31,137 - INFO - src.loader 55 -   Distribución: 0.40% casos positivos
2025-10-09 20:23:31,984 - INFO - src.test_evaluation 57 - Aplicando undersampling (ratio=0.1) en entrenamiento
2025-10-09 20:23:32,730 - INFO - src.test_evaluation 81 - Semilla de entrenamiento: 811157
2025-10-09 20:23:51,811 - INFO - src.test_evaluation 168 - Resultados guardados en resultados/Con_50trials_cv(us0.1)_test_results_20251009_202351.json
2025-10-09 20:23:51,811 - INFO - __main__ 84 - === RESUMEN DE EVALUACIÓN EN TEST ===
2025-10-09 20:23:51,811 - INFO - __main__ 85 - ✅ Ganancia en test: 2,147,467,296
2025-10-09 20:23:51,811 - INFO - __main__ 87 - === GRAFICO DE TEST ===
2025-10-09 20:23:51,811 - INFO - src.grafico_test 373 - === INICIANDO GENERACIÓN DE GRÁFICO DE TEST CON MÚLTIPLES SEMILLAS ===
2025-10-09 20:23:51,811 - INFO - src.best_params 34 - Mejores hiperparámetros cargados desde resultados/Con_50trials_cv(us0.1)_iteraciones.json
2025-10-09 20:23:51,811 - INFO - src.best_params 35 - Mejor ganancia encontrada: 1,041,080,000
2025-10-09 20:23:51,811 - INFO - src.best_params 36 - Trial número: 45
2025-10-09 20:23:51,812 - INFO - src.best_params 37 - Parámetros: {'num_leaves': 207, 'learning_rate': 0.0347344652162764, 'feature_fraction': 0.49155336499144986, 'bagging_fraction': 0.5543697079348857, 'min_child_samples': 86, 'max_depth': 14, 'reg_alpha': 0.007675731108071432, 'reg_lambda': 2.5345743260625984, 'bin': 31, 'min_data_in_leaf': 3, 'num_iterations': 855}
2025-10-09 20:23:52,735 - INFO - src.loader 33 - Convirtiendo clase_ternaria a target binario
2025-10-09 20:23:52,875 - INFO - src.loader 52 - Conversión completada:
2025-10-09 20:23:52,875 - INFO - src.loader 53 -   Original - CONTINUA: 971054, BAJA+1: 3447, BAJA+2: 3938
2025-10-09 20:23:52,875 - INFO - src.loader 54 -   Binario - 0: 974501, 1: 3938
2025-10-09 20:23:52,875 - INFO - src.loader 55 -   Distribución: 0.40% casos positivos
2025-10-09 20:23:53,168 - INFO - src.grafico_test 393 - Entrenando con semilla 156071 (1/5)
2025-10-09 20:23:53,169 - INFO - src.test_evaluation 36 - Período de test: 202104
2025-10-09 20:23:54,474 - INFO - src.loader 33 - Convirtiendo clase_ternaria a target binario
2025-10-09 20:23:54,607 - INFO - src.loader 52 - Conversión completada:
2025-10-09 20:23:54,608 - INFO - src.loader 53 -   Original - CONTINUA: 971054, BAJA+1: 3447, BAJA+2: 3938
2025-10-09 20:23:54,608 - INFO - src.loader 54 -   Binario - 0: 971054, 1: 7385
2025-10-09 20:23:54,608 - INFO - src.loader 55 -   Distribución: 0.75% casos positivos
2025-10-09 20:23:54,608 - INFO - src.loader 33 - Convirtiendo clase_ternaria a target binario
2025-10-09 20:23:54,748 - INFO - src.loader 52 - Conversión completada:
2025-10-09 20:23:54,749 - INFO - src.loader 53 -   Original - CONTINUA: 971054, BAJA+1: 3447, BAJA+2: 3938
2025-10-09 20:23:54,749 - INFO - src.loader 54 -   Binario - 0: 974501, 1: 3938
2025-10-09 20:23:54,749 - INFO - src.loader 55 -   Distribución: 0.40% casos positivos
2025-10-09 20:23:55,570 - INFO - src.test_evaluation 57 - Aplicando undersampling (ratio=0.1) en entrenamiento
2025-10-09 20:23:56,242 - INFO - src.test_evaluation 81 - Semilla de entrenamiento: 156071
2025-10-09 20:26:48,234 - INFO - src.grafico_test 420 -   - Ganancia máxima con semilla 156071: 368,080,000
2025-10-09 20:26:48,234 - INFO - src.grafico_test 393 - Entrenando con semilla 712289 (2/5)
2025-10-09 20:26:48,236 - INFO - src.test_evaluation 36 - Período de test: 202104
2025-10-09 20:26:49,620 - INFO - src.loader 33 - Convirtiendo clase_ternaria a target binario
2025-10-09 20:26:49,746 - INFO - src.loader 52 - Conversión completada:
2025-10-09 20:26:49,747 - INFO - src.loader 53 -   Original - CONTINUA: 971054, BAJA+1: 3447, BAJA+2: 3938
2025-10-09 20:26:49,747 - INFO - src.loader 54 -   Binario - 0: 971054, 1: 7385
2025-10-09 20:26:49,747 - INFO - src.loader 55 -   Distribución: 0.75% casos positivos
2025-10-09 20:26:49,747 - INFO - src.loader 33 - Convirtiendo clase_ternaria a target binario
2025-10-09 20:26:49,871 - INFO - src.loader 52 - Conversión completada:
2025-10-09 20:26:49,871 - INFO - src.loader 53 -   Original - CONTINUA: 971054, BAJA+1: 3447, BAJA+2: 3938
2025-10-09 20:26:49,871 - INFO - src.loader 54 -   Binario - 0: 974501, 1: 3938
2025-10-09 20:26:49,871 - INFO - src.loader 55 -   Distribución: 0.40% casos positivos
2025-10-09 20:26:50,601 - INFO - src.test_evaluation 57 - Aplicando undersampling (ratio=0.1) en entrenamiento
2025-10-09 20:26:51,202 - INFO - src.test_evaluation 81 - Semilla de entrenamiento: 712289
2025-10-09 20:29:32,946 - INFO - src.grafico_test 420 -   - Ganancia máxima con semilla 712289: 358,500,000
2025-10-09 20:29:32,947 - INFO - src.grafico_test 393 - Entrenando con semilla 864077 (3/5)
2025-10-09 20:29:32,947 - INFO - src.test_evaluation 36 - Período de test: 202104
2025-10-09 20:29:34,317 - INFO - src.loader 33 - Convirtiendo clase_ternaria a target binario
2025-10-09 20:29:34,444 - INFO - src.loader 52 - Conversión completada:
2025-10-09 20:29:34,445 - INFO - src.loader 53 -   Original - CONTINUA: 971054, BAJA+1: 3447, BAJA+2: 3938
2025-10-09 20:29:34,445 - INFO - src.loader 54 -   Binario - 0: 971054, 1: 7385
2025-10-09 20:29:34,445 - INFO - src.loader 55 -   Distribución: 0.75% casos positivos
2025-10-09 20:29:34,445 - INFO - src.loader 33 - Convirtiendo clase_ternaria a target binario
2025-10-09 20:29:34,566 - INFO - src.loader 52 - Conversión completada:
2025-10-09 20:29:34,566 - INFO - src.loader 53 -   Original - CONTINUA: 971054, BAJA+1: 3447, BAJA+2: 3938
2025-10-09 20:29:34,566 - INFO - src.loader 54 -   Binario - 0: 974501, 1: 3938
2025-10-09 20:29:34,566 - INFO - src.loader 55 -   Distribución: 0.40% casos positivos
2025-10-09 20:29:35,316 - INFO - src.test_evaluation 57 - Aplicando undersampling (ratio=0.1) en entrenamiento
2025-10-09 20:29:35,933 - INFO - src.test_evaluation 81 - Semilla de entrenamiento: 864077
2025-10-09 20:32:17,669 - INFO - src.grafico_test 420 -   - Ganancia máxima con semilla 864077: 355,820,000
2025-10-09 20:32:17,669 - INFO - src.grafico_test 393 - Entrenando con semilla 921241 (4/5)
2025-10-09 20:32:17,669 - INFO - src.test_evaluation 36 - Período de test: 202104
2025-10-09 20:32:19,044 - INFO - src.loader 33 - Convirtiendo clase_ternaria a target binario
2025-10-09 20:32:19,169 - INFO - src.loader 52 - Conversión completada:
2025-10-09 20:32:19,169 - INFO - src.loader 53 -   Original - CONTINUA: 971054, BAJA+1: 3447, BAJA+2: 3938
2025-10-09 20:32:19,169 - INFO - src.loader 54 -   Binario - 0: 971054, 1: 7385
2025-10-09 20:32:19,169 - INFO - src.loader 55 -   Distribución: 0.75% casos positivos
2025-10-09 20:32:19,169 - INFO - src.loader 33 - Convirtiendo clase_ternaria a target binario
2025-10-09 20:32:19,296 - INFO - src.loader 52 - Conversión completada:
2025-10-09 20:32:19,297 - INFO - src.loader 53 -   Original - CONTINUA: 971054, BAJA+1: 3447, BAJA+2: 3938
2025-10-09 20:32:19,297 - INFO - src.loader 54 -   Binario - 0: 974501, 1: 3938
2025-10-09 20:32:19,297 - INFO - src.loader 55 -   Distribución: 0.40% casos positivos
2025-10-09 20:32:20,065 - INFO - src.test_evaluation 57 - Aplicando undersampling (ratio=0.1) en entrenamiento
2025-10-09 20:32:20,693 - INFO - src.test_evaluation 81 - Semilla de entrenamiento: 921241
2025-10-09 20:35:01,770 - INFO - src.grafico_test 420 -   - Ganancia máxima con semilla 921241: 356,720,000
2025-10-09 20:35:01,770 - INFO - src.grafico_test 393 - Entrenando con semilla 525727 (5/5)
2025-10-09 20:35:01,770 - INFO - src.test_evaluation 36 - Período de test: 202104
2025-10-09 20:35:03,033 - INFO - src.loader 33 - Convirtiendo clase_ternaria a target binario
2025-10-09 20:35:03,162 - INFO - src.loader 52 - Conversión completada:
2025-10-09 20:35:03,162 - INFO - src.loader 53 -   Original - CONTINUA: 971054, BAJA+1: 3447, BAJA+2: 3938
2025-10-09 20:35:03,162 - INFO - src.loader 54 -   Binario - 0: 971054, 1: 7385
2025-10-09 20:35:03,162 - INFO - src.loader 55 -   Distribución: 0.75% casos positivos
2025-10-09 20:35:03,162 - INFO - src.loader 33 - Convirtiendo clase_ternaria a target binario
2025-10-09 20:35:03,289 - INFO - src.loader 52 - Conversión completada:
2025-10-09 20:35:03,289 - INFO - src.loader 53 -   Original - CONTINUA: 971054, BAJA+1: 3447, BAJA+2: 3938
2025-10-09 20:35:03,289 - INFO - src.loader 54 -   Binario - 0: 974501, 1: 3938
2025-10-09 20:35:03,289 - INFO - src.loader 55 -   Distribución: 0.40% casos positivos
2025-10-09 20:35:04,053 - INFO - src.test_evaluation 57 - Aplicando undersampling (ratio=0.1) en entrenamiento
2025-10-09 20:35:04,669 - INFO - src.test_evaluation 81 - Semilla de entrenamiento: 525727
2025-10-09 20:37:45,284 - INFO - src.grafico_test 420 -   - Ganancia máxima con semilla 525727: 356,900,000
2025-10-09 20:37:45,284 - INFO - src.grafico_test 393 - Entrenando con semilla 897931 (6/5)
2025-10-09 20:37:45,284 - INFO - src.test_evaluation 36 - Período de test: 202104
2025-10-09 20:37:46,607 - INFO - src.loader 33 - Convirtiendo clase_ternaria a target binario
2025-10-09 20:37:46,736 - INFO - src.loader 52 - Conversión completada:
2025-10-09 20:37:46,736 - INFO - src.loader 53 -   Original - CONTINUA: 971054, BAJA+1: 3447, BAJA+2: 3938
2025-10-09 20:37:46,736 - INFO - src.loader 54 -   Binario - 0: 971054, 1: 7385
2025-10-09 20:37:46,736 - INFO - src.loader 55 -   Distribución: 0.75% casos positivos
2025-10-09 20:37:46,736 - INFO - src.loader 33 - Convirtiendo clase_ternaria a target binario
2025-10-09 20:37:46,859 - INFO - src.loader 52 - Conversión completada:
2025-10-09 20:37:46,859 - INFO - src.loader 53 -   Original - CONTINUA: 971054, BAJA+1: 3447, BAJA+2: 3938
2025-10-09 20:37:46,859 - INFO - src.loader 54 -   Binario - 0: 974501, 1: 3938
2025-10-09 20:37:46,859 - INFO - src.loader 55 -   Distribución: 0.40% casos positivos
2025-10-09 20:37:47,615 - INFO - src.test_evaluation 57 - Aplicando undersampling (ratio=0.1) en entrenamiento
2025-10-09 20:37:48,258 - INFO - src.test_evaluation 81 - Semilla de entrenamiento: 897931
2025-10-09 20:40:28,971 - INFO - src.grafico_test 420 -   - Ganancia máxima con semilla 897931: 360,720,000
2025-10-09 20:40:28,971 - INFO - src.grafico_test 393 - Entrenando con semilla 455701 (7/5)
2025-10-09 20:40:28,971 - INFO - src.test_evaluation 36 - Período de test: 202104
2025-10-09 20:40:30,238 - INFO - src.loader 33 - Convirtiendo clase_ternaria a target binario
2025-10-09 20:40:30,362 - INFO - src.loader 52 - Conversión completada:
2025-10-09 20:40:30,362 - INFO - src.loader 53 -   Original - CONTINUA: 971054, BAJA+1: 3447, BAJA+2: 3938
2025-10-09 20:40:30,362 - INFO - src.loader 54 -   Binario - 0: 971054, 1: 7385
2025-10-09 20:40:30,363 - INFO - src.loader 55 -   Distribución: 0.75% casos positivos
2025-10-09 20:40:30,363 - INFO - src.loader 33 - Convirtiendo clase_ternaria a target binario
2025-10-09 20:40:30,485 - INFO - src.loader 52 - Conversión completada:
2025-10-09 20:40:30,485 - INFO - src.loader 53 -   Original - CONTINUA: 971054, BAJA+1: 3447, BAJA+2: 3938
2025-10-09 20:40:30,485 - INFO - src.loader 54 -   Binario - 0: 974501, 1: 3938
2025-10-09 20:40:30,487 - INFO - src.loader 55 -   Distribución: 0.40% casos positivos
2025-10-09 20:40:31,262 - INFO - src.test_evaluation 57 - Aplicando undersampling (ratio=0.1) en entrenamiento
2025-10-09 20:40:31,876 - INFO - src.test_evaluation 81 - Semilla de entrenamiento: 455701
2025-10-09 20:43:13,065 - INFO - src.grafico_test 420 -   - Ganancia máxima con semilla 455701: 361,200,000
2025-10-09 20:43:13,065 - INFO - src.grafico_test 393 - Entrenando con semilla 942583 (8/5)
2025-10-09 20:43:13,066 - INFO - src.test_evaluation 36 - Período de test: 202104
2025-10-09 20:43:14,387 - INFO - src.loader 33 - Convirtiendo clase_ternaria a target binario
2025-10-09 20:43:14,516 - INFO - src.loader 52 - Conversión completada:
2025-10-09 20:43:14,516 - INFO - src.loader 53 -   Original - CONTINUA: 971054, BAJA+1: 3447, BAJA+2: 3938
2025-10-09 20:43:14,516 - INFO - src.loader 54 -   Binario - 0: 971054, 1: 7385
2025-10-09 20:43:14,518 - INFO - src.loader 55 -   Distribución: 0.75% casos positivos
2025-10-09 20:43:14,518 - INFO - src.loader 33 - Convirtiendo clase_ternaria a target binario
2025-10-09 20:43:14,644 - INFO - src.loader 52 - Conversión completada:
2025-10-09 20:43:14,644 - INFO - src.loader 53 -   Original - CONTINUA: 971054, BAJA+1: 3447, BAJA+2: 3938
2025-10-09 20:43:14,644 - INFO - src.loader 54 -   Binario - 0: 974501, 1: 3938
2025-10-09 20:43:14,644 - INFO - src.loader 55 -   Distribución: 0.40% casos positivos
2025-10-09 20:43:15,392 - INFO - src.test_evaluation 57 - Aplicando undersampling (ratio=0.1) en entrenamiento
2025-10-09 20:43:16,030 - INFO - src.test_evaluation 81 - Semilla de entrenamiento: 942583
2025-10-09 20:45:57,973 - INFO - src.grafico_test 420 -   - Ganancia máxima con semilla 942583: 364,200,000
2025-10-09 20:45:57,973 - INFO - src.grafico_test 393 - Entrenando con semilla 570403 (9/5)
2025-10-09 20:45:57,973 - INFO - src.test_evaluation 36 - Período de test: 202104
2025-10-09 20:45:59,250 - INFO - src.loader 33 - Convirtiendo clase_ternaria a target binario
2025-10-09 20:45:59,378 - INFO - src.loader 52 - Conversión completada:
2025-10-09 20:45:59,379 - INFO - src.loader 53 -   Original - CONTINUA: 971054, BAJA+1: 3447, BAJA+2: 3938
2025-10-09 20:45:59,379 - INFO - src.loader 54 -   Binario - 0: 971054, 1: 7385
2025-10-09 20:45:59,379 - INFO - src.loader 55 -   Distribución: 0.75% casos positivos
2025-10-09 20:45:59,379 - INFO - src.loader 33 - Convirtiendo clase_ternaria a target binario
2025-10-09 20:45:59,503 - INFO - src.loader 52 - Conversión completada:
2025-10-09 20:45:59,504 - INFO - src.loader 53 -   Original - CONTINUA: 971054, BAJA+1: 3447, BAJA+2: 3938
2025-10-09 20:45:59,504 - INFO - src.loader 54 -   Binario - 0: 974501, 1: 3938
2025-10-09 20:45:59,504 - INFO - src.loader 55 -   Distribución: 0.40% casos positivos
2025-10-09 20:46:00,262 - INFO - src.test_evaluation 57 - Aplicando undersampling (ratio=0.1) en entrenamiento
2025-10-09 20:46:00,886 - INFO - src.test_evaluation 81 - Semilla de entrenamiento: 570403
2025-10-09 20:48:47,073 - INFO - src.grafico_test 420 -   - Ganancia máxima con semilla 570403: 360,440,000
2025-10-09 20:48:47,073 - INFO - src.grafico_test 393 - Entrenando con semilla 547399 (10/5)
2025-10-09 20:48:47,073 - INFO - src.test_evaluation 36 - Período de test: 202104
2025-10-09 20:48:48,397 - INFO - src.loader 33 - Convirtiendo clase_ternaria a target binario
2025-10-09 20:48:48,530 - INFO - src.loader 52 - Conversión completada:
2025-10-09 20:48:48,530 - INFO - src.loader 53 -   Original - CONTINUA: 971054, BAJA+1: 3447, BAJA+2: 3938
2025-10-09 20:48:48,530 - INFO - src.loader 54 -   Binario - 0: 971054, 1: 7385
2025-10-09 20:48:48,530 - INFO - src.loader 55 -   Distribución: 0.75% casos positivos
2025-10-09 20:48:48,530 - INFO - src.loader 33 - Convirtiendo clase_ternaria a target binario
2025-10-09 20:48:48,660 - INFO - src.loader 52 - Conversión completada:
2025-10-09 20:48:48,660 - INFO - src.loader 53 -   Original - CONTINUA: 971054, BAJA+1: 3447, BAJA+2: 3938
2025-10-09 20:48:48,661 - INFO - src.loader 54 -   Binario - 0: 974501, 1: 3938
2025-10-09 20:48:48,661 - INFO - src.loader 55 -   Distribución: 0.40% casos positivos
2025-10-09 20:48:49,418 - INFO - src.test_evaluation 57 - Aplicando undersampling (ratio=0.1) en entrenamiento
2025-10-09 20:48:50,046 - INFO - src.test_evaluation 81 - Semilla de entrenamiento: 547399
2025-10-09 20:51:31,549 - INFO - src.grafico_test 420 -   - Ganancia máxima con semilla 547399: 354,380,000
2025-10-09 20:51:31,549 - INFO - src.grafico_test 393 - Entrenando con semilla 516227 (11/5)
2025-10-09 20:51:31,549 - INFO - src.test_evaluation 36 - Período de test: 202104
2025-10-09 20:51:32,867 - INFO - src.loader 33 - Convirtiendo clase_ternaria a target binario
2025-10-09 20:51:32,994 - INFO - src.loader 52 - Conversión completada:
2025-10-09 20:51:32,995 - INFO - src.loader 53 -   Original - CONTINUA: 971054, BAJA+1: 3447, BAJA+2: 3938
2025-10-09 20:51:32,995 - INFO - src.loader 54 -   Binario - 0: 971054, 1: 7385
2025-10-09 20:51:32,995 - INFO - src.loader 55 -   Distribución: 0.75% casos positivos
2025-10-09 20:51:32,995 - INFO - src.loader 33 - Convirtiendo clase_ternaria a target binario
2025-10-09 20:51:33,118 - INFO - src.loader 52 - Conversión completada:
2025-10-09 20:51:33,118 - INFO - src.loader 53 -   Original - CONTINUA: 971054, BAJA+1: 3447, BAJA+2: 3938
2025-10-09 20:51:33,118 - INFO - src.loader 54 -   Binario - 0: 974501, 1: 3938
2025-10-09 20:51:33,118 - INFO - src.loader 55 -   Distribución: 0.40% casos positivos
2025-10-09 20:51:33,869 - INFO - src.test_evaluation 57 - Aplicando undersampling (ratio=0.1) en entrenamiento
2025-10-09 20:51:34,478 - INFO - src.test_evaluation 81 - Semilla de entrenamiento: 516227
2025-10-09 20:54:16,387 - INFO - src.grafico_test 420 -   - Ganancia máxima con semilla 516227: 355,600,000
2025-10-09 20:54:16,387 - INFO - src.grafico_test 393 - Entrenando con semilla 246889 (12/5)
2025-10-09 20:54:16,387 - INFO - src.test_evaluation 36 - Período de test: 202104
2025-10-09 20:54:17,609 - INFO - src.loader 33 - Convirtiendo clase_ternaria a target binario
2025-10-09 20:54:17,738 - INFO - src.loader 52 - Conversión completada:
2025-10-09 20:54:17,738 - INFO - src.loader 53 -   Original - CONTINUA: 971054, BAJA+1: 3447, BAJA+2: 3938
2025-10-09 20:54:17,738 - INFO - src.loader 54 -   Binario - 0: 971054, 1: 7385
2025-10-09 20:54:17,738 - INFO - src.loader 55 -   Distribución: 0.75% casos positivos
2025-10-09 20:54:17,738 - INFO - src.loader 33 - Convirtiendo clase_ternaria a target binario
2025-10-09 20:54:17,863 - INFO - src.loader 52 - Conversión completada:
2025-10-09 20:54:17,863 - INFO - src.loader 53 -   Original - CONTINUA: 971054, BAJA+1: 3447, BAJA+2: 3938
2025-10-09 20:54:17,863 - INFO - src.loader 54 -   Binario - 0: 974501, 1: 3938
2025-10-09 20:54:17,863 - INFO - src.loader 55 -   Distribución: 0.40% casos positivos
2025-10-09 20:54:18,620 - INFO - src.test_evaluation 57 - Aplicando undersampling (ratio=0.1) en entrenamiento
2025-10-09 20:54:19,231 - INFO - src.test_evaluation 81 - Semilla de entrenamiento: 246889
2025-10-09 20:57:01,559 - INFO - src.grafico_test 420 -   - Ganancia máxima con semilla 246889: 356,580,000
2025-10-09 20:57:01,559 - INFO - src.grafico_test 393 - Entrenando con semilla 652033 (13/5)
2025-10-09 20:57:01,559 - INFO - src.test_evaluation 36 - Período de test: 202104
2025-10-09 20:57:02,837 - INFO - src.loader 33 - Convirtiendo clase_ternaria a target binario
2025-10-09 20:57:02,959 - INFO - src.loader 52 - Conversión completada:
2025-10-09 20:57:02,959 - INFO - src.loader 53 -   Original - CONTINUA: 971054, BAJA+1: 3447, BAJA+2: 3938
2025-10-09 20:57:02,959 - INFO - src.loader 54 -   Binario - 0: 971054, 1: 7385
2025-10-09 20:57:02,959 - INFO - src.loader 55 -   Distribución: 0.75% casos positivos
2025-10-09 20:57:02,959 - INFO - src.loader 33 - Convirtiendo clase_ternaria a target binario
2025-10-09 20:57:03,085 - INFO - src.loader 52 - Conversión completada:
2025-10-09 20:57:03,085 - INFO - src.loader 53 -   Original - CONTINUA: 971054, BAJA+1: 3447, BAJA+2: 3938
2025-10-09 20:57:03,085 - INFO - src.loader 54 -   Binario - 0: 974501, 1: 3938
2025-10-09 20:57:03,085 - INFO - src.loader 55 -   Distribución: 0.40% casos positivos
2025-10-09 20:57:03,834 - INFO - src.test_evaluation 57 - Aplicando undersampling (ratio=0.1) en entrenamiento
2025-10-09 20:57:04,449 - INFO - src.test_evaluation 81 - Semilla de entrenamiento: 652033
2025-10-09 20:59:46,472 - INFO - src.grafico_test 420 -   - Ganancia máxima con semilla 652033: 353,460,000
2025-10-09 20:59:46,472 - INFO - src.grafico_test 393 - Entrenando con semilla 754717 (14/5)
2025-10-09 20:59:46,472 - INFO - src.test_evaluation 36 - Período de test: 202104
2025-10-09 20:59:47,787 - INFO - src.loader 33 - Convirtiendo clase_ternaria a target binario
2025-10-09 20:59:47,916 - INFO - src.loader 52 - Conversión completada:
2025-10-09 20:59:47,916 - INFO - src.loader 53 -   Original - CONTINUA: 971054, BAJA+1: 3447, BAJA+2: 3938
2025-10-09 20:59:47,916 - INFO - src.loader 54 -   Binario - 0: 971054, 1: 7385
2025-10-09 20:59:47,917 - INFO - src.loader 55 -   Distribución: 0.75% casos positivos
2025-10-09 20:59:47,917 - INFO - src.loader 33 - Convirtiendo clase_ternaria a target binario
2025-10-09 20:59:48,042 - INFO - src.loader 52 - Conversión completada:
2025-10-09 20:59:48,042 - INFO - src.loader 53 -   Original - CONTINUA: 971054, BAJA+1: 3447, BAJA+2: 3938
2025-10-09 20:59:48,042 - INFO - src.loader 54 -   Binario - 0: 974501, 1: 3938
2025-10-09 20:59:48,043 - INFO - src.loader 55 -   Distribución: 0.40% casos positivos
2025-10-09 20:59:48,819 - INFO - src.test_evaluation 57 - Aplicando undersampling (ratio=0.1) en entrenamiento
2025-10-09 20:59:49,430 - INFO - src.test_evaluation 81 - Semilla de entrenamiento: 754717
2025-10-09 21:02:31,552 - INFO - src.grafico_test 420 -   - Ganancia máxima con semilla 754717: 358,480,000
2025-10-09 21:02:31,552 - INFO - src.grafico_test 393 - Entrenando con semilla 764783 (15/5)
2025-10-09 21:02:31,555 - INFO - src.test_evaluation 36 - Período de test: 202104
2025-10-09 21:02:32,871 - INFO - src.loader 33 - Convirtiendo clase_ternaria a target binario
2025-10-09 21:02:32,997 - INFO - src.loader 52 - Conversión completada:
2025-10-09 21:02:32,997 - INFO - src.loader 53 -   Original - CONTINUA: 971054, BAJA+1: 3447, BAJA+2: 3938
2025-10-09 21:02:32,997 - INFO - src.loader 54 -   Binario - 0: 971054, 1: 7385
2025-10-09 21:02:32,997 - INFO - src.loader 55 -   Distribución: 0.75% casos positivos
2025-10-09 21:02:32,997 - INFO - src.loader 33 - Convirtiendo clase_ternaria a target binario
2025-10-09 21:02:33,124 - INFO - src.loader 52 - Conversión completada:
2025-10-09 21:02:33,124 - INFO - src.loader 53 -   Original - CONTINUA: 971054, BAJA+1: 3447, BAJA+2: 3938
2025-10-09 21:02:33,124 - INFO - src.loader 54 -   Binario - 0: 974501, 1: 3938
2025-10-09 21:02:33,124 - INFO - src.loader 55 -   Distribución: 0.40% casos positivos
2025-10-09 21:02:33,902 - INFO - src.test_evaluation 57 - Aplicando undersampling (ratio=0.1) en entrenamiento
2025-10-09 21:02:34,540 - INFO - src.test_evaluation 81 - Semilla de entrenamiento: 764783
2025-10-09 21:05:19,121 - INFO - src.grafico_test 420 -   - Ganancia máxima con semilla 764783: 356,020,000
2025-10-09 21:05:19,121 - INFO - src.grafico_test 393 - Entrenando con semilla 792397 (16/5)
2025-10-09 21:05:19,121 - INFO - src.test_evaluation 36 - Período de test: 202104
2025-10-09 21:05:20,389 - INFO - src.loader 33 - Convirtiendo clase_ternaria a target binario
2025-10-09 21:05:20,522 - INFO - src.loader 52 - Conversión completada:
2025-10-09 21:05:20,523 - INFO - src.loader 53 -   Original - CONTINUA: 971054, BAJA+1: 3447, BAJA+2: 3938
2025-10-09 21:05:20,523 - INFO - src.loader 54 -   Binario - 0: 971054, 1: 7385
2025-10-09 21:05:20,523 - INFO - src.loader 55 -   Distribución: 0.75% casos positivos
2025-10-09 21:05:20,523 - INFO - src.loader 33 - Convirtiendo clase_ternaria a target binario
2025-10-09 21:05:20,652 - INFO - src.loader 52 - Conversión completada:
2025-10-09 21:05:20,652 - INFO - src.loader 53 -   Original - CONTINUA: 971054, BAJA+1: 3447, BAJA+2: 3938
2025-10-09 21:05:20,653 - INFO - src.loader 54 -   Binario - 0: 974501, 1: 3938
2025-10-09 21:05:20,653 - INFO - src.loader 55 -   Distribución: 0.40% casos positivos
2025-10-09 21:05:21,431 - INFO - src.test_evaluation 57 - Aplicando undersampling (ratio=0.1) en entrenamiento
2025-10-09 21:05:22,051 - INFO - src.test_evaluation 81 - Semilla de entrenamiento: 792397
2025-10-09 21:08:05,071 - INFO - src.grafico_test 420 -   - Ganancia máxima con semilla 792397: 351,600,000
2025-10-09 21:08:05,071 - INFO - src.grafico_test 393 - Entrenando con semilla 483629 (17/5)
2025-10-09 21:08:05,071 - INFO - src.test_evaluation 36 - Período de test: 202104
2025-10-09 21:08:06,379 - INFO - src.loader 33 - Convirtiendo clase_ternaria a target binario
2025-10-09 21:08:06,504 - INFO - src.loader 52 - Conversión completada:
2025-10-09 21:08:06,504 - INFO - src.loader 53 -   Original - CONTINUA: 971054, BAJA+1: 3447, BAJA+2: 3938
2025-10-09 21:08:06,504 - INFO - src.loader 54 -   Binario - 0: 971054, 1: 7385
2025-10-09 21:08:06,504 - INFO - src.loader 55 -   Distribución: 0.75% casos positivos
2025-10-09 21:08:06,504 - INFO - src.loader 33 - Convirtiendo clase_ternaria a target binario
2025-10-09 21:08:06,635 - INFO - src.loader 52 - Conversión completada:
2025-10-09 21:08:06,635 - INFO - src.loader 53 -   Original - CONTINUA: 971054, BAJA+1: 3447, BAJA+2: 3938
2025-10-09 21:08:06,635 - INFO - src.loader 54 -   Binario - 0: 974501, 1: 3938
2025-10-09 21:08:06,635 - INFO - src.loader 55 -   Distribución: 0.40% casos positivos
2025-10-09 21:08:07,401 - INFO - src.test_evaluation 57 - Aplicando undersampling (ratio=0.1) en entrenamiento
2025-10-09 21:08:08,035 - INFO - src.test_evaluation 81 - Semilla de entrenamiento: 483629
2025-10-09 21:10:51,232 - INFO - src.grafico_test 420 -   - Ganancia máxima con semilla 483629: 357,680,000
2025-10-09 21:10:51,232 - INFO - src.grafico_test 393 - Entrenando con semilla 217559 (18/5)
2025-10-09 21:10:51,232 - INFO - src.test_evaluation 36 - Período de test: 202104
2025-10-09 21:10:52,569 - INFO - src.loader 33 - Convirtiendo clase_ternaria a target binario
2025-10-09 21:10:52,698 - INFO - src.loader 52 - Conversión completada:
2025-10-09 21:10:52,698 - INFO - src.loader 53 -   Original - CONTINUA: 971054, BAJA+1: 3447, BAJA+2: 3938
2025-10-09 21:10:52,698 - INFO - src.loader 54 -   Binario - 0: 971054, 1: 7385
2025-10-09 21:10:52,698 - INFO - src.loader 55 -   Distribución: 0.75% casos positivos
2025-10-09 21:10:52,698 - INFO - src.loader 33 - Convirtiendo clase_ternaria a target binario
2025-10-09 21:10:52,823 - INFO - src.loader 52 - Conversión completada:
2025-10-09 21:10:52,824 - INFO - src.loader 53 -   Original - CONTINUA: 971054, BAJA+1: 3447, BAJA+2: 3938
2025-10-09 21:10:52,824 - INFO - src.loader 54 -   Binario - 0: 974501, 1: 3938
2025-10-09 21:10:52,824 - INFO - src.loader 55 -   Distribución: 0.40% casos positivos
2025-10-09 21:10:53,573 - INFO - src.test_evaluation 57 - Aplicando undersampling (ratio=0.1) en entrenamiento
2025-10-09 21:10:54,170 - INFO - src.test_evaluation 81 - Semilla de entrenamiento: 217559
2025-10-09 21:13:37,259 - INFO - src.grafico_test 420 -   - Ganancia máxima con semilla 217559: 353,160,000
2025-10-09 21:13:37,259 - INFO - src.grafico_test 393 - Entrenando con semilla 634597 (19/5)
2025-10-09 21:13:37,259 - INFO - src.test_evaluation 36 - Período de test: 202104
2025-10-09 21:13:38,558 - INFO - src.loader 33 - Convirtiendo clase_ternaria a target binario
2025-10-09 21:13:38,686 - INFO - src.loader 52 - Conversión completada:
2025-10-09 21:13:38,687 - INFO - src.loader 53 -   Original - CONTINUA: 971054, BAJA+1: 3447, BAJA+2: 3938
2025-10-09 21:13:38,687 - INFO - src.loader 54 -   Binario - 0: 971054, 1: 7385
2025-10-09 21:13:38,687 - INFO - src.loader 55 -   Distribución: 0.75% casos positivos
2025-10-09 21:13:38,687 - INFO - src.loader 33 - Convirtiendo clase_ternaria a target binario
2025-10-09 21:13:38,812 - INFO - src.loader 52 - Conversión completada:
2025-10-09 21:13:38,812 - INFO - src.loader 53 -   Original - CONTINUA: 971054, BAJA+1: 3447, BAJA+2: 3938
2025-10-09 21:13:38,813 - INFO - src.loader 54 -   Binario - 0: 974501, 1: 3938
2025-10-09 21:13:38,813 - INFO - src.loader 55 -   Distribución: 0.40% casos positivos
2025-10-09 21:13:39,605 - INFO - src.test_evaluation 57 - Aplicando undersampling (ratio=0.1) en entrenamiento
2025-10-09 21:13:40,222 - INFO - src.test_evaluation 81 - Semilla de entrenamiento: 634597
2025-10-09 21:16:22,515 - INFO - src.grafico_test 420 -   - Ganancia máxima con semilla 634597: 362,280,000
2025-10-09 21:16:22,515 - INFO - src.grafico_test 393 - Entrenando con semilla 435037 (20/5)
2025-10-09 21:16:22,515 - INFO - src.test_evaluation 36 - Período de test: 202104
2025-10-09 21:16:23,777 - INFO - src.loader 33 - Convirtiendo clase_ternaria a target binario
2025-10-09 21:16:23,908 - INFO - src.loader 52 - Conversión completada:
2025-10-09 21:16:23,908 - INFO - src.loader 53 -   Original - CONTINUA: 971054, BAJA+1: 3447, BAJA+2: 3938
2025-10-09 21:16:23,908 - INFO - src.loader 54 -   Binario - 0: 971054, 1: 7385
2025-10-09 21:16:23,908 - INFO - src.loader 55 -   Distribución: 0.75% casos positivos
2025-10-09 21:16:23,909 - INFO - src.loader 33 - Convirtiendo clase_ternaria a target binario
2025-10-09 21:16:24,037 - INFO - src.loader 52 - Conversión completada:
2025-10-09 21:16:24,038 - INFO - src.loader 53 -   Original - CONTINUA: 971054, BAJA+1: 3447, BAJA+2: 3938
2025-10-09 21:16:24,038 - INFO - src.loader 54 -   Binario - 0: 974501, 1: 3938
2025-10-09 21:16:24,038 - INFO - src.loader 55 -   Distribución: 0.40% casos positivos
2025-10-09 21:16:24,826 - INFO - src.test_evaluation 57 - Aplicando undersampling (ratio=0.1) en entrenamiento
2025-10-09 21:16:25,449 - INFO - src.test_evaluation 81 - Semilla de entrenamiento: 435037
2025-10-09 21:19:06,627 - INFO - src.grafico_test 420 -   - Ganancia máxima con semilla 435037: 360,220,000
2025-10-09 21:19:06,630 - INFO - src.grafico_test 235 - === CREANDO GRÁFICO COMPARATIVO MÚLTIPLES SEMILLAS ===
2025-10-09 21:19:07,233 - INFO - src.grafico_test 346 - Estadísticas comparativas del gráfico:
2025-10-09 21:19:07,233 - INFO - src.grafico_test 347 -   - Ganancia máxima global: 368,080,000
2025-10-09 21:19:07,234 - INFO - src.grafico_test 348 -   - Ganancia máxima promedio: 358,102,000
2025-10-09 21:19:07,234 - INFO - src.grafico_test 349 -   - Desviación estándar de ganancias: 3,902,942
2025-10-09 21:19:07,234 - INFO - src.grafico_test 350 -   - Corte óptimo promedio: 9,566 clientes
2025-10-09 21:19:07,235 - INFO - src.grafico_test 351 -   - Desviación estándar de cortes: 1,284 clientes
2025-10-09 21:19:07,235 - INFO - src.grafico_test 352 -   - Umbral de filtrado: 242,932,800 (66% del máximo global)
2025-10-09 21:19:07,235 - INFO - src.grafico_test 353 -   - CURVA MEDIA: Ganancia máxima: 354,560,000 en 9,493 clientes
2025-10-09 21:19:07,235 - INFO - src.grafico_test 356 -   - Semilla 156071: Max=368,080,000, Corte=10,315
2025-10-09 21:19:07,235 - INFO - src.grafico_test 356 -   - Semilla 712289: Max=358,500,000, Corte=8,314
2025-10-09 21:19:07,235 - INFO - src.grafico_test 356 -   - Semilla 864077: Max=355,820,000, Corte=9,568
2025-10-09 21:19:07,235 - INFO - src.grafico_test 356 -   - Semilla 921241: Max=356,720,000, Corte=10,043
2025-10-09 21:19:07,235 - INFO - src.grafico_test 356 -   - Semilla 525727: Max=356,900,000, Corte=11,634
2025-10-09 21:19:07,235 - INFO - src.grafico_test 356 -   - Semilla 897931: Max=360,720,000, Corte=9,603
2025-10-09 21:19:07,235 - INFO - src.grafico_test 356 -   - Semilla 455701: Max=361,200,000, Corte=7,739
2025-10-09 21:19:07,235 - INFO - src.grafico_test 356 -   - Semilla 942583: Max=364,200,000, Corte=10,549
2025-10-09 21:19:07,235 - INFO - src.grafico_test 356 -   - Semilla 570403: Max=360,440,000, Corte=8,137
2025-10-09 21:19:07,235 - INFO - src.grafico_test 356 -   - Semilla 547399: Max=354,380,000, Corte=9,400
2025-10-09 21:19:07,235 - INFO - src.grafico_test 356 -   - Semilla 516227: Max=355,600,000, Corte=8,179
2025-10-09 21:19:07,235 - INFO - src.grafico_test 356 -   - Semilla 246889: Max=356,580,000, Corte=9,410
2025-10-09 21:19:07,235 - INFO - src.grafico_test 356 -   - Semilla 652033: Max=353,460,000, Corte=8,006
2025-10-09 21:19:07,235 - INFO - src.grafico_test 356 -   - Semilla 754717: Max=358,480,000, Corte=10,115
2025-10-09 21:19:07,235 - INFO - src.grafico_test 356 -   - Semilla 764783: Max=356,020,000, Corte=11,758
2025-10-09 21:19:07,236 - INFO - src.grafico_test 356 -   - Semilla 792397: Max=351,600,000, Corte=11,939
2025-10-09 21:19:07,236 - INFO - src.grafico_test 356 -   - Semilla 483629: Max=357,680,000, Corte=9,155
2025-10-09 21:19:07,236 - INFO - src.grafico_test 356 -   - Semilla 217559: Max=353,160,000, Corte=7,741
2025-10-09 21:19:07,236 - INFO - src.grafico_test 356 -   - Semilla 634597: Max=362,280,000, Corte=9,085
2025-10-09 21:19:07,236 - INFO - src.grafico_test 356 -   - Semilla 435037: Max=360,220,000, Corte=10,628
2025-10-09 21:19:07,236 - INFO - src.grafico_test 358 - Gráfico comparativo guardado en: resultados/Con_50trials_cv(us0.1)_grafico_comparativo_semillas_20251009_211906.jpg
2025-10-09 21:19:07,236 - INFO - src.grafico_test 425 - === GRÁFICO DE TEST CON MÚLTIPLES SEMILLAS COMPLETADO ===
2025-10-09 21:19:07,447 - INFO - __main__ 89 - ✅ Gráfico generado: resultados/Con_50trials_cv(us0.1)_grafico_comparativo_semillas_20251009_211906.jpg
2025-10-09 21:19:07,447 - INFO - __main__ 92 - === ENTRENAMIENTO FINAL ===
2025-10-09 21:19:07,448 - INFO - __main__ 95 - Entrenar modelo final
2025-10-09 21:19:07,448 - INFO - src.final_training 69 - Iniciando entrenamiento del modelo final
2025-10-09 21:19:08,126 - INFO - src.loader 33 - Convirtiendo clase_ternaria a target binario
2025-10-09 21:19:08,220 - INFO - src.loader 52 - Conversión completada:
2025-10-09 21:19:08,220 - INFO - src.loader 53 -   Original - CONTINUA: 642824, BAJA+1: 3447, BAJA+2: 3938
2025-10-09 21:19:08,220 - INFO - src.loader 54 -   Binario - 0: 642824, 1: 7385
2025-10-09 21:19:08,220 - INFO - src.loader 55 -   Distribución: 1.14% casos positivos
2025-10-09 21:19:08,220 - INFO - src.final_training 76 - Aplicando undersampling (ratio=0.1) en entrenamiento final
2025-10-09 21:19:08,740 - INFO - src.final_training 100 - Entrenando modelo...
2025-10-09 21:19:25,894 - INFO - __main__ 99 - Generar predicciones finales
2025-10-09 21:19:26,334 - INFO - src.final_training 126 - Generando predicciones finales
2025-10-09 21:19:27,838 - INFO - src.final_training 145 - Predicciones generadas:
2025-10-09 21:19:27,838 - INFO - src.final_training 146 -   Total clientes: 164,313
2025-10-09 21:19:27,838 - INFO - src.final_training 147 -   Predicciones positivas: 23,909 (14.55%)
2025-10-09 21:19:27,839 - INFO - src.final_training 148 -   Predicciones negativas: 140,404
2025-10-09 21:19:27,839 - INFO - src.final_training 149 -   Umbral utilizado: 0.025
2025-10-09 21:19:27,839 - INFO - __main__ 106 - Guardar predicciones
2025-10-09 21:19:27,935 - INFO - src.output_manager 52 - Predicciones guardadas en: predict/Con_50trials_cv(us0.1)_20251009_211927.csv
2025-10-09 21:19:27,935 - INFO - src.output_manager 53 - Formato del archivo:
2025-10-09 21:19:27,935 - INFO - src.output_manager 54 -   Columnas: ['numero_cliente', 'predict']
2025-10-09 21:19:27,935 - INFO - src.output_manager 55 -   Registros: 164,313
2025-10-09 21:19:27,935 - INFO - src.output_manager 56 -   Primeras filas:
2025-10-09 21:19:27,939 - INFO - src.output_manager 57 -    numero_cliente  predict
0       249257429        0
1       249293450        0
2       249321238        0
3       249608933        0
4       249649702        0
2025-10-09 21:19:27,939 - INFO - __main__ 111 - === RESUMEN FINAL ===
2025-10-09 21:19:27,939 - INFO - __main__ 112 - ✅ Entrenamiento final completado exitosamente
2025-10-09 21:19:27,939 - INFO - __main__ 113 - 📊 Mejores hiperparámetros utilizados: {'num_leaves': 207, 'learning_rate': 0.0347344652162764, 'feature_fraction': 0.49155336499144986, 'bagging_fraction': 0.5543697079348857, 'min_child_samples': 86, 'max_depth': 14, 'reg_alpha': 0.007675731108071432, 'reg_lambda': 2.5345743260625984, 'bin': 31, 'min_data_in_leaf': 3, 'num_iterations': 855}
2025-10-09 21:19:27,939 - INFO - __main__ 117 - 📝 Log detallado: logs/log_Con_50trials_cv(us0.1)_2025-10-09_20_23_07.log
2025-10-09 21:19:27,939 - INFO - __main__ 119 - >>> Ejecución finalizada. Revisar logs para mas detalles.
