2025-10-03 09:35:18,552 - INFO - __main__ 39 - Inicio de ejecucion.
2025-10-03 09:35:18,552 - INFO - src.loader 9 - Cargando dataset desde ./data/competencia.csv
2025-10-03 09:35:24,934 - INFO - __name__ 26 - Realizando feature engineering con 2 lags para 3 atributos
2025-10-03 09:35:29,802 - INFO - __name__ 56 - Feature engineering completado. DataFrame resultante con 161 columnas
2025-10-03 09:35:29,802 - INFO - __main__ 49 - Feature Engineering completado: (978439, 161)
2025-10-03 09:35:29,802 - INFO - __main__ 69 - === EVALUACIÓN EN CONJUNTO DE TEST ===
2025-10-03 09:35:29,805 - INFO - src.best_params 34 - Mejores hiperparámetros cargados desde resultados/Con_100trials_cv_01_iteraciones.json
2025-10-03 09:35:29,805 - INFO - src.best_params 35 - Mejor ganancia encontrada: 540,616,000
2025-10-03 09:35:29,806 - INFO - src.best_params 36 - Trial número: 82
2025-10-03 09:35:29,806 - INFO - src.best_params 37 - Parámetros: {'num_leaves': 264, 'learning_rate': 0.10103271794131473, 'feature_fraction': 0.8307360032803072, 'bagging_fraction': 0.7523425679258137, 'min_child_samples': 14, 'max_depth': 15, 'reg_alpha': 0.7725393327526533, 'reg_lambda': 8.442827470540792, 'bin': 126}
2025-10-03 09:35:29,806 - INFO - src.test_evaluation 30 - === EVALUACIÓN EN CONJUNTO DE TEST ===
2025-10-03 09:35:29,806 - INFO - src.test_evaluation 31 - Período de test: 202104
2025-10-03 09:35:30,309 - INFO - src.loader 33 - Convirtiendo clase_ternaria a target binario
2025-10-03 09:35:30,508 - INFO - src.loader 52 - Conversión completada:
2025-10-03 09:35:30,508 - INFO - src.loader 53 -   Original - CONTINUA: 971054, BAJA+1: 3447, BAJA+2: 3938
2025-10-03 09:35:30,508 - INFO - src.loader 54 -   Binario - 0: 971054, 1: 7385
2025-10-03 09:35:30,508 - INFO - src.loader 55 -   Distribución: 0.75% casos positivos
2025-10-03 09:35:30,508 - INFO - src.loader 33 - Convirtiendo clase_ternaria a target binario
2025-10-03 09:35:30,635 - INFO - src.loader 52 - Conversión completada:
2025-10-03 09:35:30,635 - INFO - src.loader 53 -   Original - CONTINUA: 971054, BAJA+1: 3447, BAJA+2: 3938
2025-10-03 09:35:30,636 - INFO - src.loader 54 -   Binario - 0: 974501, 1: 3938
2025-10-03 09:35:30,636 - INFO - src.loader 55 -   Distribución: 0.40% casos positivos
2025-10-03 09:35:31,358 - INFO - src.test_evaluation 62 - Semilla de entrenamiento: 811157
2025-10-03 09:35:40,929 - INFO - src.test_evaluation 150 - Resultados guardados en resultados/Con_100trials_cv_01_test_results_20251003_093540.json
2025-10-03 09:35:40,929 - INFO - __main__ 79 - === RESUMEN DE EVALUACIÓN EN TEST ===
2025-10-03 09:35:40,929 - INFO - __main__ 80 - ✅ Ganancia en test: 2,147,467,296
2025-10-03 09:35:40,929 - INFO - __main__ 82 - === GRAFICO DE TEST ===
2025-10-03 09:35:40,929 - INFO - src.grafico_test 272 - === INICIANDO GENERACIÓN DE GRÁFICO DE TEST CON MÚLTIPLES SEMILLAS ===
2025-10-03 09:35:40,929 - INFO - src.best_params 34 - Mejores hiperparámetros cargados desde resultados/Con_100trials_cv_01_iteraciones.json
2025-10-03 09:35:40,929 - INFO - src.best_params 35 - Mejor ganancia encontrada: 540,616,000
2025-10-03 09:35:40,932 - INFO - src.best_params 36 - Trial número: 82
2025-10-03 09:35:40,932 - INFO - src.best_params 37 - Parámetros: {'num_leaves': 264, 'learning_rate': 0.10103271794131473, 'feature_fraction': 0.8307360032803072, 'bagging_fraction': 0.7523425679258137, 'min_child_samples': 14, 'max_depth': 15, 'reg_alpha': 0.7725393327526533, 'reg_lambda': 8.442827470540792, 'bin': 126}
2025-10-03 09:35:40,932 - INFO - src.loader 33 - Convirtiendo clase_ternaria a target binario
2025-10-03 09:35:41,098 - INFO - src.loader 52 - Conversión completada:
2025-10-03 09:35:41,098 - INFO - src.loader 53 -   Original - CONTINUA: 0, BAJA+1: 0, BAJA+2: 0
2025-10-03 09:35:41,098 - INFO - src.loader 54 -   Binario - 0: 978439, 1: 0
2025-10-03 09:35:41,098 - INFO - src.loader 55 -   Distribución: 0.00% casos positivos
2025-10-03 09:35:41,292 - INFO - src.grafico_test 288 - Entrenando con semilla 811157 (1/5)
2025-10-03 09:35:41,292 - INFO - src.test_evaluation 30 - === EVALUACIÓN EN CONJUNTO DE TEST ===
2025-10-03 09:35:41,292 - INFO - src.test_evaluation 31 - Período de test: 202104
2025-10-03 09:35:41,670 - INFO - src.loader 33 - Convirtiendo clase_ternaria a target binario
2025-10-03 09:35:41,833 - INFO - src.loader 52 - Conversión completada:
2025-10-03 09:35:41,834 - INFO - src.loader 53 -   Original - CONTINUA: 0, BAJA+1: 0, BAJA+2: 0
2025-10-03 09:35:41,834 - INFO - src.loader 54 -   Binario - 0: 0, 1: 978439
2025-10-03 09:35:41,834 - INFO - src.loader 55 -   Distribución: 100.00% casos positivos
2025-10-03 09:35:41,834 - INFO - src.loader 33 - Convirtiendo clase_ternaria a target binario
2025-10-03 09:35:42,012 - INFO - src.loader 52 - Conversión completada:
2025-10-03 09:35:42,013 - INFO - src.loader 53 -   Original - CONTINUA: 0, BAJA+1: 0, BAJA+2: 0
2025-10-03 09:35:42,013 - INFO - src.loader 54 -   Binario - 0: 978439, 1: 0
2025-10-03 09:35:42,013 - INFO - src.loader 55 -   Distribución: 0.00% casos positivos
2025-10-03 09:35:42,626 - INFO - src.test_evaluation 62 - Semilla de entrenamiento: 811157
2025-10-03 09:38:52,751 - INFO - src.grafico_test 310 -   - Ganancia máxima con semilla 811157: -20,000
2025-10-03 09:38:52,751 - INFO - src.grafico_test 288 - Entrenando con semilla 502717 (2/5)
2025-10-03 09:38:52,751 - INFO - src.test_evaluation 30 - === EVALUACIÓN EN CONJUNTO DE TEST ===
2025-10-03 09:38:52,753 - INFO - src.test_evaluation 31 - Período de test: 202104
2025-10-03 09:38:53,179 - INFO - src.loader 33 - Convirtiendo clase_ternaria a target binario
2025-10-03 09:38:53,312 - INFO - src.loader 52 - Conversión completada:
2025-10-03 09:38:53,312 - INFO - src.loader 53 -   Original - CONTINUA: 0, BAJA+1: 0, BAJA+2: 0
2025-10-03 09:38:53,312 - INFO - src.loader 54 -   Binario - 0: 0, 1: 978439
2025-10-03 09:38:53,313 - INFO - src.loader 55 -   Distribución: 100.00% casos positivos
2025-10-03 09:38:53,313 - INFO - src.loader 33 - Convirtiendo clase_ternaria a target binario
2025-10-03 09:38:53,496 - INFO - src.loader 52 - Conversión completada:
2025-10-03 09:38:53,497 - INFO - src.loader 53 -   Original - CONTINUA: 0, BAJA+1: 0, BAJA+2: 0
2025-10-03 09:38:53,497 - INFO - src.loader 54 -   Binario - 0: 978439, 1: 0
2025-10-03 09:38:53,497 - INFO - src.loader 55 -   Distribución: 0.00% casos positivos
2025-10-03 09:38:54,248 - INFO - src.test_evaluation 62 - Semilla de entrenamiento: 502717
