2025-10-09 14:00:23,367 - INFO - __main__ 39 - Inicio de ejecucion.
2025-10-09 14:00:23,367 - INFO - src.loader 9 - Cargando dataset desde ./data/competencia.csv
2025-10-09 14:00:28,959 - INFO - __name__ 26 - Realizando feature engineering con 2 lags para 3 atributos
2025-10-09 14:00:33,471 - INFO - __name__ 56 - Feature engineering completado. DataFrame resultante con 161 columnas
2025-10-09 14:00:33,471 - INFO - __main__ 49 - Feature Engineering completado: (978439, 161)
2025-10-09 14:00:33,472 - INFO - __main__ 69 - === EVALUACIÓN EN CONJUNTO DE TEST ===
2025-10-09 14:00:33,473 - INFO - src.best_params 34 - Mejores hiperparámetros cargados desde resultados/Con_50trials_cv(01-04)_iteraciones.json
2025-10-09 14:00:33,473 - INFO - src.best_params 35 - Mejor ganancia encontrada: 771,064,000
2025-10-09 14:00:33,473 - INFO - src.best_params 36 - Trial número: 48
2025-10-09 14:00:33,473 - INFO - src.best_params 37 - Parámetros: {'num_leaves': 275, 'learning_rate': 0.1124828798037451, 'feature_fraction': 0.5350786363389273, 'bagging_fraction': 0.8384187556476188, 'min_child_samples': 87, 'max_depth': 10, 'reg_alpha': 1.5885878639015094, 'reg_lambda': 5.746900446126809, 'bin': 101}
2025-10-09 14:00:33,473 - INFO - src.test_evaluation 30 - === EVALUACIÓN EN CONJUNTO DE TEST ===
2025-10-09 14:00:33,473 - INFO - src.test_evaluation 31 - Período de test: 202104
2025-10-09 14:00:34,109 - INFO - src.loader 33 - Convirtiendo clase_ternaria a target binario
2025-10-09 14:00:34,234 - INFO - src.loader 52 - Conversión completada:
2025-10-09 14:00:34,235 - INFO - src.loader 53 -   Original - CONTINUA: 971054, BAJA+1: 3447, BAJA+2: 3938
2025-10-09 14:00:34,235 - INFO - src.loader 54 -   Binario - 0: 971054, 1: 7385
2025-10-09 14:00:34,235 - INFO - src.loader 55 -   Distribución: 0.75% casos positivos
2025-10-09 14:00:34,235 - INFO - src.loader 33 - Convirtiendo clase_ternaria a target binario
2025-10-09 14:00:34,359 - INFO - src.loader 52 - Conversión completada:
2025-10-09 14:00:34,359 - INFO - src.loader 53 -   Original - CONTINUA: 971054, BAJA+1: 3447, BAJA+2: 3938
2025-10-09 14:00:34,359 - INFO - src.loader 54 -   Binario - 0: 974501, 1: 3938
2025-10-09 14:00:34,359 - INFO - src.loader 55 -   Distribución: 0.40% casos positivos
2025-10-09 14:00:35,135 - INFO - src.test_evaluation 69 - Semilla de entrenamiento: 811157
2025-10-09 14:00:45,496 - INFO - src.test_evaluation 156 - Resultados guardados en resultados/Con_50trials_cv(01-04)_test_results_20251009_140045.json
2025-10-09 14:00:45,496 - INFO - __main__ 79 - === RESUMEN DE EVALUACIÓN EN TEST ===
2025-10-09 14:00:45,496 - INFO - __main__ 80 - ✅ Ganancia en test: 2,147,467,296
2025-10-09 14:00:45,496 - INFO - __main__ 82 - === GRAFICO DE TEST ===
2025-10-09 14:00:45,496 - INFO - src.grafico_test 324 - === INICIANDO GENERACIÓN DE GRÁFICO DE TEST CON MÚLTIPLES SEMILLAS ===
2025-10-09 14:00:45,497 - INFO - src.best_params 34 - Mejores hiperparámetros cargados desde resultados/Con_50trials_cv(01-04)_iteraciones.json
2025-10-09 14:00:45,497 - INFO - src.best_params 35 - Mejor ganancia encontrada: 771,064,000
2025-10-09 14:00:45,497 - INFO - src.best_params 36 - Trial número: 48
2025-10-09 14:00:45,497 - INFO - src.best_params 37 - Parámetros: {'num_leaves': 275, 'learning_rate': 0.1124828798037451, 'feature_fraction': 0.5350786363389273, 'bagging_fraction': 0.8384187556476188, 'min_child_samples': 87, 'max_depth': 10, 'reg_alpha': 1.5885878639015094, 'reg_lambda': 5.746900446126809, 'bin': 101}
2025-10-09 14:00:45,840 - INFO - src.loader 33 - Convirtiendo clase_ternaria a target binario
2025-10-09 14:00:45,990 - INFO - src.loader 52 - Conversión completada:
2025-10-09 14:00:45,990 - INFO - src.loader 53 -   Original - CONTINUA: 971054, BAJA+1: 3447, BAJA+2: 3938
2025-10-09 14:00:45,990 - INFO - src.loader 54 -   Binario - 0: 974501, 1: 3938
2025-10-09 14:00:45,990 - INFO - src.loader 55 -   Distribución: 0.40% casos positivos
2025-10-09 14:00:46,113 - INFO - src.grafico_test 345 - Entrenando con semilla 267575717 (1/5)
2025-10-09 14:00:46,113 - INFO - src.test_evaluation 30 - === EVALUACIÓN EN CONJUNTO DE TEST ===
2025-10-09 14:00:46,114 - INFO - src.test_evaluation 31 - Período de test: 202104
2025-10-09 14:00:46,725 - INFO - src.loader 33 - Convirtiendo clase_ternaria a target binario
2025-10-09 14:00:46,859 - INFO - src.loader 52 - Conversión completada:
2025-10-09 14:00:46,862 - INFO - src.loader 53 -   Original - CONTINUA: 971054, BAJA+1: 3447, BAJA+2: 3938
2025-10-09 14:00:46,862 - INFO - src.loader 54 -   Binario - 0: 971054, 1: 7385
2025-10-09 14:00:46,862 - INFO - src.loader 55 -   Distribución: 0.75% casos positivos
2025-10-09 14:00:46,863 - INFO - src.loader 33 - Convirtiendo clase_ternaria a target binario
2025-10-09 14:00:46,996 - INFO - src.loader 52 - Conversión completada:
2025-10-09 14:00:46,997 - INFO - src.loader 53 -   Original - CONTINUA: 971054, BAJA+1: 3447, BAJA+2: 3938
2025-10-09 14:00:46,997 - INFO - src.loader 54 -   Binario - 0: 974501, 1: 3938
2025-10-09 14:00:46,997 - INFO - src.loader 55 -   Distribución: 0.40% casos positivos
2025-10-09 14:00:47,844 - INFO - src.test_evaluation 69 - Semilla de entrenamiento: 267575717
2025-10-09 14:03:31,375 - INFO - src.grafico_test 367 -   - Ganancia máxima con semilla 267575717: 338,460,000
2025-10-09 14:03:31,376 - INFO - src.grafico_test 345 - Entrenando con semilla 2921956480 (2/5)
2025-10-09 14:03:31,376 - INFO - src.test_evaluation 30 - === EVALUACIÓN EN CONJUNTO DE TEST ===
2025-10-09 14:03:31,376 - INFO - src.test_evaluation 31 - Período de test: 202104
2025-10-09 14:03:31,979 - INFO - src.loader 33 - Convirtiendo clase_ternaria a target binario
2025-10-09 14:03:32,108 - INFO - src.loader 52 - Conversión completada:
2025-10-09 14:03:32,108 - INFO - src.loader 53 -   Original - CONTINUA: 971054, BAJA+1: 3447, BAJA+2: 3938
2025-10-09 14:03:32,108 - INFO - src.loader 54 -   Binario - 0: 971054, 1: 7385
2025-10-09 14:03:32,108 - INFO - src.loader 55 -   Distribución: 0.75% casos positivos
2025-10-09 14:03:32,108 - INFO - src.loader 33 - Convirtiendo clase_ternaria a target binario
2025-10-09 14:03:32,237 - INFO - src.loader 52 - Conversión completada:
2025-10-09 14:03:32,237 - INFO - src.loader 53 -   Original - CONTINUA: 971054, BAJA+1: 3447, BAJA+2: 3938
2025-10-09 14:03:32,237 - INFO - src.loader 54 -   Binario - 0: 974501, 1: 3938
2025-10-09 14:03:32,237 - INFO - src.loader 55 -   Distribución: 0.40% casos positivos
2025-10-09 14:03:33,042 - INFO - src.test_evaluation 69 - Semilla de entrenamiento: 2921956480
2025-10-09 14:06:18,682 - INFO - src.grafico_test 367 -   - Ganancia máxima con semilla 2921956480: 345,440,000
2025-10-09 14:06:18,682 - INFO - src.grafico_test 345 - Entrenando con semilla 3646296322 (3/5)
2025-10-09 14:06:18,682 - INFO - src.test_evaluation 30 - === EVALUACIÓN EN CONJUNTO DE TEST ===
2025-10-09 14:06:18,682 - INFO - src.test_evaluation 31 - Período de test: 202104
2025-10-09 14:06:19,354 - INFO - src.loader 33 - Convirtiendo clase_ternaria a target binario
2025-10-09 14:06:19,492 - INFO - src.loader 52 - Conversión completada:
2025-10-09 14:06:19,492 - INFO - src.loader 53 -   Original - CONTINUA: 971054, BAJA+1: 3447, BAJA+2: 3938
2025-10-09 14:06:19,492 - INFO - src.loader 54 -   Binario - 0: 971054, 1: 7385
2025-10-09 14:06:19,492 - INFO - src.loader 55 -   Distribución: 0.75% casos positivos
2025-10-09 14:06:19,492 - INFO - src.loader 33 - Convirtiendo clase_ternaria a target binario
2025-10-09 14:06:19,619 - INFO - src.loader 52 - Conversión completada:
2025-10-09 14:06:19,619 - INFO - src.loader 53 -   Original - CONTINUA: 971054, BAJA+1: 3447, BAJA+2: 3938
2025-10-09 14:06:19,619 - INFO - src.loader 54 -   Binario - 0: 974501, 1: 3938
2025-10-09 14:06:19,621 - INFO - src.loader 55 -   Distribución: 0.40% casos positivos
2025-10-09 14:06:20,371 - INFO - src.test_evaluation 69 - Semilla de entrenamiento: 3646296322
2025-10-09 14:09:06,775 - INFO - src.grafico_test 367 -   - Ganancia máxima con semilla 3646296322: 346,840,000
2025-10-09 14:09:06,776 - INFO - src.grafico_test 345 - Entrenando con semilla 3919119180 (4/5)
2025-10-09 14:09:06,776 - INFO - src.test_evaluation 30 - === EVALUACIÓN EN CONJUNTO DE TEST ===
2025-10-09 14:09:06,776 - INFO - src.test_evaluation 31 - Período de test: 202104
2025-10-09 14:09:07,389 - INFO - src.loader 33 - Convirtiendo clase_ternaria a target binario
2025-10-09 14:09:07,524 - INFO - src.loader 52 - Conversión completada:
2025-10-09 14:09:07,525 - INFO - src.loader 53 -   Original - CONTINUA: 971054, BAJA+1: 3447, BAJA+2: 3938
2025-10-09 14:09:07,525 - INFO - src.loader 54 -   Binario - 0: 971054, 1: 7385
2025-10-09 14:09:07,525 - INFO - src.loader 55 -   Distribución: 0.75% casos positivos
2025-10-09 14:09:07,525 - INFO - src.loader 33 - Convirtiendo clase_ternaria a target binario
2025-10-09 14:09:07,655 - INFO - src.loader 52 - Conversión completada:
2025-10-09 14:09:07,655 - INFO - src.loader 53 -   Original - CONTINUA: 971054, BAJA+1: 3447, BAJA+2: 3938
2025-10-09 14:09:07,657 - INFO - src.loader 54 -   Binario - 0: 974501, 1: 3938
2025-10-09 14:09:07,657 - INFO - src.loader 55 -   Distribución: 0.40% casos positivos
2025-10-09 14:09:08,438 - INFO - src.test_evaluation 69 - Semilla de entrenamiento: 3919119180
2025-10-09 14:11:57,981 - INFO - src.grafico_test 367 -   - Ganancia máxima con semilla 3919119180: 341,700,000
2025-10-09 14:11:57,981 - INFO - src.grafico_test 345 - Entrenando con semilla 2031626485 (5/5)
2025-10-09 14:11:57,981 - INFO - src.test_evaluation 30 - === EVALUACIÓN EN CONJUNTO DE TEST ===
2025-10-09 14:11:57,981 - INFO - src.test_evaluation 31 - Período de test: 202104
2025-10-09 14:11:58,718 - INFO - src.loader 33 - Convirtiendo clase_ternaria a target binario
2025-10-09 14:11:58,858 - INFO - src.loader 52 - Conversión completada:
2025-10-09 14:11:58,858 - INFO - src.loader 53 -   Original - CONTINUA: 971054, BAJA+1: 3447, BAJA+2: 3938
2025-10-09 14:11:58,858 - INFO - src.loader 54 -   Binario - 0: 971054, 1: 7385
2025-10-09 14:11:58,858 - INFO - src.loader 55 -   Distribución: 0.75% casos positivos
2025-10-09 14:11:58,859 - INFO - src.loader 33 - Convirtiendo clase_ternaria a target binario
2025-10-09 14:11:58,988 - INFO - src.loader 52 - Conversión completada:
2025-10-09 14:11:58,988 - INFO - src.loader 53 -   Original - CONTINUA: 971054, BAJA+1: 3447, BAJA+2: 3938
2025-10-09 14:11:58,988 - INFO - src.loader 54 -   Binario - 0: 974501, 1: 3938
2025-10-09 14:11:58,988 - INFO - src.loader 55 -   Distribución: 0.40% casos positivos
2025-10-09 14:11:59,773 - INFO - src.test_evaluation 69 - Semilla de entrenamiento: 2031626485
2025-10-09 14:14:48,624 - INFO - src.grafico_test 367 -   - Ganancia máxima con semilla 2031626485: 350,600,000
2025-10-09 14:14:48,624 - INFO - src.grafico_test 345 - Entrenando con semilla 3807823223 (6/5)
2025-10-09 14:14:48,625 - INFO - src.test_evaluation 30 - === EVALUACIÓN EN CONJUNTO DE TEST ===
2025-10-09 14:14:48,626 - INFO - src.test_evaluation 31 - Período de test: 202104
2025-10-09 14:14:49,226 - INFO - src.loader 33 - Convirtiendo clase_ternaria a target binario
2025-10-09 14:14:49,363 - INFO - src.loader 52 - Conversión completada:
2025-10-09 14:14:49,363 - INFO - src.loader 53 -   Original - CONTINUA: 971054, BAJA+1: 3447, BAJA+2: 3938
2025-10-09 14:14:49,363 - INFO - src.loader 54 -   Binario - 0: 971054, 1: 7385
2025-10-09 14:14:49,363 - INFO - src.loader 55 -   Distribución: 0.75% casos positivos
2025-10-09 14:14:49,363 - INFO - src.loader 33 - Convirtiendo clase_ternaria a target binario
2025-10-09 14:14:49,493 - INFO - src.loader 52 - Conversión completada:
2025-10-09 14:14:49,493 - INFO - src.loader 53 -   Original - CONTINUA: 971054, BAJA+1: 3447, BAJA+2: 3938
2025-10-09 14:14:49,494 - INFO - src.loader 54 -   Binario - 0: 974501, 1: 3938
2025-10-09 14:14:49,494 - INFO - src.loader 55 -   Distribución: 0.40% casos positivos
2025-10-09 14:14:50,266 - INFO - src.test_evaluation 69 - Semilla de entrenamiento: 3807823223
2025-10-09 14:17:32,379 - INFO - src.grafico_test 367 -   - Ganancia máxima con semilla 3807823223: 346,700,000
2025-10-09 14:17:32,379 - INFO - src.grafico_test 345 - Entrenando con semilla 1697411506 (7/5)
2025-10-09 14:17:32,379 - INFO - src.test_evaluation 30 - === EVALUACIÓN EN CONJUNTO DE TEST ===
2025-10-09 14:17:32,382 - INFO - src.test_evaluation 31 - Período de test: 202104
2025-10-09 14:17:33,053 - INFO - src.loader 33 - Convirtiendo clase_ternaria a target binario
2025-10-09 14:17:33,185 - INFO - src.loader 52 - Conversión completada:
2025-10-09 14:17:33,185 - INFO - src.loader 53 -   Original - CONTINUA: 971054, BAJA+1: 3447, BAJA+2: 3938
2025-10-09 14:17:33,185 - INFO - src.loader 54 -   Binario - 0: 971054, 1: 7385
2025-10-09 14:17:33,185 - INFO - src.loader 55 -   Distribución: 0.75% casos positivos
2025-10-09 14:17:33,185 - INFO - src.loader 33 - Convirtiendo clase_ternaria a target binario
2025-10-09 14:17:33,308 - INFO - src.loader 52 - Conversión completada:
2025-10-09 14:17:33,308 - INFO - src.loader 53 -   Original - CONTINUA: 971054, BAJA+1: 3447, BAJA+2: 3938
2025-10-09 14:17:33,308 - INFO - src.loader 54 -   Binario - 0: 974501, 1: 3938
2025-10-09 14:17:33,308 - INFO - src.loader 55 -   Distribución: 0.40% casos positivos
2025-10-09 14:17:34,087 - INFO - src.test_evaluation 69 - Semilla de entrenamiento: 1697411506
2025-10-09 14:20:15,517 - INFO - src.grafico_test 367 -   - Ganancia máxima con semilla 1697411506: 338,320,000
2025-10-09 14:20:15,517 - INFO - src.grafico_test 345 - Entrenando con semilla 4020956857 (8/5)
2025-10-09 14:20:15,517 - INFO - src.test_evaluation 30 - === EVALUACIÓN EN CONJUNTO DE TEST ===
2025-10-09 14:20:15,518 - INFO - src.test_evaluation 31 - Período de test: 202104
2025-10-09 14:20:16,136 - INFO - src.loader 33 - Convirtiendo clase_ternaria a target binario
2025-10-09 14:20:16,262 - INFO - src.loader 52 - Conversión completada:
2025-10-09 14:20:16,262 - INFO - src.loader 53 -   Original - CONTINUA: 971054, BAJA+1: 3447, BAJA+2: 3938
2025-10-09 14:20:16,262 - INFO - src.loader 54 -   Binario - 0: 971054, 1: 7385
2025-10-09 14:20:16,262 - INFO - src.loader 55 -   Distribución: 0.75% casos positivos
2025-10-09 14:20:16,262 - INFO - src.loader 33 - Convirtiendo clase_ternaria a target binario
2025-10-09 14:20:16,389 - INFO - src.loader 52 - Conversión completada:
2025-10-09 14:20:16,389 - INFO - src.loader 53 -   Original - CONTINUA: 971054, BAJA+1: 3447, BAJA+2: 3938
2025-10-09 14:20:16,389 - INFO - src.loader 54 -   Binario - 0: 974501, 1: 3938
2025-10-09 14:20:16,389 - INFO - src.loader 55 -   Distribución: 0.40% casos positivos
2025-10-09 14:20:17,204 - INFO - src.test_evaluation 69 - Semilla de entrenamiento: 4020956857
2025-10-09 14:23:03,168 - INFO - src.grafico_test 367 -   - Ganancia máxima con semilla 4020956857: 345,300,000
2025-10-09 14:23:03,168 - INFO - src.grafico_test 345 - Entrenando con semilla 2244824206 (9/5)
2025-10-09 14:23:03,170 - INFO - src.test_evaluation 30 - === EVALUACIÓN EN CONJUNTO DE TEST ===
2025-10-09 14:23:03,170 - INFO - src.test_evaluation 31 - Período de test: 202104
2025-10-09 14:23:03,875 - INFO - src.loader 33 - Convirtiendo clase_ternaria a target binario
2025-10-09 14:23:04,012 - INFO - src.loader 52 - Conversión completada:
2025-10-09 14:23:04,012 - INFO - src.loader 53 -   Original - CONTINUA: 971054, BAJA+1: 3447, BAJA+2: 3938
2025-10-09 14:23:04,013 - INFO - src.loader 54 -   Binario - 0: 971054, 1: 7385
2025-10-09 14:23:04,013 - INFO - src.loader 55 -   Distribución: 0.75% casos positivos
2025-10-09 14:23:04,013 - INFO - src.loader 33 - Convirtiendo clase_ternaria a target binario
2025-10-09 14:23:04,143 - INFO - src.loader 52 - Conversión completada:
2025-10-09 14:23:04,143 - INFO - src.loader 53 -   Original - CONTINUA: 971054, BAJA+1: 3447, BAJA+2: 3938
2025-10-09 14:23:04,143 - INFO - src.loader 54 -   Binario - 0: 974501, 1: 3938
2025-10-09 14:23:04,143 - INFO - src.loader 55 -   Distribución: 0.40% casos positivos
2025-10-09 14:23:04,999 - INFO - src.test_evaluation 69 - Semilla de entrenamiento: 2244824206
2025-10-09 14:26:05,477 - INFO - src.grafico_test 367 -   - Ganancia máxima con semilla 2244824206: 336,880,000
2025-10-09 14:26:05,477 - INFO - src.grafico_test 345 - Entrenando con semilla 2135071848 (10/5)
2025-10-09 14:26:05,477 - INFO - src.test_evaluation 30 - === EVALUACIÓN EN CONJUNTO DE TEST ===
2025-10-09 14:26:05,477 - INFO - src.test_evaluation 31 - Período de test: 202104
2025-10-09 14:26:06,134 - INFO - src.loader 33 - Convirtiendo clase_ternaria a target binario
2025-10-09 14:26:06,269 - INFO - src.loader 52 - Conversión completada:
2025-10-09 14:26:06,269 - INFO - src.loader 53 -   Original - CONTINUA: 971054, BAJA+1: 3447, BAJA+2: 3938
2025-10-09 14:26:06,269 - INFO - src.loader 54 -   Binario - 0: 971054, 1: 7385
2025-10-09 14:26:06,269 - INFO - src.loader 55 -   Distribución: 0.75% casos positivos
2025-10-09 14:26:06,269 - INFO - src.loader 33 - Convirtiendo clase_ternaria a target binario
2025-10-09 14:26:06,402 - INFO - src.loader 52 - Conversión completada:
2025-10-09 14:26:06,404 - INFO - src.loader 53 -   Original - CONTINUA: 971054, BAJA+1: 3447, BAJA+2: 3938
2025-10-09 14:26:06,404 - INFO - src.loader 54 -   Binario - 0: 974501, 1: 3938
2025-10-09 14:26:06,404 - INFO - src.loader 55 -   Distribución: 0.40% casos positivos
2025-10-09 14:26:07,238 - INFO - src.test_evaluation 69 - Semilla de entrenamiento: 2135071848
2025-10-09 14:28:55,612 - INFO - src.grafico_test 367 -   - Ganancia máxima con semilla 2135071848: 350,940,000
2025-10-09 14:28:55,612 - INFO - src.grafico_test 345 - Entrenando con semilla 1986314307 (11/5)
2025-10-09 14:28:55,612 - INFO - src.test_evaluation 30 - === EVALUACIÓN EN CONJUNTO DE TEST ===
2025-10-09 14:28:55,612 - INFO - src.test_evaluation 31 - Período de test: 202104
2025-10-09 14:28:56,241 - INFO - src.loader 33 - Convirtiendo clase_ternaria a target binario
2025-10-09 14:28:56,373 - INFO - src.loader 52 - Conversión completada:
2025-10-09 14:28:56,373 - INFO - src.loader 53 -   Original - CONTINUA: 971054, BAJA+1: 3447, BAJA+2: 3938
2025-10-09 14:28:56,373 - INFO - src.loader 54 -   Binario - 0: 971054, 1: 7385
2025-10-09 14:28:56,373 - INFO - src.loader 55 -   Distribución: 0.75% casos positivos
2025-10-09 14:28:56,373 - INFO - src.loader 33 - Convirtiendo clase_ternaria a target binario
2025-10-09 14:28:56,500 - INFO - src.loader 52 - Conversión completada:
2025-10-09 14:28:56,500 - INFO - src.loader 53 -   Original - CONTINUA: 971054, BAJA+1: 3447, BAJA+2: 3938
2025-10-09 14:28:56,500 - INFO - src.loader 54 -   Binario - 0: 974501, 1: 3938
2025-10-09 14:28:56,500 - INFO - src.loader 55 -   Distribución: 0.40% casos positivos
2025-10-09 14:28:57,300 - INFO - src.test_evaluation 69 - Semilla de entrenamiento: 1986314307
2025-10-09 14:31:44,882 - INFO - src.grafico_test 367 -   - Ganancia máxima con semilla 1986314307: 342,260,000
2025-10-09 14:31:44,882 - INFO - src.grafico_test 345 - Entrenando con semilla 700956269 (12/5)
2025-10-09 14:31:44,882 - INFO - src.test_evaluation 30 - === EVALUACIÓN EN CONJUNTO DE TEST ===
2025-10-09 14:31:44,882 - INFO - src.test_evaluation 31 - Período de test: 202104
2025-10-09 14:31:45,526 - INFO - src.loader 33 - Convirtiendo clase_ternaria a target binario
2025-10-09 14:31:45,658 - INFO - src.loader 52 - Conversión completada:
2025-10-09 14:31:45,658 - INFO - src.loader 53 -   Original - CONTINUA: 971054, BAJA+1: 3447, BAJA+2: 3938
2025-10-09 14:31:45,658 - INFO - src.loader 54 -   Binario - 0: 971054, 1: 7385
2025-10-09 14:31:45,660 - INFO - src.loader 55 -   Distribución: 0.75% casos positivos
2025-10-09 14:31:45,660 - INFO - src.loader 33 - Convirtiendo clase_ternaria a target binario
2025-10-09 14:31:45,785 - INFO - src.loader 52 - Conversión completada:
2025-10-09 14:31:45,786 - INFO - src.loader 53 -   Original - CONTINUA: 971054, BAJA+1: 3447, BAJA+2: 3938
2025-10-09 14:31:45,786 - INFO - src.loader 54 -   Binario - 0: 974501, 1: 3938
2025-10-09 14:31:45,786 - INFO - src.loader 55 -   Distribución: 0.40% casos positivos
2025-10-09 14:31:46,577 - INFO - src.test_evaluation 69 - Semilla de entrenamiento: 700956269
2025-10-09 14:34:27,114 - INFO - src.grafico_test 367 -   - Ganancia máxima con semilla 700956269: 359,900,000
2025-10-09 14:34:27,115 - INFO - src.grafico_test 345 - Entrenando con semilla 2634366409 (13/5)
2025-10-09 14:34:27,115 - INFO - src.test_evaluation 30 - === EVALUACIÓN EN CONJUNTO DE TEST ===
2025-10-09 14:34:27,115 - INFO - src.test_evaluation 31 - Período de test: 202104
2025-10-09 14:34:27,720 - INFO - src.loader 33 - Convirtiendo clase_ternaria a target binario
2025-10-09 14:34:27,854 - INFO - src.loader 52 - Conversión completada:
2025-10-09 14:34:27,854 - INFO - src.loader 53 -   Original - CONTINUA: 971054, BAJA+1: 3447, BAJA+2: 3938
2025-10-09 14:34:27,854 - INFO - src.loader 54 -   Binario - 0: 971054, 1: 7385
2025-10-09 14:34:27,854 - INFO - src.loader 55 -   Distribución: 0.75% casos positivos
2025-10-09 14:34:27,854 - INFO - src.loader 33 - Convirtiendo clase_ternaria a target binario
2025-10-09 14:34:27,986 - INFO - src.loader 52 - Conversión completada:
2025-10-09 14:34:27,986 - INFO - src.loader 53 -   Original - CONTINUA: 971054, BAJA+1: 3447, BAJA+2: 3938
2025-10-09 14:34:27,986 - INFO - src.loader 54 -   Binario - 0: 974501, 1: 3938
2025-10-09 14:34:27,986 - INFO - src.loader 55 -   Distribución: 0.40% casos positivos
2025-10-09 14:34:28,789 - INFO - src.test_evaluation 69 - Semilla de entrenamiento: 2634366409
2025-10-09 14:37:09,873 - INFO - src.grafico_test 367 -   - Ganancia máxima con semilla 2634366409: 352,760,000
2025-10-09 14:37:09,873 - INFO - src.grafico_test 345 - Entrenando con semilla 3124433799 (14/5)
2025-10-09 14:37:09,874 - INFO - src.test_evaluation 30 - === EVALUACIÓN EN CONJUNTO DE TEST ===
2025-10-09 14:37:09,874 - INFO - src.test_evaluation 31 - Período de test: 202104
2025-10-09 14:37:10,468 - INFO - src.loader 33 - Convirtiendo clase_ternaria a target binario
2025-10-09 14:37:10,599 - INFO - src.loader 52 - Conversión completada:
2025-10-09 14:37:10,599 - INFO - src.loader 53 -   Original - CONTINUA: 971054, BAJA+1: 3447, BAJA+2: 3938
2025-10-09 14:37:10,599 - INFO - src.loader 54 -   Binario - 0: 971054, 1: 7385
2025-10-09 14:37:10,599 - INFO - src.loader 55 -   Distribución: 0.75% casos positivos
2025-10-09 14:37:10,599 - INFO - src.loader 33 - Convirtiendo clase_ternaria a target binario
2025-10-09 14:37:10,730 - INFO - src.loader 52 - Conversión completada:
2025-10-09 14:37:10,730 - INFO - src.loader 53 -   Original - CONTINUA: 971054, BAJA+1: 3447, BAJA+2: 3938
2025-10-09 14:37:10,730 - INFO - src.loader 54 -   Binario - 0: 974501, 1: 3938
2025-10-09 14:37:10,731 - INFO - src.loader 55 -   Distribución: 0.40% casos positivos
2025-10-09 14:37:11,536 - INFO - src.test_evaluation 69 - Semilla de entrenamiento: 3124433799
2025-10-09 14:39:53,709 - INFO - src.grafico_test 367 -   - Ganancia máxima con semilla 3124433799: 344,000,000
2025-10-09 14:39:53,709 - INFO - src.grafico_test 345 - Entrenando con semilla 3172237117 (15/5)
2025-10-09 14:39:53,709 - INFO - src.test_evaluation 30 - === EVALUACIÓN EN CONJUNTO DE TEST ===
2025-10-09 14:39:53,709 - INFO - src.test_evaluation 31 - Período de test: 202104
2025-10-09 14:39:54,309 - INFO - src.loader 33 - Convirtiendo clase_ternaria a target binario
2025-10-09 14:39:54,437 - INFO - src.loader 52 - Conversión completada:
2025-10-09 14:39:54,437 - INFO - src.loader 53 -   Original - CONTINUA: 971054, BAJA+1: 3447, BAJA+2: 3938
2025-10-09 14:39:54,437 - INFO - src.loader 54 -   Binario - 0: 971054, 1: 7385
2025-10-09 14:39:54,437 - INFO - src.loader 55 -   Distribución: 0.75% casos positivos
2025-10-09 14:39:54,437 - INFO - src.loader 33 - Convirtiendo clase_ternaria a target binario
2025-10-09 14:39:54,564 - INFO - src.loader 52 - Conversión completada:
2025-10-09 14:39:54,564 - INFO - src.loader 53 -   Original - CONTINUA: 971054, BAJA+1: 3447, BAJA+2: 3938
2025-10-09 14:39:54,564 - INFO - src.loader 54 -   Binario - 0: 974501, 1: 3938
2025-10-09 14:39:54,564 - INFO - src.loader 55 -   Distribución: 0.40% casos positivos
2025-10-09 14:39:55,370 - INFO - src.test_evaluation 69 - Semilla de entrenamiento: 3172237117
2025-10-09 14:42:41,272 - INFO - src.grafico_test 367 -   - Ganancia máxima con semilla 3172237117: 332,540,000
2025-10-09 14:42:41,272 - INFO - src.grafico_test 345 - Entrenando con semilla 3304250087 (16/5)
2025-10-09 14:42:41,272 - INFO - src.test_evaluation 30 - === EVALUACIÓN EN CONJUNTO DE TEST ===
2025-10-09 14:42:41,272 - INFO - src.test_evaluation 31 - Período de test: 202104
2025-10-09 14:42:41,873 - INFO - src.loader 33 - Convirtiendo clase_ternaria a target binario
2025-10-09 14:42:42,002 - INFO - src.loader 52 - Conversión completada:
2025-10-09 14:42:42,003 - INFO - src.loader 53 -   Original - CONTINUA: 971054, BAJA+1: 3447, BAJA+2: 3938
2025-10-09 14:42:42,003 - INFO - src.loader 54 -   Binario - 0: 971054, 1: 7385
2025-10-09 14:42:42,003 - INFO - src.loader 55 -   Distribución: 0.75% casos positivos
2025-10-09 14:42:42,003 - INFO - src.loader 33 - Convirtiendo clase_ternaria a target binario
2025-10-09 14:42:42,127 - INFO - src.loader 52 - Conversión completada:
2025-10-09 14:42:42,127 - INFO - src.loader 53 -   Original - CONTINUA: 971054, BAJA+1: 3447, BAJA+2: 3938
2025-10-09 14:42:42,127 - INFO - src.loader 54 -   Binario - 0: 974501, 1: 3938
2025-10-09 14:42:42,127 - INFO - src.loader 55 -   Distribución: 0.40% casos positivos
2025-10-09 14:42:42,928 - INFO - src.test_evaluation 69 - Semilla de entrenamiento: 3304250087
2025-10-09 14:45:27,511 - INFO - src.grafico_test 367 -   - Ganancia máxima con semilla 3304250087: 338,920,000
2025-10-09 14:45:27,512 - INFO - src.grafico_test 345 - Entrenando con semilla 1830716173 (17/5)
2025-10-09 14:45:27,512 - INFO - src.test_evaluation 30 - === EVALUACIÓN EN CONJUNTO DE TEST ===
2025-10-09 14:45:27,512 - INFO - src.test_evaluation 31 - Período de test: 202104
2025-10-09 14:45:28,124 - INFO - src.loader 33 - Convirtiendo clase_ternaria a target binario
2025-10-09 14:45:28,253 - INFO - src.loader 52 - Conversión completada:
2025-10-09 14:45:28,253 - INFO - src.loader 53 -   Original - CONTINUA: 971054, BAJA+1: 3447, BAJA+2: 3938
2025-10-09 14:45:28,253 - INFO - src.loader 54 -   Binario - 0: 971054, 1: 7385
2025-10-09 14:45:28,253 - INFO - src.loader 55 -   Distribución: 0.75% casos positivos
2025-10-09 14:45:28,253 - INFO - src.loader 33 - Convirtiendo clase_ternaria a target binario
2025-10-09 14:45:28,379 - INFO - src.loader 52 - Conversión completada:
2025-10-09 14:45:28,379 - INFO - src.loader 53 -   Original - CONTINUA: 971054, BAJA+1: 3447, BAJA+2: 3938
2025-10-09 14:45:28,379 - INFO - src.loader 54 -   Binario - 0: 974501, 1: 3938
2025-10-09 14:45:28,379 - INFO - src.loader 55 -   Distribución: 0.40% casos positivos
2025-10-09 14:45:29,207 - INFO - src.test_evaluation 69 - Semilla de entrenamiento: 1830716173
2025-10-09 14:48:14,651 - INFO - src.grafico_test 367 -   - Ganancia máxima con semilla 1830716173: 347,680,000
2025-10-09 14:48:14,651 - INFO - src.grafico_test 345 - Entrenando con semilla 560950634 (18/5)
2025-10-09 14:48:14,651 - INFO - src.test_evaluation 30 - === EVALUACIÓN EN CONJUNTO DE TEST ===
2025-10-09 14:48:14,651 - INFO - src.test_evaluation 31 - Período de test: 202104
2025-10-09 14:48:15,249 - INFO - src.loader 33 - Convirtiendo clase_ternaria a target binario
2025-10-09 14:48:15,375 - INFO - src.loader 52 - Conversión completada:
2025-10-09 14:48:15,375 - INFO - src.loader 53 -   Original - CONTINUA: 971054, BAJA+1: 3447, BAJA+2: 3938
2025-10-09 14:48:15,375 - INFO - src.loader 54 -   Binario - 0: 971054, 1: 7385
2025-10-09 14:48:15,375 - INFO - src.loader 55 -   Distribución: 0.75% casos positivos
2025-10-09 14:48:15,375 - INFO - src.loader 33 - Convirtiendo clase_ternaria a target binario
2025-10-09 14:48:15,499 - INFO - src.loader 52 - Conversión completada:
2025-10-09 14:48:15,501 - INFO - src.loader 53 -   Original - CONTINUA: 971054, BAJA+1: 3447, BAJA+2: 3938
2025-10-09 14:48:15,501 - INFO - src.loader 54 -   Binario - 0: 974501, 1: 3938
2025-10-09 14:48:15,502 - INFO - src.loader 55 -   Distribución: 0.40% casos positivos
2025-10-09 14:48:16,323 - INFO - src.test_evaluation 69 - Semilla de entrenamiento: 560950634
2025-10-09 14:50:57,579 - INFO - src.grafico_test 367 -   - Ganancia máxima con semilla 560950634: 339,840,000
2025-10-09 14:50:57,580 - INFO - src.grafico_test 345 - Entrenando con semilla 2551157656 (19/5)
2025-10-09 14:50:57,580 - INFO - src.test_evaluation 30 - === EVALUACIÓN EN CONJUNTO DE TEST ===
2025-10-09 14:50:57,580 - INFO - src.test_evaluation 31 - Período de test: 202104
2025-10-09 14:50:58,179 - INFO - src.loader 33 - Convirtiendo clase_ternaria a target binario
2025-10-09 14:50:58,307 - INFO - src.loader 52 - Conversión completada:
2025-10-09 14:50:58,307 - INFO - src.loader 53 -   Original - CONTINUA: 971054, BAJA+1: 3447, BAJA+2: 3938
2025-10-09 14:50:58,307 - INFO - src.loader 54 -   Binario - 0: 971054, 1: 7385
2025-10-09 14:50:58,307 - INFO - src.loader 55 -   Distribución: 0.75% casos positivos
2025-10-09 14:50:58,307 - INFO - src.loader 33 - Convirtiendo clase_ternaria a target binario
2025-10-09 14:50:58,428 - INFO - src.loader 52 - Conversión completada:
2025-10-09 14:50:58,428 - INFO - src.loader 53 -   Original - CONTINUA: 971054, BAJA+1: 3447, BAJA+2: 3938
2025-10-09 14:50:58,428 - INFO - src.loader 54 -   Binario - 0: 974501, 1: 3938
2025-10-09 14:50:58,428 - INFO - src.loader 55 -   Distribución: 0.40% casos positivos
2025-10-09 14:50:59,234 - INFO - src.test_evaluation 69 - Semilla de entrenamiento: 2551157656
2025-10-09 14:53:42,979 - INFO - src.grafico_test 367 -   - Ganancia máxima con semilla 2551157656: 345,220,000
2025-10-09 14:53:42,979 - INFO - src.grafico_test 345 - Entrenando con semilla 1598675328 (20/5)
2025-10-09 14:53:42,979 - INFO - src.test_evaluation 30 - === EVALUACIÓN EN CONJUNTO DE TEST ===
2025-10-09 14:53:42,979 - INFO - src.test_evaluation 31 - Período de test: 202104
2025-10-09 14:53:43,577 - INFO - src.loader 33 - Convirtiendo clase_ternaria a target binario
2025-10-09 14:53:43,720 - INFO - src.loader 52 - Conversión completada:
2025-10-09 14:53:43,720 - INFO - src.loader 53 -   Original - CONTINUA: 971054, BAJA+1: 3447, BAJA+2: 3938
2025-10-09 14:53:43,720 - INFO - src.loader 54 -   Binario - 0: 971054, 1: 7385
2025-10-09 14:53:43,720 - INFO - src.loader 55 -   Distribución: 0.75% casos positivos
2025-10-09 14:53:43,720 - INFO - src.loader 33 - Convirtiendo clase_ternaria a target binario
2025-10-09 14:53:43,846 - INFO - src.loader 52 - Conversión completada:
2025-10-09 14:53:43,846 - INFO - src.loader 53 -   Original - CONTINUA: 971054, BAJA+1: 3447, BAJA+2: 3938
2025-10-09 14:53:43,846 - INFO - src.loader 54 -   Binario - 0: 974501, 1: 3938
2025-10-09 14:53:43,846 - INFO - src.loader 55 -   Distribución: 0.40% casos positivos
2025-10-09 14:53:44,677 - INFO - src.test_evaluation 69 - Semilla de entrenamiento: 1598675328
2025-10-09 14:56:27,313 - INFO - src.grafico_test 367 -   - Ganancia máxima con semilla 1598675328: 349,240,000
2025-10-09 14:56:27,313 - INFO - src.grafico_test 186 - === CREANDO GRÁFICO COMPARATIVO MÚLTIPLES SEMILLAS ===
2025-10-09 14:56:27,870 - INFO - src.grafico_test 297 - Estadísticas comparativas del gráfico:
2025-10-09 14:56:27,870 - INFO - src.grafico_test 298 -   - Ganancia máxima global: 359,900,000
2025-10-09 14:56:27,870 - INFO - src.grafico_test 299 -   - Ganancia máxima promedio: 344,677,000
2025-10-09 14:56:27,870 - INFO - src.grafico_test 300 -   - Desviación estándar de ganancias: 6,205,328
2025-10-09 14:56:27,870 - INFO - src.grafico_test 301 -   - Corte óptimo promedio: 9,281 clientes
2025-10-09 14:56:27,870 - INFO - src.grafico_test 302 -   - Desviación estándar de cortes: 811 clientes
2025-10-09 14:56:27,870 - INFO - src.grafico_test 303 -   - Umbral de filtrado: 237,534,000 (66% del máximo global)
2025-10-09 14:56:27,870 - INFO - src.grafico_test 304 -   - CURVA MEDIA: Ganancia máxima: 340,900,000 en 9,380 clientes
2025-10-09 14:56:27,870 - INFO - src.grafico_test 307 -   - Semilla 267575717: Max=338,460,000, Corte=9,076
2025-10-09 14:56:27,870 - INFO - src.grafico_test 307 -   - Semilla 2921956480: Max=345,440,000, Corte=8,647
2025-10-09 14:56:27,870 - INFO - src.grafico_test 307 -   - Semilla 3646296322: Max=346,840,000, Corte=9,297
2025-10-09 14:56:27,870 - INFO - src.grafico_test 307 -   - Semilla 3919119180: Max=341,700,000, Corte=9,154
2025-10-09 14:56:27,870 - INFO - src.grafico_test 307 -   - Semilla 2031626485: Max=350,600,000, Corte=9,949
2025-10-09 14:56:27,870 - INFO - src.grafico_test 307 -   - Semilla 3807823223: Max=346,700,000, Corte=9,304
2025-10-09 14:56:27,870 - INFO - src.grafico_test 307 -   - Semilla 1697411506: Max=338,320,000, Corte=8,643
2025-10-09 14:56:27,870 - INFO - src.grafico_test 307 -   - Semilla 4020956857: Max=345,300,000, Corte=10,174
2025-10-09 14:56:27,870 - INFO - src.grafico_test 307 -   - Semilla 2244824206: Max=336,880,000, Corte=10,915
2025-10-09 14:56:27,870 - INFO - src.grafico_test 307 -   - Semilla 2135071848: Max=350,940,000, Corte=9,332
2025-10-09 14:56:27,870 - INFO - src.grafico_test 307 -   - Semilla 1986314307: Max=342,260,000, Corte=8,526
2025-10-09 14:56:27,870 - INFO - src.grafico_test 307 -   - Semilla 700956269: Max=359,900,000, Corte=9,364
2025-10-09 14:56:27,870 - INFO - src.grafico_test 307 -   - Semilla 2634366409: Max=352,760,000, Corte=9,881
2025-10-09 14:56:27,870 - INFO - src.grafico_test 307 -   - Semilla 3124433799: Max=344,000,000, Corte=10,719
2025-10-09 14:56:27,870 - INFO - src.grafico_test 307 -   - Semilla 3172237117: Max=332,540,000, Corte=8,332
2025-10-09 14:56:27,870 - INFO - src.grafico_test 307 -   - Semilla 3304250087: Max=338,920,000, Corte=8,173
2025-10-09 14:56:27,870 - INFO - src.grafico_test 307 -   - Semilla 1830716173: Max=347,680,000, Corte=9,375
2025-10-09 14:56:27,870 - INFO - src.grafico_test 307 -   - Semilla 560950634: Max=339,840,000, Corte=8,527
2025-10-09 14:56:27,870 - INFO - src.grafico_test 307 -   - Semilla 2551157656: Max=345,220,000, Corte=7,978
2025-10-09 14:56:27,870 - INFO - src.grafico_test 307 -   - Semilla 1598675328: Max=349,240,000, Corte=10,257
2025-10-09 14:56:27,870 - INFO - src.grafico_test 309 - Gráfico comparativo guardado en: resultados/Con_50trials_cv(01-04)_grafico_comparativo_semillas_20251009_145627.jpg
2025-10-09 14:56:27,870 - INFO - src.grafico_test 372 - === GRÁFICO DE TEST CON MÚLTIPLES SEMILLAS COMPLETADO ===
2025-10-09 14:56:27,980 - INFO - __main__ 84 - ✅ Gráfico generado: resultados/Con_50trials_cv(01-04)_grafico_comparativo_semillas_20251009_145627.jpg
2025-10-09 14:56:27,980 - INFO - __main__ 87 - === ENTRENAMIENTO FINAL ===
2025-10-09 14:56:27,980 - INFO - __main__ 90 - Entrenar modelo final
2025-10-09 14:56:27,980 - INFO - src.final_training 63 - Iniciando entrenamiento del modelo final
2025-10-09 14:56:28,294 - INFO - src.loader 33 - Convirtiendo clase_ternaria a target binario
2025-10-09 14:56:28,384 - INFO - src.loader 52 - Conversión completada:
2025-10-09 14:56:28,384 - INFO - src.loader 53 -   Original - CONTINUA: 642824, BAJA+1: 3447, BAJA+2: 3938
2025-10-09 14:56:28,384 - INFO - src.loader 54 -   Binario - 0: 642824, 1: 7385
2025-10-09 14:56:28,384 - INFO - src.loader 55 -   Distribución: 1.14% casos positivos
2025-10-09 14:56:28,588 - INFO - src.final_training 88 - Entrenando modelo...
2025-10-09 14:56:40,076 - INFO - __main__ 94 - Generar predicciones finales
2025-10-09 14:56:40,285 - INFO - src.final_training 114 - Generando predicciones finales
2025-10-09 14:56:40,960 - INFO - src.final_training 133 - Predicciones generadas:
2025-10-09 14:56:40,960 - INFO - src.final_training 134 -   Total clientes: 164,313
2025-10-09 14:56:40,960 - INFO - src.final_training 135 -   Predicciones positivas: 9,577 (5.83%)
2025-10-09 14:56:40,960 - INFO - src.final_training 136 -   Predicciones negativas: 154,736
2025-10-09 14:56:40,961 - INFO - src.final_training 137 -   Umbral utilizado: 0.025
2025-10-09 14:56:40,961 - INFO - __main__ 101 - Guardar predicciones
2025-10-09 14:56:41,053 - INFO - src.output_manager 52 - Predicciones guardadas en: predict/Con_50trials_cv(01-04)_20251009_145640.csv
2025-10-09 14:56:41,053 - INFO - src.output_manager 53 - Formato del archivo:
2025-10-09 14:56:41,053 - INFO - src.output_manager 54 -   Columnas: ['numero_cliente', 'predict']
2025-10-09 14:56:41,053 - INFO - src.output_manager 55 -   Registros: 164,313
2025-10-09 14:56:41,056 - INFO - src.output_manager 56 -   Primeras filas:
2025-10-09 14:56:41,056 - INFO - src.output_manager 57 -    numero_cliente  predict
0       249255747        0
1       249366814        0
2       249502827        0
3       249536661        0
4       249540965        0
2025-10-09 14:56:41,056 - INFO - __main__ 106 - === RESUMEN FINAL ===
2025-10-09 14:56:41,056 - INFO - __main__ 107 - ✅ Entrenamiento final completado exitosamente
2025-10-09 14:56:41,056 - INFO - __main__ 108 - 📊 Mejores hiperparámetros utilizados: {'num_leaves': 275, 'learning_rate': 0.1124828798037451, 'feature_fraction': 0.5350786363389273, 'bagging_fraction': 0.8384187556476188, 'min_child_samples': 87, 'max_depth': 10, 'reg_alpha': 1.5885878639015094, 'reg_lambda': 5.746900446126809, 'bin': 101, 'verbose': -1, 'seed': 811157}
2025-10-09 14:56:41,056 - INFO - __main__ 112 - 📝 Log detallado: logs/log_Con_50trials_cv(01-04)_2025-10-09_14_00_23.log
2025-10-09 14:56:41,056 - INFO - __main__ 114 - >>> Ejecución finalizada. Revisar logs para mas detalles.
