2025-09-25 12:08:07,288 - INFO - __main__ 34 - Inicio de ejecucion.
2025-09-25 12:08:07,288 - INFO - __name__ 8 - Cargando dataset desde ./data/competencia.csv
2025-09-25 12:08:11,842 - INFO - __name__ 11 - Dataset cargado con 978439 filas y 155 columnas
2025-09-25 12:08:11,842 - INFO - __name__ 26 - Realizando feature engineering con 2 lags para 3 atributos
2025-09-25 12:08:14,195 - INFO - __name__ 56 - Feature engineering completado. DataFrame resultante con 161 columnas
2025-09-25 12:08:14,196 - INFO - __main__ 44 - Feature Engineering completado: (978439, 161)
2025-09-25 12:08:14,196 - INFO - __name__ 30 - Convirtiendo clase_ternaria a target binario
2025-09-25 12:08:14,452 - INFO - __name__ 50 - Conversión completada:
2025-09-25 12:08:14,452 - INFO - __name__ 51 -   Original - CONTINUA: 971054, BAJA+1: 3447, BAJA+2: 3938
2025-09-25 12:08:14,452 - INFO - __name__ 52 -   Binario - 0: 971054, 1: 7385
2025-09-25 12:08:14,452 - INFO - __name__ 53 -   Distribución: 0.75% casos positivos
2025-09-25 12:08:14,480 - INFO - src.optimization 170 - Iniciando optimización con 150 trials
2025-09-25 12:08:14,480 - INFO - src.optimization 171 - Configuración: TRAIN=[202101, 202102], VALID=202103, SEMILLA=[811157, 502717, 782911, 464939, 213713]
2025-09-25 12:08:20,753 - INFO - src.optimization 145 - Iteración 0 guardada en resultados/Prueba_completa_150trial_iteraciones.json
2025-09-25 12:08:20,755 - INFO - src.optimization 146 - Ganancia: 899,360,000---Parámetros: {params}
2025-09-25 12:08:20,755 - INFO - src.optimization 92 - Trial 0: Ganancia = 899,360,000
2025-09-25 12:08:25,217 - INFO - src.optimization 145 - Iteración 1 guardada en resultados/Prueba_completa_150trial_iteraciones.json
2025-09-25 12:08:25,217 - INFO - src.optimization 146 - Ganancia: 823,640,000---Parámetros: {params}
2025-09-25 12:08:25,217 - INFO - src.optimization 92 - Trial 1: Ganancia = 823,640,000
2025-09-25 12:08:28,300 - INFO - src.optimization 145 - Iteración 2 guardada en resultados/Prueba_completa_150trial_iteraciones.json
2025-09-25 12:08:28,300 - INFO - src.optimization 146 - Ganancia: 805,580,000---Parámetros: {params}
2025-09-25 12:08:28,301 - INFO - src.optimization 92 - Trial 2: Ganancia = 805,580,000
2025-09-25 12:08:31,049 - INFO - src.optimization 145 - Iteración 3 guardada en resultados/Prueba_completa_150trial_iteraciones.json
2025-09-25 12:08:31,049 - INFO - src.optimization 146 - Ganancia: 913,660,000---Parámetros: {params}
2025-09-25 12:08:31,049 - INFO - src.optimization 92 - Trial 3: Ganancia = 913,660,000
2025-09-25 12:08:38,265 - INFO - src.optimization 145 - Iteración 4 guardada en resultados/Prueba_completa_150trial_iteraciones.json
2025-09-25 12:08:38,265 - INFO - src.optimization 146 - Ganancia: 896,980,000---Parámetros: {params}
2025-09-25 12:08:38,265 - INFO - src.optimization 92 - Trial 4: Ganancia = 896,980,000
2025-09-25 12:08:44,035 - INFO - src.optimization 145 - Iteración 5 guardada en resultados/Prueba_completa_150trial_iteraciones.json
2025-09-25 12:08:44,036 - INFO - src.optimization 146 - Ganancia: 922,820,000---Parámetros: {params}
2025-09-25 12:08:44,036 - INFO - src.optimization 92 - Trial 5: Ganancia = 922,820,000
2025-09-25 12:08:48,638 - INFO - src.optimization 145 - Iteración 6 guardada en resultados/Prueba_completa_150trial_iteraciones.json
2025-09-25 12:08:48,639 - INFO - src.optimization 146 - Ganancia: 909,100,000---Parámetros: {params}
2025-09-25 12:08:48,639 - INFO - src.optimization 92 - Trial 6: Ganancia = 909,100,000
2025-09-25 12:08:52,654 - INFO - src.optimization 145 - Iteración 7 guardada en resultados/Prueba_completa_150trial_iteraciones.json
2025-09-25 12:08:52,654 - INFO - src.optimization 146 - Ganancia: 890,120,000---Parámetros: {params}
2025-09-25 12:08:52,654 - INFO - src.optimization 92 - Trial 7: Ganancia = 890,120,000
2025-09-25 12:08:55,113 - INFO - src.optimization 145 - Iteración 8 guardada en resultados/Prueba_completa_150trial_iteraciones.json
2025-09-25 12:08:55,113 - INFO - src.optimization 146 - Ganancia: 816,480,000---Parámetros: {params}
2025-09-25 12:08:55,113 - INFO - src.optimization 92 - Trial 8: Ganancia = 816,480,000
2025-09-25 12:08:57,768 - INFO - src.optimization 145 - Iteración 9 guardada en resultados/Prueba_completa_150trial_iteraciones.json
2025-09-25 12:08:57,768 - INFO - src.optimization 146 - Ganancia: 860,700,000---Parámetros: {params}
2025-09-25 12:08:57,768 - INFO - src.optimization 92 - Trial 9: Ganancia = 860,700,000
2025-09-25 12:08:59,282 - INFO - src.optimization 145 - Iteración 10 guardada en resultados/Prueba_completa_150trial_iteraciones.json
2025-09-25 12:08:59,282 - INFO - src.optimization 146 - Ganancia: 834,460,000---Parámetros: {params}
2025-09-25 12:08:59,282 - INFO - src.optimization 92 - Trial 10: Ganancia = 834,460,000
2025-09-25 12:09:02,188 - INFO - src.optimization 145 - Iteración 11 guardada en resultados/Prueba_completa_150trial_iteraciones.json
2025-09-25 12:09:02,188 - INFO - src.optimization 146 - Ganancia: 911,460,000---Parámetros: {params}
2025-09-25 12:09:02,188 - INFO - src.optimization 92 - Trial 11: Ganancia = 911,460,000
2025-09-25 12:09:06,125 - INFO - src.optimization 145 - Iteración 12 guardada en resultados/Prueba_completa_150trial_iteraciones.json
2025-09-25 12:09:06,125 - INFO - src.optimization 146 - Ganancia: 930,920,000---Parámetros: {params}
2025-09-25 12:09:06,125 - INFO - src.optimization 92 - Trial 12: Ganancia = 930,920,000
2025-09-25 12:09:10,941 - INFO - src.optimization 145 - Iteración 13 guardada en resultados/Prueba_completa_150trial_iteraciones.json
2025-09-25 12:09:10,941 - INFO - src.optimization 146 - Ganancia: 917,860,000---Parámetros: {params}
2025-09-25 12:09:10,941 - INFO - src.optimization 92 - Trial 13: Ganancia = 917,860,000
2025-09-25 12:09:14,239 - INFO - src.optimization 145 - Iteración 14 guardada en resultados/Prueba_completa_150trial_iteraciones.json
2025-09-25 12:09:14,239 - INFO - src.optimization 146 - Ganancia: 922,820,000---Parámetros: {params}
2025-09-25 12:09:14,239 - INFO - src.optimization 92 - Trial 14: Ganancia = 922,820,000
2025-09-25 12:09:16,617 - INFO - src.optimization 145 - Iteración 15 guardada en resultados/Prueba_completa_150trial_iteraciones.json
2025-09-25 12:09:16,617 - INFO - src.optimization 146 - Ganancia: 861,200,000---Parámetros: {params}
2025-09-25 12:09:16,617 - INFO - src.optimization 92 - Trial 15: Ganancia = 861,200,000
2025-09-25 12:09:22,918 - INFO - src.optimization 145 - Iteración 16 guardada en resultados/Prueba_completa_150trial_iteraciones.json
2025-09-25 12:09:22,919 - INFO - src.optimization 146 - Ganancia: 929,840,000---Parámetros: {params}
2025-09-25 12:09:22,919 - INFO - src.optimization 92 - Trial 16: Ganancia = 929,840,000
2025-09-25 12:09:28,656 - INFO - src.optimization 145 - Iteración 17 guardada en resultados/Prueba_completa_150trial_iteraciones.json
2025-09-25 12:09:28,656 - INFO - src.optimization 146 - Ganancia: 933,300,000---Parámetros: {params}
2025-09-25 12:09:28,656 - INFO - src.optimization 92 - Trial 17: Ganancia = 933,300,000
2025-09-25 12:09:32,600 - INFO - src.optimization 145 - Iteración 18 guardada en resultados/Prueba_completa_150trial_iteraciones.json
2025-09-25 12:09:32,601 - INFO - src.optimization 146 - Ganancia: 937,440,000---Parámetros: {params}
2025-09-25 12:09:32,601 - INFO - src.optimization 92 - Trial 18: Ganancia = 937,440,000
2025-09-25 12:09:38,216 - INFO - src.optimization 145 - Iteración 19 guardada en resultados/Prueba_completa_150trial_iteraciones.json
2025-09-25 12:09:38,216 - INFO - src.optimization 146 - Ganancia: 874,160,000---Parámetros: {params}
2025-09-25 12:09:38,216 - INFO - src.optimization 92 - Trial 19: Ganancia = 874,160,000
2025-09-25 12:09:43,388 - INFO - src.optimization 145 - Iteración 20 guardada en resultados/Prueba_completa_150trial_iteraciones.json
2025-09-25 12:09:43,388 - INFO - src.optimization 146 - Ganancia: 887,740,000---Parámetros: {params}
2025-09-25 12:09:43,388 - INFO - src.optimization 92 - Trial 20: Ganancia = 887,740,000
2025-09-25 12:09:46,863 - INFO - src.optimization 145 - Iteración 21 guardada en resultados/Prueba_completa_150trial_iteraciones.json
2025-09-25 12:09:46,863 - INFO - src.optimization 146 - Ganancia: 929,460,000---Parámetros: {params}
2025-09-25 12:09:46,863 - INFO - src.optimization 92 - Trial 21: Ganancia = 929,460,000
2025-09-25 12:09:50,381 - INFO - src.optimization 145 - Iteración 22 guardada en resultados/Prueba_completa_150trial_iteraciones.json
2025-09-25 12:09:50,382 - INFO - src.optimization 146 - Ganancia: 930,700,000---Parámetros: {params}
2025-09-25 12:09:50,382 - INFO - src.optimization 92 - Trial 22: Ganancia = 930,700,000
2025-09-25 12:09:52,263 - INFO - src.optimization 145 - Iteración 23 guardada en resultados/Prueba_completa_150trial_iteraciones.json
2025-09-25 12:09:52,263 - INFO - src.optimization 146 - Ganancia: 880,660,000---Parámetros: {params}
2025-09-25 12:09:52,263 - INFO - src.optimization 92 - Trial 23: Ganancia = 880,660,000
2025-09-25 12:09:56,592 - INFO - src.optimization 145 - Iteración 24 guardada en resultados/Prueba_completa_150trial_iteraciones.json
2025-09-25 12:09:56,592 - INFO - src.optimization 146 - Ganancia: 937,720,000---Parámetros: {params}
2025-09-25 12:09:56,592 - INFO - src.optimization 92 - Trial 24: Ganancia = 937,720,000
2025-09-25 12:10:01,555 - INFO - src.optimization 145 - Iteración 25 guardada en resultados/Prueba_completa_150trial_iteraciones.json
2025-09-25 12:10:01,555 - INFO - src.optimization 146 - Ganancia: 923,120,000---Parámetros: {params}
2025-09-25 12:10:01,555 - INFO - src.optimization 92 - Trial 25: Ganancia = 923,120,000
2025-09-25 12:10:07,327 - INFO - src.optimization 145 - Iteración 26 guardada en resultados/Prueba_completa_150trial_iteraciones.json
2025-09-25 12:10:07,327 - INFO - src.optimization 146 - Ganancia: 939,020,000---Parámetros: {params}
2025-09-25 12:10:07,327 - INFO - src.optimization 92 - Trial 26: Ganancia = 939,020,000
2025-09-25 12:10:11,721 - INFO - src.optimization 145 - Iteración 27 guardada en resultados/Prueba_completa_150trial_iteraciones.json
2025-09-25 12:10:11,721 - INFO - src.optimization 146 - Ganancia: 939,360,000---Parámetros: {params}
2025-09-25 12:10:11,721 - INFO - src.optimization 92 - Trial 27: Ganancia = 939,360,000
2025-09-25 12:10:14,605 - INFO - src.optimization 145 - Iteración 28 guardada en resultados/Prueba_completa_150trial_iteraciones.json
2025-09-25 12:10:14,605 - INFO - src.optimization 146 - Ganancia: 901,860,000---Parámetros: {params}
2025-09-25 12:10:14,605 - INFO - src.optimization 92 - Trial 28: Ganancia = 901,860,000
2025-09-25 12:10:21,510 - INFO - src.optimization 145 - Iteración 29 guardada en resultados/Prueba_completa_150trial_iteraciones.json
2025-09-25 12:10:21,510 - INFO - src.optimization 146 - Ganancia: 917,760,000---Parámetros: {params}
2025-09-25 12:10:21,511 - INFO - src.optimization 92 - Trial 29: Ganancia = 917,760,000
2025-09-25 12:10:27,525 - INFO - src.optimization 145 - Iteración 30 guardada en resultados/Prueba_completa_150trial_iteraciones.json
2025-09-25 12:10:27,525 - INFO - src.optimization 146 - Ganancia: 904,040,000---Parámetros: {params}
2025-09-25 12:10:27,525 - INFO - src.optimization 92 - Trial 30: Ganancia = 904,040,000
2025-09-25 12:10:31,877 - INFO - src.optimization 145 - Iteración 31 guardada en resultados/Prueba_completa_150trial_iteraciones.json
2025-09-25 12:10:31,877 - INFO - src.optimization 146 - Ganancia: 922,460,000---Parámetros: {params}
2025-09-25 12:10:31,877 - INFO - src.optimization 92 - Trial 31: Ganancia = 922,460,000
2025-09-25 12:10:36,276 - INFO - src.optimization 145 - Iteración 32 guardada en resultados/Prueba_completa_150trial_iteraciones.json
2025-09-25 12:10:36,276 - INFO - src.optimization 146 - Ganancia: 932,800,000---Parámetros: {params}
2025-09-25 12:10:36,276 - INFO - src.optimization 92 - Trial 32: Ganancia = 932,800,000
2025-09-25 12:10:41,484 - INFO - src.optimization 145 - Iteración 33 guardada en resultados/Prueba_completa_150trial_iteraciones.json
2025-09-25 12:10:41,484 - INFO - src.optimization 146 - Ganancia: 934,500,000---Parámetros: {params}
2025-09-25 12:10:41,484 - INFO - src.optimization 92 - Trial 33: Ganancia = 934,500,000
2025-09-25 12:10:46,522 - INFO - src.optimization 145 - Iteración 34 guardada en resultados/Prueba_completa_150trial_iteraciones.json
2025-09-25 12:10:46,522 - INFO - src.optimization 146 - Ganancia: 825,120,000---Parámetros: {params}
2025-09-25 12:10:46,522 - INFO - src.optimization 92 - Trial 34: Ganancia = 825,120,000
2025-09-25 12:10:52,308 - INFO - src.optimization 145 - Iteración 35 guardada en resultados/Prueba_completa_150trial_iteraciones.json
2025-09-25 12:10:52,308 - INFO - src.optimization 146 - Ganancia: 930,640,000---Parámetros: {params}
2025-09-25 12:10:52,308 - INFO - src.optimization 92 - Trial 35: Ganancia = 930,640,000
2025-09-25 12:10:55,730 - INFO - src.optimization 145 - Iteración 36 guardada en resultados/Prueba_completa_150trial_iteraciones.json
2025-09-25 12:10:55,730 - INFO - src.optimization 146 - Ganancia: 915,920,000---Parámetros: {params}
2025-09-25 12:10:55,730 - INFO - src.optimization 92 - Trial 36: Ganancia = 915,920,000
2025-09-25 12:11:01,803 - INFO - src.optimization 145 - Iteración 37 guardada en resultados/Prueba_completa_150trial_iteraciones.json
2025-09-25 12:11:01,803 - INFO - src.optimization 146 - Ganancia: 909,760,000---Parámetros: {params}
2025-09-25 12:11:01,803 - INFO - src.optimization 92 - Trial 37: Ganancia = 909,760,000
2025-09-25 12:11:07,856 - INFO - src.optimization 145 - Iteración 38 guardada en resultados/Prueba_completa_150trial_iteraciones.json
2025-09-25 12:11:07,856 - INFO - src.optimization 146 - Ganancia: 909,960,000---Parámetros: {params}
2025-09-25 12:11:07,856 - INFO - src.optimization 92 - Trial 38: Ganancia = 909,960,000
2025-09-25 12:11:10,891 - INFO - src.optimization 145 - Iteración 39 guardada en resultados/Prueba_completa_150trial_iteraciones.json
2025-09-25 12:11:10,891 - INFO - src.optimization 146 - Ganancia: 916,360,000---Parámetros: {params}
2025-09-25 12:11:10,891 - INFO - src.optimization 92 - Trial 39: Ganancia = 916,360,000
2025-09-25 12:11:13,484 - INFO - src.optimization 145 - Iteración 40 guardada en resultados/Prueba_completa_150trial_iteraciones.json
2025-09-25 12:11:13,485 - INFO - src.optimization 146 - Ganancia: 899,360,000---Parámetros: {params}
2025-09-25 12:11:13,485 - INFO - src.optimization 92 - Trial 40: Ganancia = 899,360,000
2025-09-25 12:11:18,825 - INFO - src.optimization 145 - Iteración 41 guardada en resultados/Prueba_completa_150trial_iteraciones.json
2025-09-25 12:11:18,826 - INFO - src.optimization 146 - Ganancia: 945,000,000---Parámetros: {params}
2025-09-25 12:11:18,826 - INFO - src.optimization 92 - Trial 41: Ganancia = 945,000,000
2025-09-25 12:11:23,667 - INFO - src.optimization 145 - Iteración 42 guardada en resultados/Prueba_completa_150trial_iteraciones.json
2025-09-25 12:11:23,668 - INFO - src.optimization 146 - Ganancia: 934,040,000---Parámetros: {params}
2025-09-25 12:11:23,668 - INFO - src.optimization 92 - Trial 42: Ganancia = 934,040,000
2025-09-25 12:11:30,028 - INFO - src.optimization 145 - Iteración 43 guardada en resultados/Prueba_completa_150trial_iteraciones.json
2025-09-25 12:11:30,028 - INFO - src.optimization 146 - Ganancia: 940,680,000---Parámetros: {params}
2025-09-25 12:11:30,028 - INFO - src.optimization 92 - Trial 43: Ganancia = 940,680,000
2025-09-25 12:11:36,897 - INFO - src.optimization 145 - Iteración 44 guardada en resultados/Prueba_completa_150trial_iteraciones.json
2025-09-25 12:11:36,897 - INFO - src.optimization 146 - Ganancia: 944,300,000---Parámetros: {params}
2025-09-25 12:11:36,897 - INFO - src.optimization 92 - Trial 44: Ganancia = 944,300,000
2025-09-25 12:11:45,341 - INFO - src.optimization 145 - Iteración 45 guardada en resultados/Prueba_completa_150trial_iteraciones.json
2025-09-25 12:11:45,341 - INFO - src.optimization 146 - Ganancia: 927,100,000---Parámetros: {params}
2025-09-25 12:11:45,341 - INFO - src.optimization 92 - Trial 45: Ganancia = 927,100,000
2025-09-25 12:11:52,390 - INFO - src.optimization 145 - Iteración 46 guardada en resultados/Prueba_completa_150trial_iteraciones.json
2025-09-25 12:11:52,391 - INFO - src.optimization 146 - Ganancia: 929,540,000---Parámetros: {params}
2025-09-25 12:11:52,391 - INFO - src.optimization 92 - Trial 46: Ganancia = 929,540,000
2025-09-25 12:12:00,457 - INFO - src.optimization 145 - Iteración 47 guardada en resultados/Prueba_completa_150trial_iteraciones.json
2025-09-25 12:12:00,457 - INFO - src.optimization 146 - Ganancia: 917,380,000---Parámetros: {params}
2025-09-25 12:12:00,457 - INFO - src.optimization 92 - Trial 47: Ganancia = 917,380,000
2025-09-25 12:12:07,832 - INFO - src.optimization 145 - Iteración 48 guardada en resultados/Prueba_completa_150trial_iteraciones.json
2025-09-25 12:12:07,833 - INFO - src.optimization 146 - Ganancia: 903,760,000---Parámetros: {params}
2025-09-25 12:12:07,833 - INFO - src.optimization 92 - Trial 48: Ganancia = 903,760,000
2025-09-25 12:12:12,385 - INFO - src.optimization 145 - Iteración 49 guardada en resultados/Prueba_completa_150trial_iteraciones.json
2025-09-25 12:12:12,385 - INFO - src.optimization 146 - Ganancia: 922,000,000---Parámetros: {params}
2025-09-25 12:12:12,385 - INFO - src.optimization 92 - Trial 49: Ganancia = 922,000,000
2025-09-25 12:12:18,666 - INFO - src.optimization 145 - Iteración 50 guardada en resultados/Prueba_completa_150trial_iteraciones.json
2025-09-25 12:12:18,666 - INFO - src.optimization 146 - Ganancia: 927,160,000---Parámetros: {params}
2025-09-25 12:12:18,666 - INFO - src.optimization 92 - Trial 50: Ganancia = 927,160,000
2025-09-25 12:12:24,218 - INFO - src.optimization 145 - Iteración 51 guardada en resultados/Prueba_completa_150trial_iteraciones.json
2025-09-25 12:12:24,219 - INFO - src.optimization 146 - Ganancia: 941,880,000---Parámetros: {params}
2025-09-25 12:12:24,219 - INFO - src.optimization 92 - Trial 51: Ganancia = 941,880,000
2025-09-25 12:12:29,847 - INFO - src.optimization 145 - Iteración 52 guardada en resultados/Prueba_completa_150trial_iteraciones.json
2025-09-25 12:12:29,847 - INFO - src.optimization 146 - Ganancia: 934,880,000---Parámetros: {params}
2025-09-25 12:12:29,847 - INFO - src.optimization 92 - Trial 52: Ganancia = 934,880,000
2025-09-25 12:12:35,261 - INFO - src.optimization 145 - Iteración 53 guardada en resultados/Prueba_completa_150trial_iteraciones.json
2025-09-25 12:12:35,261 - INFO - src.optimization 146 - Ganancia: 939,060,000---Parámetros: {params}
2025-09-25 12:12:35,261 - INFO - src.optimization 92 - Trial 53: Ganancia = 939,060,000
2025-09-25 12:12:41,206 - INFO - src.optimization 145 - Iteración 54 guardada en resultados/Prueba_completa_150trial_iteraciones.json
2025-09-25 12:12:41,207 - INFO - src.optimization 146 - Ganancia: 920,000,000---Parámetros: {params}
2025-09-25 12:12:41,207 - INFO - src.optimization 92 - Trial 54: Ganancia = 920,000,000
2025-09-25 12:12:46,764 - INFO - src.optimization 145 - Iteración 55 guardada en resultados/Prueba_completa_150trial_iteraciones.json
2025-09-25 12:12:46,764 - INFO - src.optimization 146 - Ganancia: 933,200,000---Parámetros: {params}
2025-09-25 12:12:46,764 - INFO - src.optimization 92 - Trial 55: Ganancia = 933,200,000
2025-09-25 12:12:52,126 - INFO - src.optimization 145 - Iteración 56 guardada en resultados/Prueba_completa_150trial_iteraciones.json
2025-09-25 12:12:52,126 - INFO - src.optimization 146 - Ganancia: 929,620,000---Parámetros: {params}
2025-09-25 12:12:52,127 - INFO - src.optimization 92 - Trial 56: Ganancia = 929,620,000
2025-09-25 12:12:56,877 - INFO - src.optimization 145 - Iteración 57 guardada en resultados/Prueba_completa_150trial_iteraciones.json
2025-09-25 12:12:56,877 - INFO - src.optimization 146 - Ganancia: 921,320,000---Parámetros: {params}
2025-09-25 12:12:56,877 - INFO - src.optimization 92 - Trial 57: Ganancia = 921,320,000
2025-09-25 12:13:01,873 - INFO - src.optimization 145 - Iteración 58 guardada en resultados/Prueba_completa_150trial_iteraciones.json
2025-09-25 12:13:01,874 - INFO - src.optimization 146 - Ganancia: 919,020,000---Parámetros: {params}
2025-09-25 12:13:01,874 - INFO - src.optimization 92 - Trial 58: Ganancia = 919,020,000
2025-09-25 12:13:09,767 - INFO - src.optimization 145 - Iteración 59 guardada en resultados/Prueba_completa_150trial_iteraciones.json
2025-09-25 12:13:09,767 - INFO - src.optimization 146 - Ganancia: 898,780,000---Parámetros: {params}
2025-09-25 12:13:09,767 - INFO - src.optimization 92 - Trial 59: Ganancia = 898,780,000
2025-09-25 12:13:15,370 - INFO - src.optimization 145 - Iteración 60 guardada en resultados/Prueba_completa_150trial_iteraciones.json
2025-09-25 12:13:15,370 - INFO - src.optimization 146 - Ganancia: 903,480,000---Parámetros: {params}
2025-09-25 12:13:15,370 - INFO - src.optimization 92 - Trial 60: Ganancia = 903,480,000
2025-09-25 12:13:21,791 - INFO - src.optimization 145 - Iteración 61 guardada en resultados/Prueba_completa_150trial_iteraciones.json
2025-09-25 12:13:21,791 - INFO - src.optimization 146 - Ganancia: 942,100,000---Parámetros: {params}
2025-09-25 12:13:21,791 - INFO - src.optimization 92 - Trial 61: Ganancia = 942,100,000
2025-09-25 12:13:27,278 - INFO - src.optimization 145 - Iteración 62 guardada en resultados/Prueba_completa_150trial_iteraciones.json
2025-09-25 12:13:27,278 - INFO - src.optimization 146 - Ganancia: 936,720,000---Parámetros: {params}
2025-09-25 12:13:27,278 - INFO - src.optimization 92 - Trial 62: Ganancia = 936,720,000
2025-09-25 12:13:31,390 - INFO - src.optimization 145 - Iteración 63 guardada en resultados/Prueba_completa_150trial_iteraciones.json
2025-09-25 12:13:31,391 - INFO - src.optimization 146 - Ganancia: 911,340,000---Parámetros: {params}
2025-09-25 12:13:31,391 - INFO - src.optimization 92 - Trial 63: Ganancia = 911,340,000
2025-09-25 12:13:33,473 - INFO - src.optimization 145 - Iteración 64 guardada en resultados/Prueba_completa_150trial_iteraciones.json
2025-09-25 12:13:33,473 - INFO - src.optimization 146 - Ganancia: 863,220,000---Parámetros: {params}
2025-09-25 12:13:33,473 - INFO - src.optimization 92 - Trial 64: Ganancia = 863,220,000
2025-09-25 12:13:38,918 - INFO - src.optimization 145 - Iteración 65 guardada en resultados/Prueba_completa_150trial_iteraciones.json
2025-09-25 12:13:38,918 - INFO - src.optimization 146 - Ganancia: 944,340,000---Parámetros: {params}
2025-09-25 12:13:38,918 - INFO - src.optimization 92 - Trial 65: Ganancia = 944,340,000
2025-09-25 12:13:44,058 - INFO - src.optimization 145 - Iteración 66 guardada en resultados/Prueba_completa_150trial_iteraciones.json
2025-09-25 12:13:44,058 - INFO - src.optimization 146 - Ganancia: 936,860,000---Parámetros: {params}
2025-09-25 12:13:44,058 - INFO - src.optimization 92 - Trial 66: Ganancia = 936,860,000
2025-09-25 12:13:49,134 - INFO - src.optimization 145 - Iteración 67 guardada en resultados/Prueba_completa_150trial_iteraciones.json
2025-09-25 12:13:49,135 - INFO - src.optimization 146 - Ganancia: 903,040,000---Parámetros: {params}
2025-09-25 12:13:49,135 - INFO - src.optimization 92 - Trial 67: Ganancia = 903,040,000
2025-09-25 12:13:55,186 - INFO - src.optimization 145 - Iteración 68 guardada en resultados/Prueba_completa_150trial_iteraciones.json
2025-09-25 12:13:55,187 - INFO - src.optimization 146 - Ganancia: 931,420,000---Parámetros: {params}
2025-09-25 12:13:55,187 - INFO - src.optimization 92 - Trial 68: Ganancia = 931,420,000
2025-09-25 12:13:57,874 - INFO - src.optimization 145 - Iteración 69 guardada en resultados/Prueba_completa_150trial_iteraciones.json
2025-09-25 12:13:57,874 - INFO - src.optimization 146 - Ganancia: 865,340,000---Parámetros: {params}
2025-09-25 12:13:57,874 - INFO - src.optimization 92 - Trial 69: Ganancia = 865,340,000
2025-09-25 12:14:03,659 - INFO - src.optimization 145 - Iteración 70 guardada en resultados/Prueba_completa_150trial_iteraciones.json
2025-09-25 12:14:03,659 - INFO - src.optimization 146 - Ganancia: 943,680,000---Parámetros: {params}
2025-09-25 12:14:03,659 - INFO - src.optimization 92 - Trial 70: Ganancia = 943,680,000
2025-09-25 12:14:09,577 - INFO - src.optimization 145 - Iteración 71 guardada en resultados/Prueba_completa_150trial_iteraciones.json
2025-09-25 12:14:09,577 - INFO - src.optimization 146 - Ganancia: 932,360,000---Parámetros: {params}
2025-09-25 12:14:09,577 - INFO - src.optimization 92 - Trial 71: Ganancia = 932,360,000
2025-09-25 12:14:14,169 - INFO - src.optimization 145 - Iteración 72 guardada en resultados/Prueba_completa_150trial_iteraciones.json
2025-09-25 12:14:14,169 - INFO - src.optimization 146 - Ganancia: 932,300,000---Parámetros: {params}
2025-09-25 12:14:14,169 - INFO - src.optimization 92 - Trial 72: Ganancia = 932,300,000
2025-09-25 12:14:21,462 - INFO - src.optimization 145 - Iteración 73 guardada en resultados/Prueba_completa_150trial_iteraciones.json
2025-09-25 12:14:21,462 - INFO - src.optimization 146 - Ganancia: 945,080,000---Parámetros: {params}
2025-09-25 12:14:21,462 - INFO - src.optimization 92 - Trial 73: Ganancia = 945,080,000
2025-09-25 12:14:28,846 - INFO - src.optimization 145 - Iteración 74 guardada en resultados/Prueba_completa_150trial_iteraciones.json
2025-09-25 12:14:28,846 - INFO - src.optimization 146 - Ganancia: 938,960,000---Parámetros: {params}
2025-09-25 12:14:28,846 - INFO - src.optimization 92 - Trial 74: Ganancia = 938,960,000
2025-09-25 12:14:35,162 - INFO - src.optimization 145 - Iteración 75 guardada en resultados/Prueba_completa_150trial_iteraciones.json
2025-09-25 12:14:35,162 - INFO - src.optimization 146 - Ganancia: 920,700,000---Parámetros: {params}
2025-09-25 12:14:35,162 - INFO - src.optimization 92 - Trial 75: Ganancia = 920,700,000
2025-09-25 12:14:42,260 - INFO - src.optimization 145 - Iteración 76 guardada en resultados/Prueba_completa_150trial_iteraciones.json
2025-09-25 12:14:42,261 - INFO - src.optimization 146 - Ganancia: 901,760,000---Parámetros: {params}
2025-09-25 12:14:42,261 - INFO - src.optimization 92 - Trial 76: Ganancia = 901,760,000
2025-09-25 12:14:47,228 - INFO - src.optimization 145 - Iteración 77 guardada en resultados/Prueba_completa_150trial_iteraciones.json
2025-09-25 12:14:47,228 - INFO - src.optimization 146 - Ganancia: 861,920,000---Parámetros: {params}
2025-09-25 12:14:47,228 - INFO - src.optimization 92 - Trial 77: Ganancia = 861,920,000
2025-09-25 12:14:54,349 - INFO - src.optimization 145 - Iteración 78 guardada en resultados/Prueba_completa_150trial_iteraciones.json
2025-09-25 12:14:54,350 - INFO - src.optimization 146 - Ganancia: 936,120,000---Parámetros: {params}
2025-09-25 12:14:54,350 - INFO - src.optimization 92 - Trial 78: Ganancia = 936,120,000
2025-09-25 12:15:00,119 - INFO - src.optimization 145 - Iteración 79 guardada en resultados/Prueba_completa_150trial_iteraciones.json
2025-09-25 12:15:00,119 - INFO - src.optimization 146 - Ganancia: 916,180,000---Parámetros: {params}
2025-09-25 12:15:00,119 - INFO - src.optimization 92 - Trial 79: Ganancia = 916,180,000
2025-09-25 12:15:05,471 - INFO - src.optimization 145 - Iteración 80 guardada en resultados/Prueba_completa_150trial_iteraciones.json
2025-09-25 12:15:05,471 - INFO - src.optimization 146 - Ganancia: 928,120,000---Parámetros: {params}
2025-09-25 12:15:05,471 - INFO - src.optimization 92 - Trial 80: Ganancia = 928,120,000
2025-09-25 12:15:11,034 - INFO - src.optimization 145 - Iteración 81 guardada en resultados/Prueba_completa_150trial_iteraciones.json
2025-09-25 12:15:11,035 - INFO - src.optimization 146 - Ganancia: 942,140,000---Parámetros: {params}
2025-09-25 12:15:11,035 - INFO - src.optimization 92 - Trial 81: Ganancia = 942,140,000
2025-09-25 12:15:16,556 - INFO - src.optimization 145 - Iteración 82 guardada en resultados/Prueba_completa_150trial_iteraciones.json
2025-09-25 12:15:16,556 - INFO - src.optimization 146 - Ganancia: 937,400,000---Parámetros: {params}
2025-09-25 12:15:16,556 - INFO - src.optimization 92 - Trial 82: Ganancia = 937,400,000
2025-09-25 12:15:22,131 - INFO - src.optimization 145 - Iteración 83 guardada en resultados/Prueba_completa_150trial_iteraciones.json
2025-09-25 12:15:22,131 - INFO - src.optimization 146 - Ganancia: 928,580,000---Parámetros: {params}
2025-09-25 12:15:22,132 - INFO - src.optimization 92 - Trial 83: Ganancia = 928,580,000
2025-09-25 12:15:29,345 - INFO - src.optimization 145 - Iteración 84 guardada en resultados/Prueba_completa_150trial_iteraciones.json
2025-09-25 12:15:29,345 - INFO - src.optimization 146 - Ganancia: 928,640,000---Parámetros: {params}
2025-09-25 12:15:29,345 - INFO - src.optimization 92 - Trial 84: Ganancia = 928,640,000
2025-09-25 12:15:36,029 - INFO - src.optimization 145 - Iteración 85 guardada en resultados/Prueba_completa_150trial_iteraciones.json
2025-09-25 12:15:36,029 - INFO - src.optimization 146 - Ganancia: 906,080,000---Parámetros: {params}
2025-09-25 12:15:36,029 - INFO - src.optimization 92 - Trial 85: Ganancia = 906,080,000
2025-09-25 12:15:41,815 - INFO - src.optimization 145 - Iteración 86 guardada en resultados/Prueba_completa_150trial_iteraciones.json
2025-09-25 12:15:41,815 - INFO - src.optimization 146 - Ganancia: 947,840,000---Parámetros: {params}
2025-09-25 12:15:41,815 - INFO - src.optimization 92 - Trial 86: Ganancia = 947,840,000
2025-09-25 12:15:47,230 - INFO - src.optimization 145 - Iteración 87 guardada en resultados/Prueba_completa_150trial_iteraciones.json
2025-09-25 12:15:47,230 - INFO - src.optimization 146 - Ganancia: 942,180,000---Parámetros: {params}
2025-09-25 12:15:47,230 - INFO - src.optimization 92 - Trial 87: Ganancia = 942,180,000
2025-09-25 12:15:51,501 - INFO - src.optimization 145 - Iteración 88 guardada en resultados/Prueba_completa_150trial_iteraciones.json
2025-09-25 12:15:51,501 - INFO - src.optimization 146 - Ganancia: 931,780,000---Parámetros: {params}
2025-09-25 12:15:51,501 - INFO - src.optimization 92 - Trial 88: Ganancia = 931,780,000
2025-09-25 12:15:57,059 - INFO - src.optimization 145 - Iteración 89 guardada en resultados/Prueba_completa_150trial_iteraciones.json
2025-09-25 12:15:57,059 - INFO - src.optimization 146 - Ganancia: 927,520,000---Parámetros: {params}
2025-09-25 12:15:57,059 - INFO - src.optimization 92 - Trial 89: Ganancia = 927,520,000
2025-09-25 12:15:59,273 - INFO - src.optimization 145 - Iteración 90 guardada en resultados/Prueba_completa_150trial_iteraciones.json
2025-09-25 12:15:59,273 - INFO - src.optimization 146 - Ganancia: 887,080,000---Parámetros: {params}
2025-09-25 12:15:59,273 - INFO - src.optimization 92 - Trial 90: Ganancia = 887,080,000
2025-09-25 12:16:05,101 - INFO - src.optimization 145 - Iteración 91 guardada en resultados/Prueba_completa_150trial_iteraciones.json
2025-09-25 12:16:05,101 - INFO - src.optimization 146 - Ganancia: 937,240,000---Parámetros: {params}
2025-09-25 12:16:05,101 - INFO - src.optimization 92 - Trial 91: Ganancia = 937,240,000
2025-09-25 12:16:10,894 - INFO - src.optimization 145 - Iteración 92 guardada en resultados/Prueba_completa_150trial_iteraciones.json
2025-09-25 12:16:10,894 - INFO - src.optimization 146 - Ganancia: 940,780,000---Parámetros: {params}
2025-09-25 12:16:10,894 - INFO - src.optimization 92 - Trial 92: Ganancia = 940,780,000
2025-09-25 12:16:15,836 - INFO - src.optimization 145 - Iteración 93 guardada en resultados/Prueba_completa_150trial_iteraciones.json
2025-09-25 12:16:15,836 - INFO - src.optimization 146 - Ganancia: 934,160,000---Parámetros: {params}
2025-09-25 12:16:15,836 - INFO - src.optimization 92 - Trial 93: Ganancia = 934,160,000
2025-09-25 12:16:22,464 - INFO - src.optimization 145 - Iteración 94 guardada en resultados/Prueba_completa_150trial_iteraciones.json
2025-09-25 12:16:22,464 - INFO - src.optimization 146 - Ganancia: 899,960,000---Parámetros: {params}
2025-09-25 12:16:22,464 - INFO - src.optimization 92 - Trial 94: Ganancia = 899,960,000
2025-09-25 12:16:27,706 - INFO - src.optimization 145 - Iteración 95 guardada en resultados/Prueba_completa_150trial_iteraciones.json
2025-09-25 12:16:27,706 - INFO - src.optimization 146 - Ganancia: 929,360,000---Parámetros: {params}
2025-09-25 12:16:27,706 - INFO - src.optimization 92 - Trial 95: Ganancia = 929,360,000
2025-09-25 12:16:33,877 - INFO - src.optimization 145 - Iteración 96 guardada en resultados/Prueba_completa_150trial_iteraciones.json
2025-09-25 12:16:33,877 - INFO - src.optimization 146 - Ganancia: 928,340,000---Parámetros: {params}
2025-09-25 12:16:33,877 - INFO - src.optimization 92 - Trial 96: Ganancia = 928,340,000
2025-09-25 12:16:38,377 - INFO - src.optimization 145 - Iteración 97 guardada en resultados/Prueba_completa_150trial_iteraciones.json
2025-09-25 12:16:38,377 - INFO - src.optimization 146 - Ganancia: 944,140,000---Parámetros: {params}
2025-09-25 12:16:38,377 - INFO - src.optimization 92 - Trial 97: Ganancia = 944,140,000
2025-09-25 12:16:42,945 - INFO - src.optimization 145 - Iteración 98 guardada en resultados/Prueba_completa_150trial_iteraciones.json
2025-09-25 12:16:42,946 - INFO - src.optimization 146 - Ganancia: 931,580,000---Parámetros: {params}
2025-09-25 12:16:42,946 - INFO - src.optimization 92 - Trial 98: Ganancia = 931,580,000
2025-09-25 12:16:44,711 - INFO - src.optimization 145 - Iteración 99 guardada en resultados/Prueba_completa_150trial_iteraciones.json
2025-09-25 12:16:44,711 - INFO - src.optimization 146 - Ganancia: 872,560,000---Parámetros: {params}
2025-09-25 12:16:44,711 - INFO - src.optimization 92 - Trial 99: Ganancia = 872,560,000
2025-09-25 12:16:48,655 - INFO - src.optimization 145 - Iteración 100 guardada en resultados/Prueba_completa_150trial_iteraciones.json
2025-09-25 12:16:48,655 - INFO - src.optimization 146 - Ganancia: 929,860,000---Parámetros: {params}
2025-09-25 12:16:48,655 - INFO - src.optimization 92 - Trial 100: Ganancia = 929,860,000
2025-09-25 12:16:53,326 - INFO - src.optimization 145 - Iteración 101 guardada en resultados/Prueba_completa_150trial_iteraciones.json
2025-09-25 12:16:53,327 - INFO - src.optimization 146 - Ganancia: 932,820,000---Parámetros: {params}
2025-09-25 12:16:53,327 - INFO - src.optimization 92 - Trial 101: Ganancia = 932,820,000
2025-09-25 12:16:59,167 - INFO - src.optimization 145 - Iteración 102 guardada en resultados/Prueba_completa_150trial_iteraciones.json
2025-09-25 12:16:59,167 - INFO - src.optimization 146 - Ganancia: 946,840,000---Parámetros: {params}
2025-09-25 12:16:59,167 - INFO - src.optimization 92 - Trial 102: Ganancia = 946,840,000
2025-09-25 12:17:05,284 - INFO - src.optimization 145 - Iteración 103 guardada en resultados/Prueba_completa_150trial_iteraciones.json
2025-09-25 12:17:05,284 - INFO - src.optimization 146 - Ganancia: 942,140,000---Parámetros: {params}
2025-09-25 12:17:05,284 - INFO - src.optimization 92 - Trial 103: Ganancia = 942,140,000
2025-09-25 12:17:11,210 - INFO - src.optimization 145 - Iteración 104 guardada en resultados/Prueba_completa_150trial_iteraciones.json
2025-09-25 12:17:11,211 - INFO - src.optimization 146 - Ganancia: 940,620,000---Parámetros: {params}
2025-09-25 12:17:11,211 - INFO - src.optimization 92 - Trial 104: Ganancia = 940,620,000
2025-09-25 12:17:17,033 - INFO - src.optimization 145 - Iteración 105 guardada en resultados/Prueba_completa_150trial_iteraciones.json
2025-09-25 12:17:17,033 - INFO - src.optimization 146 - Ganancia: 926,900,000---Parámetros: {params}
2025-09-25 12:17:17,033 - INFO - src.optimization 92 - Trial 105: Ganancia = 926,900,000
2025-09-25 12:17:22,136 - INFO - src.optimization 145 - Iteración 106 guardada en resultados/Prueba_completa_150trial_iteraciones.json
2025-09-25 12:17:22,136 - INFO - src.optimization 146 - Ganancia: 934,100,000---Parámetros: {params}
2025-09-25 12:17:22,136 - INFO - src.optimization 92 - Trial 106: Ganancia = 934,100,000
2025-09-25 12:17:26,503 - INFO - src.optimization 145 - Iteración 107 guardada en resultados/Prueba_completa_150trial_iteraciones.json
2025-09-25 12:17:26,504 - INFO - src.optimization 146 - Ganancia: 945,220,000---Parámetros: {params}
2025-09-25 12:17:26,504 - INFO - src.optimization 92 - Trial 107: Ganancia = 945,220,000
2025-09-25 12:17:29,978 - INFO - src.optimization 145 - Iteración 108 guardada en resultados/Prueba_completa_150trial_iteraciones.json
2025-09-25 12:17:29,978 - INFO - src.optimization 146 - Ganancia: 944,180,000---Parámetros: {params}
2025-09-25 12:17:29,978 - INFO - src.optimization 92 - Trial 108: Ganancia = 944,180,000
2025-09-25 12:17:33,480 - INFO - src.optimization 145 - Iteración 109 guardada en resultados/Prueba_completa_150trial_iteraciones.json
2025-09-25 12:17:33,480 - INFO - src.optimization 146 - Ganancia: 925,300,000---Parámetros: {params}
2025-09-25 12:17:33,480 - INFO - src.optimization 92 - Trial 109: Ganancia = 925,300,000
2025-09-25 12:17:36,971 - INFO - src.optimization 145 - Iteración 110 guardada en resultados/Prueba_completa_150trial_iteraciones.json
2025-09-25 12:17:36,972 - INFO - src.optimization 146 - Ganancia: 933,280,000---Parámetros: {params}
2025-09-25 12:17:36,972 - INFO - src.optimization 92 - Trial 110: Ganancia = 933,280,000
2025-09-25 12:17:39,762 - INFO - src.optimization 145 - Iteración 111 guardada en resultados/Prueba_completa_150trial_iteraciones.json
2025-09-25 12:17:39,763 - INFO - src.optimization 146 - Ganancia: 932,940,000---Parámetros: {params}
2025-09-25 12:17:39,763 - INFO - src.optimization 92 - Trial 111: Ganancia = 932,940,000
2025-09-25 12:17:44,191 - INFO - src.optimization 145 - Iteración 112 guardada en resultados/Prueba_completa_150trial_iteraciones.json
2025-09-25 12:17:44,192 - INFO - src.optimization 146 - Ganancia: 927,560,000---Parámetros: {params}
2025-09-25 12:17:44,192 - INFO - src.optimization 92 - Trial 112: Ganancia = 927,560,000
2025-09-25 12:17:47,852 - INFO - src.optimization 145 - Iteración 113 guardada en resultados/Prueba_completa_150trial_iteraciones.json
2025-09-25 12:17:47,852 - INFO - src.optimization 146 - Ganancia: 937,980,000---Parámetros: {params}
2025-09-25 12:17:47,852 - INFO - src.optimization 92 - Trial 113: Ganancia = 937,980,000
2025-09-25 12:17:52,052 - INFO - src.optimization 145 - Iteración 114 guardada en resultados/Prueba_completa_150trial_iteraciones.json
2025-09-25 12:17:52,052 - INFO - src.optimization 146 - Ganancia: 941,160,000---Parámetros: {params}
2025-09-25 12:17:52,052 - INFO - src.optimization 92 - Trial 114: Ganancia = 941,160,000
2025-09-25 12:17:56,075 - INFO - src.optimization 145 - Iteración 115 guardada en resultados/Prueba_completa_150trial_iteraciones.json
2025-09-25 12:17:56,075 - INFO - src.optimization 146 - Ganancia: 930,900,000---Parámetros: {params}
2025-09-25 12:17:56,075 - INFO - src.optimization 92 - Trial 115: Ganancia = 930,900,000
2025-09-25 12:18:01,220 - INFO - src.optimization 145 - Iteración 116 guardada en resultados/Prueba_completa_150trial_iteraciones.json
2025-09-25 12:18:01,221 - INFO - src.optimization 146 - Ganancia: 917,320,000---Parámetros: {params}
2025-09-25 12:18:01,221 - INFO - src.optimization 92 - Trial 116: Ganancia = 917,320,000
2025-09-25 12:18:03,904 - INFO - src.optimization 145 - Iteración 117 guardada en resultados/Prueba_completa_150trial_iteraciones.json
2025-09-25 12:18:03,904 - INFO - src.optimization 146 - Ganancia: 914,260,000---Parámetros: {params}
2025-09-25 12:18:03,904 - INFO - src.optimization 92 - Trial 117: Ganancia = 914,260,000
2025-09-25 12:18:07,454 - INFO - src.optimization 145 - Iteración 118 guardada en resultados/Prueba_completa_150trial_iteraciones.json
2025-09-25 12:18:07,454 - INFO - src.optimization 146 - Ganancia: 930,760,000---Parámetros: {params}
2025-09-25 12:18:07,454 - INFO - src.optimization 92 - Trial 118: Ganancia = 930,760,000
2025-09-25 12:18:13,734 - INFO - src.optimization 145 - Iteración 119 guardada en resultados/Prueba_completa_150trial_iteraciones.json
2025-09-25 12:18:13,734 - INFO - src.optimization 146 - Ganancia: 933,960,000---Parámetros: {params}
2025-09-25 12:18:13,734 - INFO - src.optimization 92 - Trial 119: Ganancia = 933,960,000
2025-09-25 12:18:19,788 - INFO - src.optimization 145 - Iteración 120 guardada en resultados/Prueba_completa_150trial_iteraciones.json
2025-09-25 12:18:19,788 - INFO - src.optimization 146 - Ganancia: 921,540,000---Parámetros: {params}
2025-09-25 12:18:19,789 - INFO - src.optimization 92 - Trial 120: Ganancia = 921,540,000
2025-09-25 12:18:25,827 - INFO - src.optimization 145 - Iteración 121 guardada en resultados/Prueba_completa_150trial_iteraciones.json
2025-09-25 12:18:25,827 - INFO - src.optimization 146 - Ganancia: 930,320,000---Parámetros: {params}
2025-09-25 12:18:25,827 - INFO - src.optimization 92 - Trial 121: Ganancia = 930,320,000
2025-09-25 12:18:30,378 - INFO - src.optimization 145 - Iteración 122 guardada en resultados/Prueba_completa_150trial_iteraciones.json
2025-09-25 12:18:30,378 - INFO - src.optimization 146 - Ganancia: 933,860,000---Parámetros: {params}
2025-09-25 12:18:30,378 - INFO - src.optimization 92 - Trial 122: Ganancia = 933,860,000
2025-09-25 12:18:36,340 - INFO - src.optimization 145 - Iteración 123 guardada en resultados/Prueba_completa_150trial_iteraciones.json
2025-09-25 12:18:36,340 - INFO - src.optimization 146 - Ganancia: 941,300,000---Parámetros: {params}
2025-09-25 12:18:36,340 - INFO - src.optimization 92 - Trial 123: Ganancia = 941,300,000
2025-09-25 12:18:42,335 - INFO - src.optimization 145 - Iteración 124 guardada en resultados/Prueba_completa_150trial_iteraciones.json
2025-09-25 12:18:42,335 - INFO - src.optimization 146 - Ganancia: 932,300,000---Parámetros: {params}
2025-09-25 12:18:42,336 - INFO - src.optimization 92 - Trial 124: Ganancia = 932,300,000
2025-09-25 12:18:48,296 - INFO - src.optimization 145 - Iteración 125 guardada en resultados/Prueba_completa_150trial_iteraciones.json
2025-09-25 12:18:48,297 - INFO - src.optimization 146 - Ganancia: 931,420,000---Parámetros: {params}
2025-09-25 12:18:48,297 - INFO - src.optimization 92 - Trial 125: Ganancia = 931,420,000
2025-09-25 12:18:53,450 - INFO - src.optimization 145 - Iteración 126 guardada en resultados/Prueba_completa_150trial_iteraciones.json
2025-09-25 12:18:53,450 - INFO - src.optimization 146 - Ganancia: 927,520,000---Parámetros: {params}
2025-09-25 12:18:53,450 - INFO - src.optimization 92 - Trial 126: Ganancia = 927,520,000
2025-09-25 12:18:58,629 - INFO - src.optimization 145 - Iteración 127 guardada en resultados/Prueba_completa_150trial_iteraciones.json
2025-09-25 12:18:58,630 - INFO - src.optimization 146 - Ganancia: 929,460,000---Parámetros: {params}
2025-09-25 12:18:58,630 - INFO - src.optimization 92 - Trial 127: Ganancia = 929,460,000
2025-09-25 12:19:05,518 - INFO - src.optimization 145 - Iteración 128 guardada en resultados/Prueba_completa_150trial_iteraciones.json
2025-09-25 12:19:05,518 - INFO - src.optimization 146 - Ganancia: 930,880,000---Parámetros: {params}
2025-09-25 12:19:05,518 - INFO - src.optimization 92 - Trial 128: Ganancia = 930,880,000
2025-09-25 12:19:11,368 - INFO - src.optimization 145 - Iteración 129 guardada en resultados/Prueba_completa_150trial_iteraciones.json
2025-09-25 12:19:11,369 - INFO - src.optimization 146 - Ganancia: 936,480,000---Parámetros: {params}
2025-09-25 12:19:11,369 - INFO - src.optimization 92 - Trial 129: Ganancia = 936,480,000
2025-09-25 12:19:18,145 - INFO - src.optimization 145 - Iteración 130 guardada en resultados/Prueba_completa_150trial_iteraciones.json
2025-09-25 12:19:18,146 - INFO - src.optimization 146 - Ganancia: 941,540,000---Parámetros: {params}
2025-09-25 12:19:18,146 - INFO - src.optimization 92 - Trial 130: Ganancia = 941,540,000
2025-09-25 12:19:24,950 - INFO - src.optimization 145 - Iteración 131 guardada en resultados/Prueba_completa_150trial_iteraciones.json
2025-09-25 12:19:24,950 - INFO - src.optimization 146 - Ganancia: 936,160,000---Parámetros: {params}
2025-09-25 12:19:24,950 - INFO - src.optimization 92 - Trial 131: Ganancia = 936,160,000
2025-09-25 12:19:30,122 - INFO - src.optimization 145 - Iteración 132 guardada en resultados/Prueba_completa_150trial_iteraciones.json
2025-09-25 12:19:30,122 - INFO - src.optimization 146 - Ganancia: 928,180,000---Parámetros: {params}
2025-09-25 12:19:30,122 - INFO - src.optimization 92 - Trial 132: Ganancia = 928,180,000
2025-09-25 12:19:36,154 - INFO - src.optimization 145 - Iteración 133 guardada en resultados/Prueba_completa_150trial_iteraciones.json
2025-09-25 12:19:36,155 - INFO - src.optimization 146 - Ganancia: 933,980,000---Parámetros: {params}
2025-09-25 12:19:36,155 - INFO - src.optimization 92 - Trial 133: Ganancia = 933,980,000
2025-09-25 12:19:41,456 - INFO - src.optimization 145 - Iteración 134 guardada en resultados/Prueba_completa_150trial_iteraciones.json
2025-09-25 12:19:41,456 - INFO - src.optimization 146 - Ganancia: 936,860,000---Parámetros: {params}
2025-09-25 12:19:41,456 - INFO - src.optimization 92 - Trial 134: Ganancia = 936,860,000
2025-09-25 12:19:48,306 - INFO - src.optimization 145 - Iteración 135 guardada en resultados/Prueba_completa_150trial_iteraciones.json
2025-09-25 12:19:48,306 - INFO - src.optimization 146 - Ganancia: 938,320,000---Parámetros: {params}
2025-09-25 12:19:48,306 - INFO - src.optimization 92 - Trial 135: Ganancia = 938,320,000
2025-09-25 12:19:53,776 - INFO - src.optimization 145 - Iteración 136 guardada en resultados/Prueba_completa_150trial_iteraciones.json
2025-09-25 12:19:53,777 - INFO - src.optimization 146 - Ganancia: 929,020,000---Parámetros: {params}
2025-09-25 12:19:53,777 - INFO - src.optimization 92 - Trial 136: Ganancia = 929,020,000
2025-09-25 12:20:00,979 - INFO - src.optimization 145 - Iteración 137 guardada en resultados/Prueba_completa_150trial_iteraciones.json
2025-09-25 12:20:00,979 - INFO - src.optimization 146 - Ganancia: 917,940,000---Parámetros: {params}
2025-09-25 12:20:00,979 - INFO - src.optimization 92 - Trial 137: Ganancia = 917,940,000
2025-09-25 12:20:05,144 - INFO - src.optimization 145 - Iteración 138 guardada en resultados/Prueba_completa_150trial_iteraciones.json
2025-09-25 12:20:05,144 - INFO - src.optimization 146 - Ganancia: 928,340,000---Parámetros: {params}
2025-09-25 12:20:05,144 - INFO - src.optimization 92 - Trial 138: Ganancia = 928,340,000
2025-09-25 12:20:09,380 - INFO - src.optimization 145 - Iteración 139 guardada en resultados/Prueba_completa_150trial_iteraciones.json
2025-09-25 12:20:09,380 - INFO - src.optimization 146 - Ganancia: 939,900,000---Parámetros: {params}
2025-09-25 12:20:09,380 - INFO - src.optimization 92 - Trial 139: Ganancia = 939,900,000
2025-09-25 12:20:15,663 - INFO - src.optimization 145 - Iteración 140 guardada en resultados/Prueba_completa_150trial_iteraciones.json
2025-09-25 12:20:15,663 - INFO - src.optimization 146 - Ganancia: 930,920,000---Parámetros: {params}
2025-09-25 12:20:15,663 - INFO - src.optimization 92 - Trial 140: Ganancia = 930,920,000
2025-09-25 12:20:21,191 - INFO - src.optimization 145 - Iteración 141 guardada en resultados/Prueba_completa_150trial_iteraciones.json
2025-09-25 12:20:21,191 - INFO - src.optimization 146 - Ganancia: 933,920,000---Parámetros: {params}
2025-09-25 12:20:21,191 - INFO - src.optimization 92 - Trial 141: Ganancia = 933,920,000
2025-09-25 12:20:27,074 - INFO - src.optimization 145 - Iteración 142 guardada en resultados/Prueba_completa_150trial_iteraciones.json
2025-09-25 12:20:27,074 - INFO - src.optimization 146 - Ganancia: 938,560,000---Parámetros: {params}
2025-09-25 12:20:27,074 - INFO - src.optimization 92 - Trial 142: Ganancia = 938,560,000
2025-09-25 12:20:32,601 - INFO - src.optimization 145 - Iteración 143 guardada en resultados/Prueba_completa_150trial_iteraciones.json
2025-09-25 12:20:32,601 - INFO - src.optimization 146 - Ganancia: 942,280,000---Parámetros: {params}
2025-09-25 12:20:32,601 - INFO - src.optimization 92 - Trial 143: Ganancia = 942,280,000
2025-09-25 12:20:38,109 - INFO - src.optimization 145 - Iteración 144 guardada en resultados/Prueba_completa_150trial_iteraciones.json
2025-09-25 12:20:38,110 - INFO - src.optimization 146 - Ganancia: 939,000,000---Parámetros: {params}
2025-09-25 12:20:38,110 - INFO - src.optimization 92 - Trial 144: Ganancia = 939,000,000
2025-09-25 12:20:44,652 - INFO - src.optimization 145 - Iteración 145 guardada en resultados/Prueba_completa_150trial_iteraciones.json
2025-09-25 12:20:44,652 - INFO - src.optimization 146 - Ganancia: 920,120,000---Parámetros: {params}
2025-09-25 12:20:44,652 - INFO - src.optimization 92 - Trial 145: Ganancia = 920,120,000
2025-09-25 12:20:50,868 - INFO - src.optimization 145 - Iteración 146 guardada en resultados/Prueba_completa_150trial_iteraciones.json
2025-09-25 12:20:50,869 - INFO - src.optimization 146 - Ganancia: 935,280,000---Parámetros: {params}
2025-09-25 12:20:50,869 - INFO - src.optimization 92 - Trial 146: Ganancia = 935,280,000
2025-09-25 12:20:55,685 - INFO - src.optimization 145 - Iteración 147 guardada en resultados/Prueba_completa_150trial_iteraciones.json
2025-09-25 12:20:55,685 - INFO - src.optimization 146 - Ganancia: 932,760,000---Parámetros: {params}
2025-09-25 12:20:55,685 - INFO - src.optimization 92 - Trial 147: Ganancia = 932,760,000
2025-09-25 12:21:01,308 - INFO - src.optimization 145 - Iteración 148 guardada en resultados/Prueba_completa_150trial_iteraciones.json
2025-09-25 12:21:01,308 - INFO - src.optimization 146 - Ganancia: 938,720,000---Parámetros: {params}
2025-09-25 12:21:01,308 - INFO - src.optimization 92 - Trial 148: Ganancia = 938,720,000
2025-09-25 12:21:08,732 - INFO - src.optimization 145 - Iteración 149 guardada en resultados/Prueba_completa_150trial_iteraciones.json
2025-09-25 12:21:08,732 - INFO - src.optimization 146 - Ganancia: 919,300,000---Parámetros: {params}
2025-09-25 12:21:08,732 - INFO - src.optimization 92 - Trial 149: Ganancia = 919,300,000
2025-09-25 12:21:08,759 - INFO - src.optimization 186 - Mejor ganancia: 947,840,000
2025-09-25 12:21:08,759 - INFO - src.optimization 187 - Mejores parámetros: {'num_leaves': 277, 'learning_rate': 0.1289874220342769, 'feature_fraction': 0.5789929175721357, 'bagging_fraction': 0.8553100223409266, 'min_child_samples': 48, 'max_depth': 10, 'reg_alpha': 2.5664423192156685, 'reg_lambda': 3.029875429940625}
2025-09-25 12:21:08,759 - INFO - __main__ 53 - === ANÁLISIS DE RESULTADOS ===
2025-09-25 12:21:08,765 - INFO - __main__ 57 - Top 5 mejores trials:
2025-09-25 12:21:08,765 - INFO - __main__ 59 -   Trial 86: 947,840,000
2025-09-25 12:21:08,765 - INFO - __main__ 59 -   Trial 102: 946,840,000
2025-09-25 12:21:08,765 - INFO - __main__ 59 -   Trial 107: 945,220,000
2025-09-25 12:21:08,765 - INFO - __main__ 59 -   Trial 73: 945,080,000
2025-09-25 12:21:08,765 - INFO - __main__ 59 -   Trial 41: 945,000,000
2025-09-25 12:21:08,765 - INFO - __main__ 61 - === OPTIMIZACIÓN COMPLETADA ===
2025-09-25 12:21:08,765 - INFO - __main__ 64 - === EVALUACIÓN EN CONJUNTO DE TEST ===
2025-09-25 12:21:08,766 - INFO - src.best_params 34 - Mejores hiperparámetros cargados desde resultados/Prueba_completa_150trial_iteraciones.json
2025-09-25 12:21:08,766 - INFO - src.best_params 35 - Mejor ganancia encontrada: 947,840,000
2025-09-25 12:21:08,766 - INFO - src.best_params 36 - Trial número: 86
2025-09-25 12:21:08,766 - INFO - src.best_params 37 - Parámetros: {'num_leaves': 277, 'learning_rate': 0.1289874220342769, 'feature_fraction': 0.5789929175721357, 'bagging_fraction': 0.8553100223409266, 'min_child_samples': 48, 'max_depth': 10, 'reg_alpha': 2.5664423192156685, 'reg_lambda': 3.029875429940625}
2025-09-25 12:21:08,766 - INFO - src.optimization 206 - === EVALUACIÓN EN CONJUNTO DE TEST ===
2025-09-25 12:21:08,766 - INFO - src.optimization 207 - Período de test: 202104
2025-09-25 12:21:15,601 - INFO - src.optimization 311 - Resultados guardados en resultados/Prueba_completa_150trial_test_results.json
2025-09-25 12:21:15,602 - INFO - __main__ 75 - === RESUMEN DE EVALUACIÓN EN TEST ===
2025-09-25 12:21:15,602 - INFO - __main__ 76 - ✅ Ganancia en test: 975,160,000
2025-09-25 12:21:15,602 - INFO - __main__ 77 - 🎯 Predicciones positivas: 18,282 (11.19%)
2025-09-25 12:21:15,602 - INFO - __main__ 80 - === GRAFICO DE TEST ===
2025-09-25 12:21:15,602 - INFO - src.grafico_test 159 - === INICIANDO GENERACIÓN DE GRÁFICO DE TEST ===
2025-09-25 12:21:15,602 - INFO - src.best_params 34 - Mejores hiperparámetros cargados desde resultados/Prueba_completa_150trial_iteraciones.json
2025-09-25 12:21:15,602 - INFO - src.best_params 35 - Mejor ganancia encontrada: 947,840,000
2025-09-25 12:21:15,602 - INFO - src.best_params 36 - Trial número: 86
2025-09-25 12:21:15,602 - INFO - src.best_params 37 - Parámetros: {'num_leaves': 277, 'learning_rate': 0.1289874220342769, 'feature_fraction': 0.5789929175721357, 'bagging_fraction': 0.8553100223409266, 'min_child_samples': 48, 'max_depth': 10, 'reg_alpha': 2.5664423192156685, 'reg_lambda': 3.029875429940625}
2025-09-25 12:21:15,602 - INFO - src.optimization 206 - === EVALUACIÓN EN CONJUNTO DE TEST ===
2025-09-25 12:21:15,602 - INFO - src.optimization 207 - Período de test: 202104
2025-09-25 12:21:59,645 - INFO - src.grafico_test 71 - Probabilidades guardadas en: resultados/Prueba_completa_150trial_probabilidades_20250925_122159.csv
2025-09-25 12:21:59,914 - INFO - src.grafico_test 137 - Gráfico mejorado guardado en: resultados/Prueba_completa_150trial_grafico_test_20250925_122159.jpg
2025-09-25 12:21:59,914 - INFO - src.grafico_test 138 - Estadísticas del gráfico:
2025-09-25 12:21:59,914 - INFO - src.grafico_test 139 -   - Ganancia máxima: 985,380,000
2025-09-25 12:21:59,914 - INFO - src.grafico_test 140 -   - Corte ideal en cliente: 14,930
2025-09-25 12:21:59,914 - INFO - src.grafico_test 141 -   - Umbral de filtrado: 650,350,800 (66% del máximo)
2025-09-25 12:21:59,914 - INFO - src.grafico_test 142 -   - Corte 0.025 en cliente: 18,282
2025-09-25 12:21:59,914 - INFO - src.grafico_test 143 -   - Clientes sobre 0.025: 18,282 (11.2%)
2025-09-25 12:21:59,914 - INFO - src.grafico_test 144 -   - Puntos mostrados: 40817 de 163418 totales
2025-09-25 12:21:59,914 - INFO - src.grafico_test 182 - === GRÁFICO DE TEST COMPLETADO ===
2025-09-25 12:21:59,922 - INFO - __main__ 82 - ✅ Gráfico generado: resultados/Prueba_completa_150trial_grafico_test_20250925_122159.jpg
2025-09-25 12:21:59,922 - INFO - __main__ 85 - === ENTRENAMIENTO FINAL ===
2025-09-25 12:21:59,922 - INFO - __main__ 86 - Preparar datos para entrenamiento final
2025-09-25 12:21:59,922 - INFO - src.final_training 24 - Preparando datos para entrenamiento final
2025-09-25 12:21:59,922 - INFO - src.final_training 25 - Períodos de entrenamiento: [202101, 202102, 202103, 202104]
2025-09-25 12:21:59,922 - INFO - src.final_training 26 - Período de predicción: 202106
2025-09-25 12:22:00,702 - INFO - src.final_training 42 - Datos preparados para entrenamiento final
2025-09-25 12:22:00,702 - INFO - src.final_training 43 - X_train shape: (650209, 160)
2025-09-25 12:22:00,702 - INFO - src.final_training 44 - y_train shape: (650209,)
2025-09-25 12:22:00,703 - INFO - src.final_training 45 - X_predic shape: (164313, 160)
2025-09-25 12:22:00,703 - INFO - src.final_training 46 - clientes_predic shape: (164313,)
2025-09-25 12:22:00,717 - INFO - __main__ 90 - Entrenar modelo final
2025-09-25 12:22:00,717 - INFO - src.final_training 62 - Iniciando entrenamiento del modelo final
2025-09-25 12:22:00,717 - INFO - src.final_training 77 - Entrenando modelo...
2025-09-25 12:22:51,987 - INFO - __main__ 94 - Generar predicciones finales
2025-09-25 12:22:51,989 - INFO - src.final_training 103 - Generando predicciones finales
2025-09-25 12:22:53,626 - INFO - src.final_training 122 - Predicciones generadas:
2025-09-25 12:22:53,626 - INFO - src.final_training 123 -   Total clientes: 164,313
2025-09-25 12:22:53,626 - INFO - src.final_training 124 -   Predicciones positivas: 4,095 (2.49%)
2025-09-25 12:22:53,626 - INFO - src.final_training 125 -   Predicciones negativas: 160,218
2025-09-25 12:22:53,626 - INFO - src.final_training 126 -   Umbral utilizado: 0.025
2025-09-25 12:22:53,626 - INFO - __main__ 98 - Guardar predicciones
2025-09-25 12:22:53,673 - INFO - src.output_manager 52 - Predicciones guardadas en: predict/Prueba_completa_150trial_20250925_122253.csv
2025-09-25 12:22:53,673 - INFO - src.output_manager 53 - Formato del archivo:
2025-09-25 12:22:53,673 - INFO - src.output_manager 54 -   Columnas: ['numero_cliente', 'predict']
2025-09-25 12:22:53,673 - INFO - src.output_manager 55 -   Registros: 164,313
2025-09-25 12:22:53,673 - INFO - src.output_manager 56 -   Primeras filas:
2025-09-25 12:22:53,675 - INFO - src.output_manager 57 -    numero_cliente  predict
0       249257429        0
1       249293450        0
2       249321238        0
3       249608933        0
4       249649702        0
2025-09-25 12:22:53,675 - INFO - __main__ 103 - === RESUMEN FINAL ===
2025-09-25 12:22:53,675 - INFO - __main__ 104 - ✅ Entrenamiento final completado exitosamente
2025-09-25 12:22:53,675 - INFO - __main__ 105 - 📊 Mejores hiperparámetros utilizados: {'num_leaves': 277, 'learning_rate': 0.1289874220342769, 'feature_fraction': 0.5789929175721357, 'bagging_fraction': 0.8553100223409266, 'min_child_samples': 48, 'max_depth': 10, 'reg_alpha': 2.5664423192156685, 'reg_lambda': 3.029875429940625, 'verbose': -1}
2025-09-25 12:22:53,675 - INFO - __main__ 106 - 🎯 Períodos de entrenamiento: [202101, 202102, 202103, 202104]
2025-09-25 12:22:53,675 - INFO - __main__ 107 - 🔮 Período de predicción: 202106
2025-09-25 12:22:53,675 - INFO - __main__ 108 - 📁 Archivo de salida: predict/Prueba_completa_150trial_20250925_122253.csv
2025-09-25 12:22:53,675 - INFO - __main__ 109 - 📝 Log detallado: logs/log_Prueba_completa_150trial_2025-09-25 12:08:07.log
2025-09-25 12:22:53,675 - INFO - __main__ 112 - >>> Ejecución finalizada. Revisar logs para mas detalles.
